Archive member included to satisfy reference by file (symbol)

d:/programs/stm32cubeide/stm32cubeide_1.7.0/stm32cubeide/plugins/com.st.stm32cube.ide.mcu.externaltools.gnu-tools-for-stm32.9-2020-q2-update.win32_2.0.0.202105311346/tools/bin/../lib/gcc/arm-none-eabi/9.3.1/../../../../arm-none-eabi/lib/thumb/v7e-m+fp/hard\libc_nano.a(lib_a-errno.o)
                              ./Core/Src/syscalls.o (__errno)
d:/programs/stm32cubeide/stm32cubeide_1.7.0/stm32cubeide/plugins/com.st.stm32cube.ide.mcu.externaltools.gnu-tools-for-stm32.9-2020-q2-update.win32_2.0.0.202105311346/tools/bin/../lib/gcc/arm-none-eabi/9.3.1/../../../../arm-none-eabi/lib/thumb/v7e-m+fp/hard\libc_nano.a(lib_a-exit.o)
                              d:/programs/stm32cubeide/stm32cubeide_1.7.0/stm32cubeide/plugins/com.st.stm32cube.ide.mcu.externaltools.gnu-tools-for-stm32.9-2020-q2-update.win32_2.0.0.202105311346/tools/bin/../lib/gcc/arm-none-eabi/9.3.1/../../../../arm-none-eabi/lib/thumb/v7e-m+fp/hard/crt0.o (exit)
d:/programs/stm32cubeide/stm32cubeide_1.7.0/stm32cubeide/plugins/com.st.stm32cube.ide.mcu.externaltools.gnu-tools-for-stm32.9-2020-q2-update.win32_2.0.0.202105311346/tools/bin/../lib/gcc/arm-none-eabi/9.3.1/../../../../arm-none-eabi/lib/thumb/v7e-m+fp/hard\libc_nano.a(lib_a-impure.o)
                              d:/programs/stm32cubeide/stm32cubeide_1.7.0/stm32cubeide/plugins/com.st.stm32cube.ide.mcu.externaltools.gnu-tools-for-stm32.9-2020-q2-update.win32_2.0.0.202105311346/tools/bin/../lib/gcc/arm-none-eabi/9.3.1/../../../../arm-none-eabi/lib/thumb/v7e-m+fp/hard\libc_nano.a(lib_a-exit.o) (_global_impure_ptr)
d:/programs/stm32cubeide/stm32cubeide_1.7.0/stm32cubeide/plugins/com.st.stm32cube.ide.mcu.externaltools.gnu-tools-for-stm32.9-2020-q2-update.win32_2.0.0.202105311346/tools/bin/../lib/gcc/arm-none-eabi/9.3.1/../../../../arm-none-eabi/lib/thumb/v7e-m+fp/hard\libc_nano.a(lib_a-init.o)
                              d:/programs/stm32cubeide/stm32cubeide_1.7.0/stm32cubeide/plugins/com.st.stm32cube.ide.mcu.externaltools.gnu-tools-for-stm32.9-2020-q2-update.win32_2.0.0.202105311346/tools/bin/../lib/gcc/arm-none-eabi/9.3.1/../../../../arm-none-eabi/lib/thumb/v7e-m+fp/hard/crt0.o (__libc_init_array)
d:/programs/stm32cubeide/stm32cubeide_1.7.0/stm32cubeide/plugins/com.st.stm32cube.ide.mcu.externaltools.gnu-tools-for-stm32.9-2020-q2-update.win32_2.0.0.202105311346/tools/bin/../lib/gcc/arm-none-eabi/9.3.1/../../../../arm-none-eabi/lib/thumb/v7e-m+fp/hard\libc_nano.a(lib_a-memcpy-stub.o)
                              ./Core/Src/dt_cls_inference.o (memcpy)
d:/programs/stm32cubeide/stm32cubeide_1.7.0/stm32cubeide/plugins/com.st.stm32cube.ide.mcu.externaltools.gnu-tools-for-stm32.9-2020-q2-update.win32_2.0.0.202105311346/tools/bin/../lib/gcc/arm-none-eabi/9.3.1/../../../../arm-none-eabi/lib/thumb/v7e-m+fp/hard\libc_nano.a(lib_a-memset.o)
                              d:/programs/stm32cubeide/stm32cubeide_1.7.0/stm32cubeide/plugins/com.st.stm32cube.ide.mcu.externaltools.gnu-tools-for-stm32.9-2020-q2-update.win32_2.0.0.202105311346/tools/bin/../lib/gcc/arm-none-eabi/9.3.1/../../../../arm-none-eabi/lib/thumb/v7e-m+fp/hard/crt0.o (memset)
d:/programs/stm32cubeide/stm32cubeide_1.7.0/stm32cubeide/plugins/com.st.stm32cube.ide.mcu.externaltools.gnu-tools-for-stm32.9-2020-q2-update.win32_2.0.0.202105311346/tools/bin/../lib/gcc/arm-none-eabi/9.3.1/../../../../arm-none-eabi/lib/thumb/v7e-m+fp/hard\libm.a(lib_a-sf_fmax.o)
                              ./Core/Src/hdr_feature_extraction.o (fmaxf)
d:/programs/stm32cubeide/stm32cubeide_1.7.0/stm32cubeide/plugins/com.st.stm32cube.ide.mcu.externaltools.gnu-tools-for-stm32.9-2020-q2-update.win32_2.0.0.202105311346/tools/bin/../lib/gcc/arm-none-eabi/9.3.1/../../../../arm-none-eabi/lib/thumb/v7e-m+fp/hard\libm.a(lib_a-sf_fpclassify.o)
                              d:/programs/stm32cubeide/stm32cubeide_1.7.0/stm32cubeide/plugins/com.st.stm32cube.ide.mcu.externaltools.gnu-tools-for-stm32.9-2020-q2-update.win32_2.0.0.202105311346/tools/bin/../lib/gcc/arm-none-eabi/9.3.1/../../../../arm-none-eabi/lib/thumb/v7e-m+fp/hard\libm.a(lib_a-sf_fmax.o) (__fpclassifyf)
d:/programs/stm32cubeide/stm32cubeide_1.7.0/stm32cubeide/plugins/com.st.stm32cube.ide.mcu.externaltools.gnu-tools-for-stm32.9-2020-q2-update.win32_2.0.0.202105311346/tools/bin/../lib/gcc/arm-none-eabi/9.3.1/../../../../arm-none-eabi/lib/thumb/v7e-m+fp/hard\libm.a(lib_a-wf_pow.o)
                              ./Core/Src/hdr_feature_extraction.o (powf)
d:/programs/stm32cubeide/stm32cubeide_1.7.0/stm32cubeide/plugins/com.st.stm32cube.ide.mcu.externaltools.gnu-tools-for-stm32.9-2020-q2-update.win32_2.0.0.202105311346/tools/bin/../lib/gcc/arm-none-eabi/9.3.1/../../../../arm-none-eabi/lib/thumb/v7e-m+fp/hard\libm.a(lib_a-ef_pow.o)
[...]
Memory Configuration

Name             Origin             Length             Attributes
RAM              0x0000000020000000 0x0000000000050000 xrw
FLASH            0x0000000008000000 0x0000000000100000 xr
QSPI             0x0000000090000000 0x0000000001000000 xr
SDRAM            0x00000000c0000000 0x0000000000800000 rw !l
*default*        0x0000000000000000 0xffffffffffffffff

Linker script and memory map

LOAD d:/programs/stm32cubeide/stm32cubeide_1.7.0/stm32cubeide/plugins/com.st.stm32cube.ide.mcu.externaltools.gnu-tools-for-stm32.9-2020-q2-update.win32_2.0.0.202105311346/tools/bin/../lib/gcc/arm-none-eabi/9.3.1/thumb/v7e-m+fp/hard/crti.o
LOAD d:/programs/stm32cubeide/stm32cubeide_1.7.0/stm32cubeide/plugins/com.st.stm32cube.ide.mcu.externaltools.gnu-tools-for-stm32.9-2020-q2-update.win32_2.0.0.202105311346/tools/bin/../lib/gcc/arm-none-eabi/9.3.1/thumb/v7e-m+fp/hard/crtbegin.o
LOAD d:/programs/stm32cubeide/stm32cubeide_1.7.0/stm32cubeide/plugins/com.st.stm32cube.ide.mcu.externaltools.gnu-tools-for-stm32.9-2020-q2-update.win32_2.0.0.202105311346/tools/bin/../lib/gcc/arm-none-eabi/9.3.1/../../../../arm-none-eabi/lib/thumb/v7e-m+fp/hard/crt0.o
LOAD ./Core/Src/dt_cls_config.o
LOAD ./Core/Src/dt_cls_inference.o
LOAD ./Core/Src/hdr_feature_extraction.o
LOAD ./Core/Src/lib_image.o
LOAD ./Core/Src/lib_mpu.o
LOAD ./Core/Src/lib_ov5640.o
LOAD ./Core/Src/lib_rgb2gray.o
LOAD ./Core/Src/lib_serial.o
LOAD ./Core/Src/lib_serialimage.o
LOAD ./Core/Src/lib_slidingwindow.o
LOAD ./Core/Src/main.o
LOAD ./Core/Src/ov5640.o
LOAD ./Core/Src/ov5640_reg.o
LOAD ./Core/Src/stm32f7xx_hal_msp.o
LOAD ./Core/Src/stm32f7xx_it.o
LOAD ./Core/Src/syscalls.o
LOAD ./Core/Src/sysmem.o
LOAD ./Core/Src/system_stm32f7xx.o
LOAD ./Core/Startup/startup_stm32f746nghx.o
LOAD ./Drivers/BSP/STM32746G-Discovery/stm32746g_discovery_sdram.o
LOAD ./Drivers/STM32F7xx_HAL_Driver/Src/stm32f7xx_hal.o
LOAD ./Drivers/STM32F7xx_HAL_Driver/Src/stm32f7xx_hal_cortex.o
LOAD ./Drivers/STM32F7xx_HAL_Driver/Src/stm32f7xx_hal_dcmi.o
LOAD ./Drivers/STM32F7xx_HAL_Driver/Src/stm32f7xx_hal_dcmi_ex.o
LOAD ./Drivers/STM32F7xx_HAL_Driver/Src/stm32f7xx_hal_dma.o
LOAD ./Drivers/STM32F7xx_HAL_Driver/Src/stm32f7xx_hal_dma_ex.o
LOAD ./Drivers/STM32F7xx_HAL_Driver/Src/stm32f7xx_hal_exti.o
LOAD ./Drivers/STM32F7xx_HAL_Driver/Src/stm32f7xx_hal_flash.o
LOAD ./Drivers/STM32F7xx_HAL_Driver/Src/stm32f7xx_hal_flash_ex.o
LOAD ./Drivers/STM32F7xx_HAL_Driver/Src/stm32f7xx_hal_gpio.o
LOAD ./Drivers/STM32F7xx_HAL_Driver/Src/stm32f7xx_hal_i2c.o
LOAD ./Drivers/STM32F7xx_HAL_Driver/Src/stm32f7xx_hal_i2c_ex.o
LOAD ./Drivers/STM32F7xx_HAL_Driver/Src/stm32f7xx_hal_pwr.o
LOAD ./Drivers/STM32F7xx_HAL_Driver/Src/stm32f7xx_hal_pwr_ex.o
LOAD ./Drivers/STM32F7xx_HAL_Driver/Src/stm32f7xx_hal_rcc.o
LOAD ./Drivers/STM32F7xx_HAL_Driver/Src/stm32f7xx_hal_rcc_ex.o
LOAD ./Drivers/STM32F7xx_HAL_Driver/Src/stm32f7xx_hal_sdram.o
LOAD ./Drivers/STM32F7xx_HAL_Driver/Src/stm32f7xx_hal_tim.o
LOAD ./Drivers/STM32F7xx_HAL_Driver/Src/stm32f7xx_hal_tim_ex.o
LOAD ./Drivers/STM32F7xx_HAL_Driver/Src/stm32f7xx_hal_uart.o
LOAD ./Drivers/STM32F7xx_HAL_Driver/Src/stm32f7xx_hal_uart_ex.o
LOAD ./Drivers/STM32F7xx_HAL_Driver/Src/stm32f7xx_ll_fmc.o
START GROUP
LOAD d:/programs/stm32cubeide/stm32cubeide_1.7.0/stm32cubeide/plugins/com.st.stm32cube.ide.mcu.externaltools.gnu-tools-for-stm32.9-2020-q2-update.win32_2.0.0.202105311346/tools/bin/../lib/gcc/arm-none-eabi/9.3.1/../../../../arm-none-eabi/lib/thumb/v7e-m+fp/hard\libc_nano.a
LOAD d:/programs/stm32cubeide/stm32cubeide_1.7.0/stm32cubeide/plugins/com.st.stm32cube.ide.mcu.externaltools.gnu-tools-for-stm32.9-2020-q2-update.win32_2.0.0.202105311346/tools/bin/../lib/gcc/arm-none-eabi/9.3.1/../../../../arm-none-eabi/lib/thumb/v7e-m+fp/hard\libm.a
END GROUP
START GROUP
LOAD d:/programs/stm32cubeide/stm32cubeide_1.7.0/stm32cubeide/plugins/com.st.stm32cube.ide.mcu.externaltools.gnu-tools-for-stm32.9-2020-q2-update.win32_2.0.0.202105311346/tools/bin/../lib/gcc/arm-none-eabi/9.3.1/thumb/v7e-m+fp/hard\libgcc.a
LOAD d:/programs/stm32cubeide/stm32cubeide_1.7.0/stm32cubeide/plugins/com.st.stm32cube.ide.mcu.externaltools.gnu-tools-for-stm32.9-2020-q2-update.win32_2.0.0.202105311346/tools/bin/../lib/gcc/arm-none-eabi/9.3.1/../../../../arm-none-eabi/lib/thumb/v7e-m+fp/hard\libc_nano.a
END GROUP
START GROUP
LOAD d:/programs/stm32cubeide/stm32cubeide_1.7.0/stm32cubeide/plugins/com.st.stm32cube.ide.mcu.externaltools.gnu-tools-for-stm32.9-2020-q2-update.win32_2.0.0.202105311346/tools/bin/../lib/gcc/arm-none-eabi/9.3.1/thumb/v7e-m+fp/hard\libgcc.a
LOAD d:/programs/stm32cubeide/stm32cubeide_1.7.0/stm32cubeide/plugins/com.st.stm32cube.ide.mcu.externaltools.gnu-tools-for-stm32.9-2020-q2-update.win32_2.0.0.202105311346/tools/bin/../lib/gcc/arm-none-eabi/9.3.1/../../../../arm-none-eabi/lib/thumb/v7e-m+fp/hard\libc_nano.a
LOAD d:/programs/stm32cubeide/stm32cubeide_1.7.0/stm32cubeide/plugins/com.st.stm32cube.ide.mcu.externaltools.gnu-tools-for-stm32.9-2020-q2-update.win32_2.0.0.202105311346/tools/bin/../lib/gcc/arm-none-eabi/9.3.1/../../../../arm-none-eabi/lib/thumb/v7e-m+fp/hard\libnosys.a
END GROUP
START GROUP
LOAD d:/programs/stm32cubeide/stm32cubeide_1.7.0/stm32cubeide/plugins/com.st.stm32cube.ide.mcu.externaltools.gnu-tools-for-stm32.9-2020-q2-update.win32_2.0.0.202105311346/tools/bin/../lib/gcc/arm-none-eabi/9.3.1/thumb/v7e-m+fp/hard\libgcc.a
LOAD d:/programs/stm32cubeide/stm32cubeide_1.7.0/stm32cubeide/plugins/com.st.stm32cube.ide.mcu.externaltools.gnu-tools-for-stm32.9-2020-q2-update.win32_2.0.0.202105311346/tools/bin/../lib/gcc/arm-none-eabi/9.3.1/../../../../arm-none-eabi/lib/thumb/v7e-m+fp/hard\libc_nano.a
LOAD d:/programs/stm32cubeide/stm32cubeide_1.7.0/stm32cubeide/plugins/com.st.stm32cube.ide.mcu.externaltools.gnu-tools-for-stm32.9-2020-q2-update.win32_2.0.0.202105311346/tools/bin/../lib/gcc/arm-none-eabi/9.3.1/../../../../arm-none-eabi/lib/thumb/v7e-m+fp/hard\libnosys.a
END GROUP
LOAD d:/programs/stm32cubeide/stm32cubeide_1.7.0/stm32cubeide/plugins/com.st.stm32cube.ide.mcu.externaltools.gnu-tools-for-stm32.9-2020-q2-update.win32_2.0.0.202105311346/tools/bin/../lib/gcc/arm-none-eabi/9.3.1/thumb/v7e-m+fp/hard/crtend.o
LOAD d:/programs/stm32cubeide/stm32cubeide_1.7.0/stm32cubeide/plugins/com.st.stm32cube.ide.mcu.externaltools.gnu-tools-for-stm32.9-2020-q2-update.win32_2.0.0.202105311346/tools/bin/../lib/gcc/arm-none-eabi/9.3.1/thumb/v7e-m+fp/hard/crtn.o
                0x0000000020050000                _estack = (ORIGIN (RAM) + LENGTH (RAM))
                0x0000000000000200                _Min_Heap_Size = 0x200
                0x0000000000000400                _Min_Stack_Size = 0x400
                0x0000000090000000                _qspi_init_base = LOADADDR (.qspi)
                0x0000000000000000                _qspi_init_length = SIZEOF (.qspi)

.qspi           0x0000000090000000        0x0
                0x0000000090000000                . = ALIGN (0x4)
                0x0000000090000000                _qspi_start = .
 *(.qspi)
 *(.qspi*)
                0x0000000090000000                . = ALIGN (0x4)
                0x0000000090000000                _qspi_end = .
                0x0000000090000000                . = ALIGN (0x4)
 *(.ExternalFlashSection)
                0x0000000090000000                . = ALIGN (0x4)

.sdram_data     0x00000000c0000000   0x145000
                0x00000000c0000000                _sdram_data = .
                0x00000000c0000000                __sdram_data_start__ = _sdram_data
 *(.sdram_data)
 .sdram_data    0x00000000c0000000   0x145000 ./Core/Src/main.o
                0x00000000c0000000                pImage
                0x00000000c0096000                pImageCropped
                0x00000000c00c8000                pImageCroppedGray
                0x00000000c00e1000                pImageCroppedGrayF32
                0x00000000c0145000                . = ALIGN (0x4)
                0x00000000c0145000                _esdram_data = .
                0x00000000c0145000                __sdram_data_end__ = _esdram_data

.isr_vector     0x0000000008000000      0x1c8
                0x0000000008000000                . = ALIGN (0x4)
 *(.isr_vector)
 .isr_vector    0x0000000008000000      0x1c8 ./Core/Startup/startup_stm32f746nghx.o
                0x0000000008000000                g_pfnVectors
                0x00000000080001c8                . = ALIGN (0x4)

.text           0x00000000080001c8     0x8e38
                0x00000000080001c8                . = ALIGN (0x4)
 *(.text)
 .text          0x00000000080001c8       0x40 d:/programs/stm32cubeide/stm32cubeide_1.7.0/stm32cubeide/plugins/com.st.stm32cube.ide.mcu.externaltools.gnu-tools-for-stm32.9-2020-q2-update.win32_2.0.0.202105311346/tools/bin/../lib/gcc/arm-none-eabi/9.3.1/thumb/v7e-m+fp/hard/crtbegin.o
 .text          0x0000000008000208       0x30 d:/programs/stm32cubeide/stm32cubeide_1.7.0/stm32cubeide/plugins/com.st.stm32cube.ide.mcu.externaltools.gnu-tools-for-stm32.9-2020-q2-update.win32_2.0.0.202105311346/tools/bin/../lib/gcc/arm-none-eabi/9.3.1/thumb/v7e-m+fp/hard\libgcc.a(_aeabi_uldivmod.o)
                0x0000000008000208                __aeabi_uldivmod
 .text          0x0000000008000238      0x2c4 d:/programs/stm32cubeide/stm32cubeide_1.7.0/stm32cubeide/plugins/com.st.stm32cube.ide.mcu.externaltools.gnu-tools-for-stm32.9-2020-q2-update.win32_2.0.0.202105311346/tools/bin/../lib/gcc/arm-none-eabi/9.3.1/thumb/v7e-m+fp/hard\libgcc.a(_udivmoddi4.o)
                0x0000000008000238                __udivmoddi4
 .text          0x00000000080004fc        0x4 d:/programs/stm32cubeide/stm32cubeide_1.7.0/stm32cubeide/plugins/com.st.stm32cube.ide.mcu.externaltools.gnu-tools-for-stm32.9-2020-q2-update.win32_2.0.0.202105311346/tools/bin/../lib/gcc/arm-none-eabi/9.3.1/thumb/v7e-m+fp/hard\libgcc.a(_dvmd_tls.o)
                0x00000000080004fc                __aeabi_idiv0
                0x00000000080004fc                __aeabi_ldiv0
 *(.text*)
 .text.dt_cls_predict
                0x0000000008000500       0xa0 ./Core/Src/dt_cls_inference.o
                0x0000000008000500                dt_cls_predict
 .text.hdr_calculate_moments
                0x00000000080005a0      0x46c ./Core/Src/hdr_feature_extraction.o
                0x00000000080005a0                hdr_calculate_moments
 .text.hdr_calculate_hu_moments
                0x0000000008000a0c      0x3b6 ./Core/Src/hdr_feature_extraction.o
                0x0000000008000a0c                hdr_calculate_hu_moments
 .text.LIB_IMAGE_InitStruct
                0x0000000008000dc2       0x92 ./Core/Src/lib_image.o
                0x0000000008000dc2                LIB_IMAGE_InitStruct
 .text.LIB_MPU_Init
                0x0000000008000e54       0x5a ./Core/Src/lib_mpu.o
                0x0000000008000e54                LIB_MPU_Init
 *fill*         0x0000000008000eae        0x2 
 .text.LIB_OV5640_Init
                0x0000000008000eb0       0x78 ./Core/Src/lib_ov5640.o
                0x0000000008000eb0                LIB_OV5640_Init
 .text.LIB_OV5640_CaptureSnapshot
                0x0000000008000f28       0x6c ./Core/Src/lib_ov5640.o
                0x0000000008000f28                LIB_OV5640_CaptureSnapshot
 .text.HAL_DCMI_FrameEventCallback
                0x0000000008000f94       0x24 ./Core/Src/lib_ov5640.o
                0x0000000008000f94                HAL_DCMI_FrameEventCallback
 .text.LIB_DMA_Init
                0x0000000008000fb8       0x3c ./Core/Src/lib_ov5640.o
 .text.DMA2_Stream1_IRQHandler
                0x0000000008000ff4       0x14 ./Core/Src/lib_ov5640.o
                0x0000000008000ff4                DMA2_Stream1_IRQHandler
 .text.LIB_DCMI_Init
                0x0000000008001008       0x64 ./Core/Src/lib_ov5640.o
 .text.LIB_DCMI_MspInit
                0x000000000800106c      0x1e8 ./Core/Src/lib_ov5640.o
 .text.LIB_I2C1_Init
                0x0000000008001254       0x54 ./Core/Src/lib_ov5640.o
 .text.LIB_I2C_MspInit
                0x00000000080012a8       0xb0 ./Core/Src/lib_ov5640.o
 .text.DCMI_IRQHandler
                0x0000000008001358       0x14 ./Core/Src/lib_ov5640.o
                0x0000000008001358                DCMI_IRQHandler
 .text.__OV5640_ReadReg_Func
                0x000000000800136c       0x40 ./Core/Src/lib_ov5640.o
 .text.__OV5640_WriteReg_Func
                0x00000000080013ac       0x40 ./Core/Src/lib_ov5640.o
 .text.__OV5640_GetTick_Func
                0x00000000080013ec        0xe ./Core/Src/lib_ov5640.o
 .text.LIB_RGB2GRAY_Convert565
                0x00000000080013fa       0xb0 ./Core/Src/lib_rgb2gray.o
                0x00000000080013fa                LIB_RGB2GRAY_Convert565
 *fill*         0x00000000080014aa        0x2 
 .text.LIB_SERIAL_Transmit
                0x00000000080014ac      0x128 ./Core/Src/lib_serial.o
                0x00000000080014ac                LIB_SERIAL_Transmit
 .text.LIB_SERIAL_IMG_Transmit
                0x00000000080015d4       0xe4 ./Core/Src/lib_serialimage.o
                0x00000000080015d4                LIB_SERIAL_IMG_Transmit
 .text.LIB_SW_Init
                0x00000000080016b8       0xd2 ./Core/Src/lib_slidingwindow.o
                0x00000000080016b8                LIB_SW_Init
 .text.LIB_SW_GetWindow
                0x000000000800178a      0x13e ./Core/Src/lib_slidingwindow.o
                0x000000000800178a                LIB_SW_GetWindow
 .text.SCB_EnableICache
                0x00000000080018c8       0x4c ./Core/Src/main.o
 .text.SCB_EnableDCache
                0x0000000008001914       0x88 ./Core/Src/main.o
 .text.main     0x000000000800199c      0x12c ./Core/Src/main.o
                0x000000000800199c                main
 .text.SystemClock_Config
                0x0000000008001ac8       0xd0 ./Core/Src/main.o
                0x0000000008001ac8                SystemClock_Config
 .text.MX_DCMI_Init
                0x0000000008001b98       0x68 ./Core/Src/main.o
 .text.MX_USART1_UART_Init
                0x0000000008001c00       0x60 ./Core/Src/main.o
 .text.MX_FMC_Init
                0x0000000008001c60       0x9c ./Core/Src/main.o
 .text.MX_GPIO_Init
                0x0000000008001cfc      0x770 ./Core/Src/main.o
 .text.Error_Handler
                0x000000000800246c        0xa ./Core/Src/main.o
                0x000000000800246c                Error_Handler
 *fill*         0x0000000008002476        0x2 
 .text.OV5640_RegisterBusIO
                0x0000000008002478       0x84 ./Core/Src/ov5640.o
                0x0000000008002478                OV5640_RegisterBusIO
 .text.OV5640_Init
                0x00000000080024fc       0xf4 ./Core/Src/ov5640.o
                0x00000000080024fc                OV5640_Init
 .text.OV5640_SetPixelFormat
                0x00000000080025f0      0x328 ./Core/Src/ov5640.o
                0x00000000080025f0                OV5640_SetPixelFormat
 .text.OV5640_SetResolution
                0x0000000008002918      0x1ec ./Core/Src/ov5640.o
                0x0000000008002918                OV5640_SetResolution
 .text.OV5640_SetPolarities
                0x0000000008002b04       0x8c ./Core/Src/ov5640.o
                0x0000000008002b04                OV5640_SetPolarities
 .text.OV5640_Delay
                0x0000000008002b90       0x34 ./Core/Src/ov5640.o
 .text.OV5640_ReadRegWrap
                0x0000000008002bc4       0x32 ./Core/Src/ov5640.o
 .text.OV5640_WriteRegWrap
                0x0000000008002bf6       0x32 ./Core/Src/ov5640.o
 .text.ov5640_read_reg
                0x0000000008002c28       0x2e ./Core/Src/ov5640_reg.o
                0x0000000008002c28                ov5640_read_reg
 .text.ov5640_write_reg
                0x0000000008002c56       0x2e ./Core/Src/ov5640_reg.o
                0x0000000008002c56                ov5640_write_reg
 .text.HAL_MspInit
                0x0000000008002c84       0x48 ./Core/Src/stm32f7xx_hal_msp.o
                0x0000000008002c84                HAL_MspInit
 .text.HAL_DCMI_MspInit
                0x0000000008002ccc      0x17c ./Core/Src/stm32f7xx_hal_msp.o
                0x0000000008002ccc                HAL_DCMI_MspInit
 .text.HAL_UART_MspInit
                0x0000000008002e48      0x104 ./Core/Src/stm32f7xx_hal_msp.o
                0x0000000008002e48                HAL_UART_MspInit
 .text.HAL_FMC_MspInit
                0x0000000008002f4c      0x120 ./Core/Src/stm32f7xx_hal_msp.o
 .text.HAL_SDRAM_MspInit
                0x000000000800306c       0x14 ./Core/Src/stm32f7xx_hal_msp.o
                0x000000000800306c                HAL_SDRAM_MspInit
 .text.NMI_Handler
                0x0000000008003080        0x6 ./Core/Src/stm32f7xx_it.o
                0x0000000008003080                NMI_Handler
 .text.HardFault_Handler
                0x0000000008003086        0x6 ./Core/Src/stm32f7xx_it.o
                0x0000000008003086                HardFault_Handler
 .text.MemManage_Handler
                0x000000000800308c        0x6 ./Core/Src/stm32f7xx_it.o
                0x000000000800308c                MemManage_Handler
 .text.BusFault_Handler
                0x0000000008003092        0x6 ./Core/Src/stm32f7xx_it.o
                0x0000000008003092                BusFault_Handler
 .text.UsageFault_Handler
                0x0000000008003098        0x6 ./Core/Src/stm32f7xx_it.o
                0x0000000008003098                UsageFault_Handler
 .text.SVC_Handler
                0x000000000800309e        0xe ./Core/Src/stm32f7xx_it.o
                0x000000000800309e                SVC_Handler
 .text.DebugMon_Handler
                0x00000000080030ac        0xe ./Core/Src/stm32f7xx_it.o
                0x00000000080030ac                DebugMon_Handler
 .text.PendSV_Handler
                0x00000000080030ba        0xe ./Core/Src/stm32f7xx_it.o
                0x00000000080030ba                PendSV_Handler
 .text.SysTick_Handler
                0x00000000080030c8        0xc ./Core/Src/stm32f7xx_it.o
                0x00000000080030c8                SysTick_Handler
 .text.SystemInit
                0x00000000080030d4       0x24 ./Core/Src/system_stm32f7xx.o
                0x00000000080030d4                SystemInit
 .text.Reset_Handler
                0x00000000080030f8       0x50 ./Core/Startup/startup_stm32f746nghx.o
                0x00000000080030f8                Reset_Handler
 .text.Default_Handler
                0x0000000008003148        0x2 ./Core/Startup/startup_stm32f746nghx.o
                0x0000000008003148                RTC_Alarm_IRQHandler
                0x0000000008003148                EXTI2_IRQHandler
                0x0000000008003148                TIM8_CC_IRQHandler
                0x0000000008003148                UART8_IRQHandler
                0x0000000008003148                SPI4_IRQHandler
                0x0000000008003148                TIM1_CC_IRQHandler
                0x0000000008003148                DMA2_Stream5_IRQHandler
                0x0000000008003148                DMA1_Stream5_IRQHandler
                0x0000000008003148                PVD_IRQHandler
                0x0000000008003148                TAMP_STAMP_IRQHandler
                0x0000000008003148                CAN2_RX1_IRQHandler
                0x0000000008003148                EXTI3_IRQHandler
                0x0000000008003148                TIM8_TRG_COM_TIM14_IRQHandler
                0x0000000008003148                TIM1_UP_TIM10_IRQHandler
                0x0000000008003148                TIM8_UP_TIM13_IRQHandler
                0x0000000008003148                I2C3_ER_IRQHandler
                0x0000000008003148                EXTI0_IRQHandler
                0x0000000008003148                I2C2_EV_IRQHandler
                0x0000000008003148                DMA1_Stream2_IRQHandler
                0x0000000008003148                CAN1_RX0_IRQHandler
                0x0000000008003148                FPU_IRQHandler
                0x0000000008003148                OTG_HS_WKUP_IRQHandler
                0x0000000008003148                LTDC_ER_IRQHandler
                0x0000000008003148                CAN2_SCE_IRQHandler
                0x0000000008003148                DMA2_Stream2_IRQHandler
                0x0000000008003148                SPI1_IRQHandler
                0x0000000008003148                TIM6_DAC_IRQHandler
                0x0000000008003148                TIM1_BRK_TIM9_IRQHandler
                0x0000000008003148                CAN2_RX0_IRQHandler
                0x0000000008003148                DMA2_Stream3_IRQHandler
                0x0000000008003148                SAI2_IRQHandler
                0x0000000008003148                USART6_IRQHandler
                0x0000000008003148                USART3_IRQHandler
                0x0000000008003148                CAN1_RX1_IRQHandler
                0x0000000008003148                UART5_IRQHandler
                0x0000000008003148                DMA2_Stream0_IRQHandler
                0x0000000008003148                TIM4_IRQHandler
                0x0000000008003148                QUADSPI_IRQHandler
                0x0000000008003148                I2C1_EV_IRQHandler
                0x0000000008003148                DMA1_Stream6_IRQHandler
                0x0000000008003148                DMA1_Stream1_IRQHandler
                0x0000000008003148                UART4_IRQHandler
                0x0000000008003148                TIM3_IRQHandler
                0x0000000008003148                RCC_IRQHandler
                0x0000000008003148                TIM8_BRK_TIM12_IRQHandler
                0x0000000008003148                Default_Handler
                0x0000000008003148                CEC_IRQHandler
                0x0000000008003148                EXTI15_10_IRQHandler
                0x0000000008003148                ADC_IRQHandler
                0x0000000008003148                DMA1_Stream7_IRQHandler
                0x0000000008003148                SPI5_IRQHandler
                0x0000000008003148                TIM7_IRQHandler
                0x0000000008003148                SDMMC1_IRQHandler
                0x0000000008003148                CAN2_TX_IRQHandler
                0x0000000008003148                TIM5_IRQHandler
                0x0000000008003148                DMA2_Stream7_IRQHandler
                0x0000000008003148                I2C3_EV_IRQHandler
                0x0000000008003148                EXTI9_5_IRQHandler
                0x0000000008003148                RTC_WKUP_IRQHandler
                0x0000000008003148                LTDC_IRQHandler
                0x0000000008003148                ETH_WKUP_IRQHandler
                0x0000000008003148                SPDIF_RX_IRQHandler
                0x0000000008003148                SPI2_IRQHandler
                0x0000000008003148                OTG_HS_EP1_IN_IRQHandler
                0x0000000008003148                DMA1_Stream0_IRQHandler
                0x0000000008003148                CAN1_TX_IRQHandler
                0x0000000008003148                EXTI4_IRQHandler
                0x0000000008003148                RNG_IRQHandler
                0x0000000008003148                ETH_IRQHandler
                0x0000000008003148                OTG_HS_EP1_OUT_IRQHandler
                0x0000000008003148                WWDG_IRQHandler
                0x0000000008003148                SPI6_IRQHandler
                0x0000000008003148                I2C4_EV_IRQHandler
                0x0000000008003148                TIM2_IRQHandler
                0x0000000008003148                OTG_FS_WKUP_IRQHandler
                0x0000000008003148                TIM1_TRG_COM_TIM11_IRQHandler
                0x0000000008003148                OTG_HS_IRQHandler
                0x0000000008003148                DMA2D_IRQHandler
                0x0000000008003148                EXTI1_IRQHandler
                0x0000000008003148                UART7_IRQHandler
                0x0000000008003148                USART2_IRQHandler
                0x0000000008003148                I2C2_ER_IRQHandler
                0x0000000008003148                CAN1_SCE_IRQHandler
                0x0000000008003148                FLASH_IRQHandler
                0x0000000008003148                DMA2_Stream4_IRQHandler
                0x0000000008003148                USART1_IRQHandler
                0x0000000008003148                OTG_FS_IRQHandler
                0x0000000008003148                SPI3_IRQHandler
                0x0000000008003148                DMA1_Stream4_IRQHandler
                0x0000000008003148                I2C1_ER_IRQHandler
                0x0000000008003148                FMC_IRQHandler
                0x0000000008003148                LPTIM1_IRQHandler
                0x0000000008003148                I2C4_ER_IRQHandler
                0x0000000008003148                DMA2_Stream6_IRQHandler
                0x0000000008003148                SAI1_IRQHandler
                0x0000000008003148                DMA1_Stream3_IRQHandler
 *fill*         0x000000000800314a        0x2 
 .text.BSP_SDRAM_Init
                0x000000000800314c       0xbc ./Drivers/BSP/STM32746G-Discovery/stm32746g_discovery_sdram.o
                0x000000000800314c                BSP_SDRAM_Init
 .text.BSP_SDRAM_Initialization_sequence
                0x0000000008003208       0xc0 ./Drivers/BSP/STM32746G-Discovery/stm32746g_discovery_sdram.o
                0x0000000008003208                BSP_SDRAM_Initialization_sequence
 .text.BSP_SDRAM_MspInit
                0x00000000080032c8      0x1f0 ./Drivers/BSP/STM32746G-Discovery/stm32746g_discovery_sdram.o
                0x00000000080032c8                BSP_SDRAM_MspInit
 .text.HAL_Init
                0x00000000080034b8       0x1a ./Drivers/STM32F7xx_HAL_Driver/Src/stm32f7xx_hal.o
                0x00000000080034b8                HAL_Init
 *fill*         0x00000000080034d2        0x2 
 .text.HAL_InitTick
                0x00000000080034d4       0x60 ./Drivers/STM32F7xx_HAL_Driver/Src/stm32f7xx_hal.o
                0x00000000080034d4                HAL_InitTick
 .text.HAL_IncTick
                0x0000000008003534       0x28 ./Drivers/STM32F7xx_HAL_Driver/Src/stm32f7xx_hal.o
                0x0000000008003534                HAL_IncTick
 .text.HAL_GetTick
                0x000000000800355c       0x18 ./Drivers/STM32F7xx_HAL_Driver/Src/stm32f7xx_hal.o
                0x000000000800355c                HAL_GetTick
 .text.HAL_Delay
                0x0000000008003574       0x48 ./Drivers/STM32F7xx_HAL_Driver/Src/stm32f7xx_hal.o
                0x0000000008003574                HAL_Delay
 .text.__NVIC_SetPriorityGrouping
                0x00000000080035bc       0x48 ./Drivers/STM32F7xx_HAL_Driver/Src/stm32f7xx_hal_cortex.o
 .text.__NVIC_GetPriorityGrouping
                0x0000000008003604       0x1c ./Drivers/STM32F7xx_HAL_Driver/Src/stm32f7xx_hal_cortex.o
 .text.__NVIC_EnableIRQ
                0x0000000008003620       0x3c ./Drivers/STM32F7xx_HAL_Driver/Src/stm32f7xx_hal_cortex.o
 .text.__NVIC_SetPriority
                0x000000000800365c       0x54 ./Drivers/STM32F7xx_HAL_Driver/Src/stm32f7xx_hal_cortex.o
 .text.NVIC_EncodePriority
                0x00000000080036b0       0x66 ./Drivers/STM32F7xx_HAL_Driver/Src/stm32f7xx_hal_cortex.o
 *fill*         0x0000000008003716        0x2 
 .text.SysTick_Config
                0x0000000008003718       0x44 ./Drivers/STM32F7xx_HAL_Driver/Src/stm32f7xx_hal_cortex.o
 .text.HAL_NVIC_SetPriorityGrouping
                0x000000000800375c       0x16 ./Drivers/STM32F7xx_HAL_Driver/Src/stm32f7xx_hal_cortex.o
                0x000000000800375c                HAL_NVIC_SetPriorityGrouping
 .text.HAL_NVIC_SetPriority
                0x0000000008003772       0x38 ./Drivers/STM32F7xx_HAL_Driver/Src/stm32f7xx_hal_cortex.o
                0x0000000008003772                HAL_NVIC_SetPriority
 .text.HAL_NVIC_EnableIRQ
                0x00000000080037aa       0x1c ./Drivers/STM32F7xx_HAL_Driver/Src/stm32f7xx_hal_cortex.o
                0x00000000080037aa                HAL_NVIC_EnableIRQ
 .text.HAL_SYSTICK_Config
                0x00000000080037c6       0x18 ./Drivers/STM32F7xx_HAL_Driver/Src/stm32f7xx_hal_cortex.o
                0x00000000080037c6                HAL_SYSTICK_Config
 *fill*         0x00000000080037de        0x2 
 .text.HAL_MPU_Disable
                0x00000000080037e0       0x30 ./Drivers/STM32F7xx_HAL_Driver/Src/stm32f7xx_hal_cortex.o
                0x00000000080037e0                HAL_MPU_Disable
 .text.HAL_MPU_Enable
                0x0000000008003810       0x40 ./Drivers/STM32F7xx_HAL_Driver/Src/stm32f7xx_hal_cortex.o
                0x0000000008003810                HAL_MPU_Enable
 .text.HAL_MPU_ConfigRegion
                0x0000000008003850       0x88 ./Drivers/STM32F7xx_HAL_Driver/Src/stm32f7xx_hal_cortex.o
                0x0000000008003850                HAL_MPU_ConfigRegion
 .text.HAL_DCMI_Init
                0x00000000080038d8       0xf4 ./Drivers/STM32F7xx_HAL_Driver/Src/stm32f7xx_hal_dcmi.o
                0x00000000080038d8                HAL_DCMI_Init
 .text.HAL_DCMI_Start_DMA
                0x00000000080039cc      0x15c ./Drivers/STM32F7xx_HAL_Driver/Src/stm32f7xx_hal_dcmi.o
                0x00000000080039cc                HAL_DCMI_Start_DMA
 .text.HAL_DCMI_Stop
                0x0000000008003b28       0xbc ./Drivers/STM32F7xx_HAL_Driver/Src/stm32f7xx_hal_dcmi.o
                0x0000000008003b28                HAL_DCMI_Stop
 .text.HAL_DCMI_IRQHandler
                0x0000000008003be4      0x114 ./Drivers/STM32F7xx_HAL_Driver/Src/stm32f7xx_hal_dcmi.o
                0x0000000008003be4                HAL_DCMI_IRQHandler
 .text.HAL_DCMI_ErrorCallback
                0x0000000008003cf8       0x14 ./Drivers/STM32F7xx_HAL_Driver/Src/stm32f7xx_hal_dcmi.o
                0x0000000008003cf8                HAL_DCMI_ErrorCallback
 .text.HAL_DCMI_LineEventCallback
                0x0000000008003d0c       0x14 ./Drivers/STM32F7xx_HAL_Driver/Src/stm32f7xx_hal_dcmi.o
                0x0000000008003d0c                HAL_DCMI_LineEventCallback
 .text.HAL_DCMI_VsyncEventCallback
                0x0000000008003d20       0x14 ./Drivers/STM32F7xx_HAL_Driver/Src/stm32f7xx_hal_dcmi.o
                0x0000000008003d20                HAL_DCMI_VsyncEventCallback
 .text.DCMI_DMAXferCplt
                0x0000000008003d34      0x12a ./Drivers/STM32F7xx_HAL_Driver/Src/stm32f7xx_hal_dcmi.o
 .text.DCMI_DMAError
                0x0000000008003e5e       0x3a ./Drivers/STM32F7xx_HAL_Driver/Src/stm32f7xx_hal_dcmi.o
 .text.HAL_DMA_Init
                0x0000000008003e98      0x15c ./Drivers/STM32F7xx_HAL_Driver/Src/stm32f7xx_hal_dma.o
                0x0000000008003e98                HAL_DMA_Init
 .text.HAL_DMA_DeInit
                0x0000000008003ff4       0xbc ./Drivers/STM32F7xx_HAL_Driver/Src/stm32f7xx_hal_dma.o
                0x0000000008003ff4                HAL_DMA_DeInit
 .text.HAL_DMA_Start_IT
                0x00000000080040b0       0xc0 ./Drivers/STM32F7xx_HAL_Driver/Src/stm32f7xx_hal_dma.o
                0x00000000080040b0                HAL_DMA_Start_IT
 .text.HAL_DMA_Abort
                0x0000000008004170       0xe0 ./Drivers/STM32F7xx_HAL_Driver/Src/stm32f7xx_hal_dma.o
                0x0000000008004170                HAL_DMA_Abort
 .text.HAL_DMA_Abort_IT
                0x0000000008004250       0x44 ./Drivers/STM32F7xx_HAL_Driver/Src/stm32f7xx_hal_dma.o
                0x0000000008004250                HAL_DMA_Abort_IT
 .text.HAL_DMA_IRQHandler
                0x0000000008004294      0x314 ./Drivers/STM32F7xx_HAL_Driver/Src/stm32f7xx_hal_dma.o
                0x0000000008004294                HAL_DMA_IRQHandler
 .text.DMA_SetConfig
                0x00000000080045a8       0x5c ./Drivers/STM32F7xx_HAL_Driver/Src/stm32f7xx_hal_dma.o
 .text.DMA_CalcBaseAndBitshift
                0x0000000008004604       0x6c ./Drivers/STM32F7xx_HAL_Driver/Src/stm32f7xx_hal_dma.o
 .text.DMA_CheckFifoParam
                0x0000000008004670       0xf8 ./Drivers/STM32F7xx_HAL_Driver/Src/stm32f7xx_hal_dma.o
 .text.HAL_DMAEx_MultiBufferStart_IT
                0x0000000008004768     0x126c ./Drivers/STM32F7xx_HAL_Driver/Src/stm32f7xx_hal_dma_ex.o
                0x0000000008004768                HAL_DMAEx_MultiBufferStart_IT
 .text.HAL_DMAEx_ChangeMemory
                0x00000000080059d4       0x34 ./Drivers/STM32F7xx_HAL_Driver/Src/stm32f7xx_hal_dma_ex.o
                0x00000000080059d4                HAL_DMAEx_ChangeMemory
 .text.DMA_MultiBufferSetConfig
                0x0000000008005a08       0x4c ./Drivers/STM32F7xx_HAL_Driver/Src/stm32f7xx_hal_dma_ex.o
 .text.HAL_GPIO_Init
                0x0000000008005a54      0x358 ./Drivers/STM32F7xx_HAL_Driver/Src/stm32f7xx_hal_gpio.o
                0x0000000008005a54                HAL_GPIO_Init
 .text.HAL_GPIO_WritePin
                0x0000000008005dac       0x32 ./Drivers/STM32F7xx_HAL_Driver/Src/stm32f7xx_hal_gpio.o
                0x0000000008005dac                HAL_GPIO_WritePin
 *fill*         0x0000000008005dde        0x2 
 .text.HAL_I2C_Init
                0x0000000008005de0      0x120 ./Drivers/STM32F7xx_HAL_Driver/Src/stm32f7xx_hal_i2c.o
                0x0000000008005de0                HAL_I2C_Init
 .text.HAL_I2C_MspInit
                0x0000000008005f00       0x14 ./Drivers/STM32F7xx_HAL_Driver/Src/stm32f7xx_hal_i2c.o
                0x0000000008005f00                HAL_I2C_MspInit
 .text.HAL_I2C_Mem_Write
                0x0000000008005f14      0x228 ./Drivers/STM32F7xx_HAL_Driver/Src/stm32f7xx_hal_i2c.o
                0x0000000008005f14                HAL_I2C_Mem_Write
 .text.HAL_I2C_Mem_Read
                0x000000000800613c      0x234 ./Drivers/STM32F7xx_HAL_Driver/Src/stm32f7xx_hal_i2c.o
                0x000000000800613c                HAL_I2C_Mem_Read
 .text.I2C_RequestMemoryWrite
                0x0000000008006370       0xa8 ./Drivers/STM32F7xx_HAL_Driver/Src/stm32f7xx_hal_i2c.o
 .text.I2C_RequestMemoryRead
                0x0000000008006418       0xa8 ./Drivers/STM32F7xx_HAL_Driver/Src/stm32f7xx_hal_i2c.o
 .text.I2C_Flush_TXDR
                0x00000000080064c0       0x48 ./Drivers/STM32F7xx_HAL_Driver/Src/stm32f7xx_hal_i2c.o
 .text.I2C_WaitOnFlagUntilTimeout
                0x0000000008006508       0x80 ./Drivers/STM32F7xx_HAL_Driver/Src/stm32f7xx_hal_i2c.o
 .text.I2C_WaitOnTXISFlagUntilTimeout
                0x0000000008006588       0x80 ./Drivers/STM32F7xx_HAL_Driver/Src/stm32f7xx_hal_i2c.o
 .text.I2C_WaitOnSTOPFlagUntilTimeout
                0x0000000008006608       0x78 ./Drivers/STM32F7xx_HAL_Driver/Src/stm32f7xx_hal_i2c.o
 .text.I2C_IsErrorOccurred
                0x0000000008006680      0x1d8 ./Drivers/STM32F7xx_HAL_Driver/Src/stm32f7xx_hal_i2c.o
 .text.I2C_TransferConfig
                0x0000000008006858       0x64 ./Drivers/STM32F7xx_HAL_Driver/Src/stm32f7xx_hal_i2c.o
 .text.HAL_RCC_OscConfig
                0x00000000080068bc      0x548 ./Drivers/STM32F7xx_HAL_Driver/Src/stm32f7xx_hal_rcc.o
                0x00000000080068bc                HAL_RCC_OscConfig
 .text.HAL_RCC_ClockConfig
                0x0000000008006e04      0x1d8 ./Drivers/STM32F7xx_HAL_Driver/Src/stm32f7xx_hal_rcc.o
                0x0000000008006e04                HAL_RCC_ClockConfig
 .text.HAL_RCC_GetSysClockFreq
                0x0000000008006fdc      0x16c ./Drivers/STM32F7xx_HAL_Driver/Src/stm32f7xx_hal_rcc.o
                0x0000000008006fdc                HAL_RCC_GetSysClockFreq
 .text.HAL_RCC_GetHCLKFreq
                0x0000000008007148       0x18 ./Drivers/STM32F7xx_HAL_Driver/Src/stm32f7xx_hal_rcc.o
                0x0000000008007148                HAL_RCC_GetHCLKFreq
 .text.HAL_RCC_GetPCLK1Freq
                0x0000000008007160       0x28 ./Drivers/STM32F7xx_HAL_Driver/Src/stm32f7xx_hal_rcc.o
                0x0000000008007160                HAL_RCC_GetPCLK1Freq
 .text.HAL_RCC_GetPCLK2Freq
                0x0000000008007188       0x28 ./Drivers/STM32F7xx_HAL_Driver/Src/stm32f7xx_hal_rcc.o
                0x0000000008007188                HAL_RCC_GetPCLK2Freq
 .text.HAL_RCCEx_PeriphCLKConfig
                0x00000000080071b0      0x7e0 ./Drivers/STM32F7xx_HAL_Driver/Src/stm32f7xx_hal_rcc_ex.o
                0x00000000080071b0                HAL_RCCEx_PeriphCLKConfig
 .text.HAL_SDRAM_Init
                0x0000000008007990       0x68 ./Drivers/STM32F7xx_HAL_Driver/Src/stm32f7xx_hal_sdram.o
                0x0000000008007990                HAL_SDRAM_Init
 .text.HAL_SDRAM_SendCommand
                0x00000000080079f8       0x6a ./Drivers/STM32F7xx_HAL_Driver/Src/stm32f7xx_hal_sdram.o
                0x00000000080079f8                HAL_SDRAM_SendCommand
 .text.HAL_SDRAM_ProgramRefreshRate
                0x0000000008007a62       0x50 ./Drivers/STM32F7xx_HAL_Driver/Src/stm32f7xx_hal_sdram.o
                0x0000000008007a62                HAL_SDRAM_ProgramRefreshRate
 .text.HAL_UART_Init
                0x0000000008007ab2       0x9c ./Drivers/STM32F7xx_HAL_Driver/Src/stm32f7xx_hal_uart.o
                0x0000000008007ab2                HAL_UART_Init
 .text.HAL_UART_Transmit
                0x0000000008007b4e      0x126 ./Drivers/STM32F7xx_HAL_Driver/Src/stm32f7xx_hal_uart.o
                0x0000000008007b4e                HAL_UART_Transmit
 .text.UART_SetConfig
                0x0000000008007c74      0x4c4 ./Drivers/STM32F7xx_HAL_Driver/Src/stm32f7xx_hal_uart.o
                0x0000000008007c74                UART_SetConfig
 .text.UART_AdvFeatureConfig
                0x0000000008008138      0x144 ./Drivers/STM32F7xx_HAL_Driver/Src/stm32f7xx_hal_uart.o
                0x0000000008008138                UART_AdvFeatureConfig
 .text.UART_CheckIdleState
                0x000000000800827c       0x66 ./Drivers/STM32F7xx_HAL_Driver/Src/stm32f7xx_hal_uart.o
                0x000000000800827c                UART_CheckIdleState
 .text.UART_WaitOnFlagUntilTimeout
                0x00000000080082e2      0x188 ./Drivers/STM32F7xx_HAL_Driver/Src/stm32f7xx_hal_uart.o
                0x00000000080082e2                UART_WaitOnFlagUntilTimeout
 *fill*         0x000000000800846a        0x2 
 .text.FMC_SDRAM_Init
                0x000000000800846c       0xb8 ./Drivers/STM32F7xx_HAL_Driver/Src/stm32f7xx_ll_fmc.o
                0x000000000800846c                FMC_SDRAM_Init
 .text.FMC_SDRAM_Timing_Init
                0x0000000008008524       0xd4 ./Drivers/STM32F7xx_HAL_Driver/Src/stm32f7xx_ll_fmc.o
                0x0000000008008524                FMC_SDRAM_Timing_Init
 .text.FMC_SDRAM_SendCommand
                0x00000000080085f8       0x48 ./Drivers/STM32F7xx_HAL_Driver/Src/stm32f7xx_ll_fmc.o
                0x00000000080085f8                FMC_SDRAM_SendCommand
 .text.FMC_SDRAM_ProgramRefreshRate
                0x0000000008008640       0x30 ./Drivers/STM32F7xx_HAL_Driver/Src/stm32f7xx_ll_fmc.o
                0x0000000008008640                FMC_SDRAM_ProgramRefreshRate
 .text.__errno  0x0000000008008670        0xc d:/programs/stm32cubeide/stm32cubeide_1.7.0/stm32cubeide/plugins/com.st.stm32cube.ide.mcu.externaltools.gnu-tools-for-stm32.9-2020-q2-update.win32_2.0.0.202105311346/tools/bin/../lib/gcc/arm-none-eabi/9.3.1/../../../../arm-none-eabi/lib/thumb/v7e-m+fp/hard\libc_nano.a(lib_a-errno.o)
                0x0000000008008670                __errno
 .text.__libc_init_array
                0x000000000800867c       0x48 d:/programs/stm32cubeide/stm32cubeide_1.7.0/stm32cubeide/plugins/com.st.stm32cube.ide.mcu.externaltools.gnu-tools-for-stm32.9-2020-q2-update.win32_2.0.0.202105311346/tools/bin/../lib/gcc/arm-none-eabi/9.3.1/../../../../arm-none-eabi/lib/thumb/v7e-m+fp/hard\libc_nano.a(lib_a-init.o)
                0x000000000800867c                __libc_init_array
 .text.memcpy   0x00000000080086c4       0x1c d:/programs/stm32cubeide/stm32cubeide_1.7.0/stm32cubeide/plugins/com.st.stm32cube.ide.mcu.externaltools.gnu-tools-for-stm32.9-2020-q2-update.win32_2.0.0.202105311346/tools/bin/../lib/gcc/arm-none-eabi/9.3.1/../../../../arm-none-eabi/lib/thumb/v7e-m+fp/hard\libc_nano.a(lib_a-memcpy-stub.o)
                0x00000000080086c4                memcpy
 .text.memset   0x00000000080086e0       0x10 d:/programs/stm32cubeide/stm32cubeide_1.7.0/stm32cubeide/plugins/com.st.stm32cube.ide.mcu.externaltools.gnu-tools-for-stm32.9-2020-q2-update.win32_2.0.0.202105311346/tools/bin/../lib/gcc/arm-none-eabi/9.3.1/../../../../arm-none-eabi/lib/thumb/v7e-m+fp/hard\libc_nano.a(lib_a-memset.o)
                0x00000000080086e0                memset
 .text.fmaxf    0x00000000080086f0       0x36 d:/programs/stm32cubeide/stm32cubeide_1.7.0/stm32cubeide/plugins/com.st.stm32cube.ide.mcu.externaltools.gnu-tools-for-stm32.9-2020-q2-update.win32_2.0.0.202105311346/tools/bin/../lib/gcc/arm-none-eabi/9.3.1/../../../../arm-none-eabi/lib/thumb/v7e-m+fp/hard\libm.a(lib_a-sf_fmax.o)
                0x00000000080086f0                fmaxf
 *fill*         0x0000000008008726        0x2 
 .text.__fpclassifyf
                0x0000000008008728       0x38 d:/programs/stm32cubeide/stm32cubeide_1.7.0/stm32cubeide/plugins/com.st.stm32cube.ide.mcu.externaltools.gnu-tools-for-stm32.9-2020-q2-update.win32_2.0.0.202105311346/tools/bin/../lib/gcc/arm-none-eabi/9.3.1/../../../../arm-none-eabi/lib/thumb/v7e-m+fp/hard\libm.a(lib_a-sf_fpclassify.o)
                0x0000000008008728                __fpclassifyf
 .text.powf     0x0000000008008760      0x130 d:/programs/stm32cubeide/stm32cubeide_1.7.0/stm32cubeide/plugins/com.st.stm32cube.ide.mcu.externaltools.gnu-tools-for-stm32.9-2020-q2-update.win32_2.0.0.202105311346/tools/bin/../lib/gcc/arm-none-eabi/9.3.1/../../../../arm-none-eabi/lib/thumb/v7e-m+fp/hard\libm.a(lib_a-wf_pow.o)
                0x0000000008008760                powf
 .text.__ieee754_powf
                0x0000000008008890      0x580 d:/programs/stm32cubeide/stm32cubeide_1.7.0/stm32cubeide/plugins/com.st.stm32cube.ide.mcu.externaltools.gnu-tools-for-stm32.9-2020-q2-update.win32_2.0.0.202105311346/tools/bin/../lib/gcc/arm-none-eabi/9.3.1/../../../../arm-none-eabi/lib/thumb/v7e-m+fp/hard\libm.a(lib_a-ef_pow.o)
                0x0000000008008890                __ieee754_powf
 .text.__ieee754_sqrtf
                0x0000000008008e10        0x6 d:/programs/stm32cubeide/stm32cubeide_1.7.0/stm32cubeide/plugins/com.st.stm32cube.ide.mcu.externaltools.gnu-tools-for-stm32.9-2020-q2-update.win32_2.0.0.202105311346/tools/bin/../lib/gcc/arm-none-eabi/9.3.1/../../../../arm-none-eabi/lib/thumb/v7e-m+fp/hard\libm.a(lib_a-ef_sqrt.o)
                0x0000000008008e10                __ieee754_sqrtf
 .text.fabsf    0x0000000008008e16        0xe d:/programs/stm32cubeide/stm32cubeide_1.7.0/stm32cubeide/plugins/com.st.stm32cube.ide.mcu.externaltools.gnu-tools-for-stm32.9-2020-q2-update.win32_2.0.0.202105311346/tools/bin/../lib/gcc/arm-none-eabi/9.3.1/../../../../arm-none-eabi/lib/thumb/v7e-m+fp/hard\libm.a(lib_a-sf_fabs.o)
                0x0000000008008e16                fabsf
 .text.finitef  0x0000000008008e24       0x1a d:/programs/stm32cubeide/stm32cubeide_1.7.0/stm32cubeide/plugins/com.st.stm32cube.ide.mcu.externaltools.gnu-tools-for-stm32.9-2020-q2-update.win32_2.0.0.202105311346/tools/bin/../lib/gcc/arm-none-eabi/9.3.1/../../../../arm-none-eabi/lib/thumb/v7e-m+fp/hard\libm.a(lib_a-sf_finite.o)
                0x0000000008008e24                finitef
 *fill*         0x0000000008008e3e        0x2 
 .text.nanf     0x0000000008008e40        0xc d:/programs/stm32cubeide/stm32cubeide_1.7.0/stm32cubeide/plugins/com.st.stm32cube.ide.mcu.externaltools.gnu-tools-for-stm32.9-2020-q2-update.win32_2.0.0.202105311346/tools/bin/../lib/gcc/arm-none-eabi/9.3.1/../../../../arm-none-eabi/lib/thumb/v7e-m+fp/hard\libm.a(lib_a-sf_nan.o)
                0x0000000008008e40                nanf
 .text.rintf    0x0000000008008e4c       0xb8 d:/programs/stm32cubeide/stm32cubeide_1.7.0/stm32cubeide/plugins/com.st.stm32cube.ide.mcu.externaltools.gnu-tools-for-stm32.9-2020-q2-update.win32_2.0.0.202105311346/tools/bin/../lib/gcc/arm-none-eabi/9.3.1/../../../../arm-none-eabi/lib/thumb/v7e-m+fp/hard\libm.a(lib_a-sf_rint.o)
                0x0000000008008e4c                rintf
 .text.scalbnf  0x0000000008008f04       0xe4 d:/programs/stm32cubeide/stm32cubeide_1.7.0/stm32cubeide/plugins/com.st.stm32cube.ide.mcu.externaltools.gnu-tools-for-stm32.9-2020-q2-update.win32_2.0.0.202105311346/tools/bin/../lib/gcc/arm-none-eabi/9.3.1/../../../../arm-none-eabi/lib/thumb/v7e-m+fp/hard\libm.a(lib_a-sf_scalbn.o)
                0x0000000008008f04                scalbnf
 *(.glue_7)
 .glue_7        0x0000000008008fe8        0x0 linker stubs
 *(.glue_7t)
 .glue_7t       0x0000000008008fe8        0x0 linker stubs
 *(.eh_frame)
 .eh_frame      0x0000000008008fe8        0x0 d:/programs/stm32cubeide/stm32cubeide_1.7.0/stm32cubeide/plugins/com.st.stm32cube.ide.mcu.externaltools.gnu-tools-for-stm32.9-2020-q2-update.win32_2.0.0.202105311346/tools/bin/../lib/gcc/arm-none-eabi/9.3.1/thumb/v7e-m+fp/hard/crtbegin.o
 *(.init)
 .init          0x0000000008008fe8        0x4 d:/programs/stm32cubeide/stm32cubeide_1.7.0/stm32cubeide/plugins/com.st.stm32cube.ide.mcu.externaltools.gnu-tools-for-stm32.9-2020-q2-update.win32_2.0.0.202105311346/tools/bin/../lib/gcc/arm-none-eabi/9.3.1/thumb/v7e-m+fp/hard/crti.o
                0x0000000008008fe8                _init
 .init          0x0000000008008fec        0x8 d:/programs/stm32cubeide/stm32cubeide_1.7.0/stm32cubeide/plugins/com.st.stm32cube.ide.mcu.externaltools.gnu-tools-for-stm32.9-2020-q2-update.win32_2.0.0.202105311346/tools/bin/../lib/gcc/arm-none-eabi/9.3.1/thumb/v7e-m+fp/hard/crtn.o
 *(.fini)
 .fini          0x0000000008008ff4        0x4 d:/programs/stm32cubeide/stm32cubeide_1.7.0/stm32cubeide/plugins/com.st.stm32cube.ide.mcu.externaltools.gnu-tools-for-stm32.9-2020-q2-update.win32_2.0.0.202105311346/tools/bin/../lib/gcc/arm-none-eabi/9.3.1/thumb/v7e-m+fp/hard/crti.o
                0x0000000008008ff4                _fini
 .fini          0x0000000008008ff8        0x8 d:/programs/stm32cubeide/stm32cubeide_1.7.0/stm32cubeide/plugins/com.st.stm32cube.ide.mcu.externaltools.gnu-tools-for-stm32.9-2020-q2-update.win32_2.0.0.202105311346/tools/bin/../lib/gcc/arm-none-eabi/9.3.1/thumb/v7e-m+fp/hard/crtn.o
                0x0000000008009000                . = ALIGN (0x4)
                0x0000000008009000                _etext = .

.vfp11_veneer   0x0000000008009000        0x0
 .vfp11_veneer  0x0000000008009000        0x0 linker stubs

.v4_bx          0x0000000008009000        0x0
 .v4_bx         0x0000000008009000        0x0 linker stubs

.iplt           0x0000000008009000        0x0
 .iplt          0x0000000008009000        0x0 d:/programs/stm32cubeide/stm32cubeide_1.7.0/stm32cubeide/plugins/com.st.stm32cube.ide.mcu.externaltools.gnu-tools-for-stm32.9-2020-q2-update.win32_2.0.0.202105311346/tools/bin/../lib/gcc/arm-none-eabi/9.3.1/thumb/v7e-m+fp/hard/crtbegin.o

.rodata         0x0000000008009000    0x13a4c
                0x0000000008009000                . = ALIGN (0x4)
 *(.rodata)
 .rodata        0x0000000008009000        0x7 ./Core/Src/lib_serial.o
 *fill*         0x0000000008009007        0x1 
 .rodata        0x0000000008009008        0x7 ./Core/Src/lib_serialimage.o
 *(.rodata*)
 *fill*         0x000000000800900f        0x1 
 .rodata.LEFT_CHILDREN
                0x0000000008009010     0x161c ./Core/Src/dt_cls_config.o
                0x0000000008009010                LEFT_CHILDREN
 .rodata.RIGHT_CHILDREN
                0x000000000800a62c     0x161c ./Core/Src/dt_cls_config.o
                0x000000000800a62c                RIGHT_CHILDREN
 .rodata.SPLIT_FEATURE
                0x000000000800bc48     0x161c ./Core/Src/dt_cls_config.o
                0x000000000800bc48                SPLIT_FEATURE
 .rodata.THRESHOLDS
                0x000000000800d264     0x161c ./Core/Src/dt_cls_config.o
                0x000000000800d264                THRESHOLDS
 .rodata.VALUES
                0x000000000800e880     0xdd18 ./Core/Src/dt_cls_config.o
                0x000000000800e880                VALUES
 .rodata.OV5640_Common.6273
                0x000000000801c598      0x3f8 ./Core/Src/ov5640.o
 .rodata.OV5640_PF_YUV422.6289
                0x000000000801c990        0x8 ./Core/Src/ov5640.o
 .rodata.OV5640_PF_RGB888.6290
                0x000000000801c998        0x8 ./Core/Src/ov5640.o
 .rodata.OV5640_PF_Y8.6291
                0x000000000801c9a0        0x8 ./Core/Src/ov5640.o
 .rodata.OV5640_PF_JPEG.6292
                0x000000000801c9a8        0x8 ./Core/Src/ov5640.o
 .rodata.OV5640_PF_RGB565.6288
                0x000000000801c9b0        0x8 ./Core/Src/ov5640.o
 .rodata.OV5640_QQVGA.6330
                0x000000000801c9b8       0x10 ./Core/Src/ov5640.o
 .rodata.OV5640_QVGA.6329
                0x000000000801c9c8       0x10 ./Core/Src/ov5640.o
 .rodata.OV5640_480x272.6328
                0x000000000801c9d8       0x10 ./Core/Src/ov5640.o
 .rodata.OV5640_VGA.6327
                0x000000000801c9e8       0x10 ./Core/Src/ov5640.o
 .rodata.OV5640_WVGA.6326
                0x000000000801c9f8       0x10 ./Core/Src/ov5640.o
 .rodata.AHBPrescTable
                0x000000000801ca08       0x10 ./Core/Src/system_stm32f7xx.o
                0x000000000801ca08                AHBPrescTable
 .rodata.APBPrescTable
                0x000000000801ca18        0x8 ./Core/Src/system_stm32f7xx.o
                0x000000000801ca18                APBPrescTable
 .rodata.flagBitshiftOffset.8745
                0x000000000801ca20        0x8 ./Drivers/STM32F7xx_HAL_Driver/Src/stm32f7xx_hal_dma.o
 .rodata.__ieee754_powf.str1.1
                0x000000000801ca28        0x1 d:/programs/stm32cubeide/stm32cubeide_1.7.0/stm32cubeide/plugins/com.st.stm32cube.ide.mcu.externaltools.gnu-tools-for-stm32.9-2020-q2-update.win32_2.0.0.202105311346/tools/bin/../lib/gcc/arm-none-eabi/9.3.1/../../../../arm-none-eabi/lib/thumb/v7e-m+fp/hard\libm.a(lib_a-ef_pow.o)
 *fill*         0x000000000801ca29        0x3 
 .rodata.bp     0x000000000801ca2c        0x8 d:/programs/stm32cubeide/stm32cubeide_1.7.0/stm32cubeide/plugins/com.st.stm32cube.ide.mcu.externaltools.gnu-tools-for-stm32.9-2020-q2-update.win32_2.0.0.202105311346/tools/bin/../lib/gcc/arm-none-eabi/9.3.1/../../../../arm-none-eabi/lib/thumb/v7e-m+fp/hard\libm.a(lib_a-ef_pow.o)
 .rodata.dp_h   0x000000000801ca34        0x8 d:/programs/stm32cubeide/stm32cubeide_1.7.0/stm32cubeide/plugins/com.st.stm32cube.ide.mcu.externaltools.gnu-tools-for-stm32.9-2020-q2-update.win32_2.0.0.202105311346/tools/bin/../lib/gcc/arm-none-eabi/9.3.1/../../../../arm-none-eabi/lib/thumb/v7e-m+fp/hard\libm.a(lib_a-ef_pow.o)
 .rodata.dp_l   0x000000000801ca3c        0x8 d:/programs/stm32cubeide/stm32cubeide_1.7.0/stm32cubeide/plugins/com.st.stm32cube.ide.mcu.externaltools.gnu-tools-for-stm32.9-2020-q2-update.win32_2.0.0.202105311346/tools/bin/../lib/gcc/arm-none-eabi/9.3.1/../../../../arm-none-eabi/lib/thumb/v7e-m+fp/hard\libm.a(lib_a-ef_pow.o)
 .rodata.TWO23  0x000000000801ca44        0x8 d:/programs/stm32cubeide/stm32cubeide_1.7.0/stm32cubeide/plugins/com.st.stm32cube.ide.mcu.externaltools.gnu-tools-for-stm32.9-2020-q2-update.win32_2.0.0.202105311346/tools/bin/../lib/gcc/arm-none-eabi/9.3.1/../../../../arm-none-eabi/lib/thumb/v7e-m+fp/hard\libm.a(lib_a-sf_rint.o)
                0x000000000801ca4c                . = ALIGN (0x4)

.ARM.extab      0x000000000801ca4c        0x0
                0x000000000801ca4c                . = ALIGN (0x4)
 *(.ARM.extab* .gnu.linkonce.armextab.*)
                0x000000000801ca4c                . = ALIGN (0x4)

.ARM            0x000000000801ca4c        0x8
                0x000000000801ca4c                . = ALIGN (0x4)
                0x000000000801ca4c                __exidx_start = .
 *(.ARM.exidx*)
 .ARM.exidx     0x000000000801ca4c        0x8 d:/programs/stm32cubeide/stm32cubeide_1.7.0/stm32cubeide/plugins/com.st.stm32cube.ide.mcu.externaltools.gnu-tools-for-stm32.9-2020-q2-update.win32_2.0.0.202105311346/tools/bin/../lib/gcc/arm-none-eabi/9.3.1/thumb/v7e-m+fp/hard\libgcc.a(_udivmoddi4.o)
                0x000000000801ca54                __exidx_end = .
                0x000000000801ca54                . = ALIGN (0x4)

.rel.dyn        0x000000000801ca54        0x0
 .rel.iplt      0x000000000801ca54        0x0 d:/programs/stm32cubeide/stm32cubeide_1.7.0/stm32cubeide/plugins/com.st.stm32cube.ide.mcu.externaltools.gnu-tools-for-stm32.9-2020-q2-update.win32_2.0.0.202105311346/tools/bin/../lib/gcc/arm-none-eabi/9.3.1/thumb/v7e-m+fp/hard/crtbegin.o

.preinit_array  0x000000000801ca54        0x0
                0x000000000801ca54                . = ALIGN (0x4)
                0x000000000801ca54                PROVIDE (__preinit_array_start = .)
 *(.preinit_array*)
                0x000000000801ca54                PROVIDE (__preinit_array_end = .)
                0x000000000801ca54                . = ALIGN (0x4)

.init_array     0x000000000801ca54        0x4
                0x000000000801ca54                . = ALIGN (0x4)
                0x000000000801ca54                PROVIDE (__init_array_start = .)
 *(SORT_BY_NAME(.init_array.*))
 *(.init_array*)
 .init_array    0x000000000801ca54        0x4 d:/programs/stm32cubeide/stm32cubeide_1.7.0/stm32cubeide/plugins/com.st.stm32cube.ide.mcu.externaltools.gnu-tools-for-stm32.9-2020-q2-update.win32_2.0.0.202105311346/tools/bin/../lib/gcc/arm-none-eabi/9.3.1/thumb/v7e-m+fp/hard/crtbegin.o
                0x000000000801ca58                PROVIDE (__init_array_end = .)
                0x000000000801ca58                . = ALIGN (0x4)

.fini_array     0x000000000801ca58        0x4
                0x000000000801ca58                . = ALIGN (0x4)
                [!provide]                        PROVIDE (__fini_array_start = .)
 *(SORT_BY_NAME(.fini_array.*))
 *(.fini_array*)
 .fini_array    0x000000000801ca58        0x4 d:/programs/stm32cubeide/stm32cubeide_1.7.0/stm32cubeide/plugins/com.st.stm32cube.ide.mcu.externaltools.gnu-tools-for-stm32.9-2020-q2-update.win32_2.0.0.202105311346/tools/bin/../lib/gcc/arm-none-eabi/9.3.1/thumb/v7e-m+fp/hard/crtbegin.o
                [!provide]                        PROVIDE (__fini_array_end = .)
                0x000000000801ca5c                . = ALIGN (0x4)
                0x000000000801ca5c                _sidata = LOADADDR (.data)

.data           0x0000000020000000       0x90 load address 0x000000000801ca5c
                0x0000000020000000                . = ALIGN (0x4)
                0x0000000020000000                _sdata = .
 *(.data)
 *(.data*)
 .data.sw       0x0000000020000000       0x18 ./Core/Src/main.o
                0x0000000020000000                sw
 .data.SystemCoreClock
                0x0000000020000018        0x4 ./Core/Src/system_stm32f7xx.o
                0x0000000020000018                SystemCoreClock
 .data.sdramstatus.8661
                0x000000002000001c        0x1 ./Drivers/BSP/STM32746G-Discovery/stm32746g_discovery_sdram.o
 *fill*         0x000000002000001d        0x3 
 .data.uwTickPrio
                0x0000000020000020        0x4 ./Drivers/STM32F7xx_HAL_Driver/Src/stm32f7xx_hal.o
                0x0000000020000020                uwTickPrio
 .data.uwTickFreq
                0x0000000020000024        0x1 ./Drivers/STM32F7xx_HAL_Driver/Src/stm32f7xx_hal.o
                0x0000000020000024                uwTickFreq
 *fill*         0x0000000020000025        0x3 
 .data._impure_ptr
                0x0000000020000028        0x4 d:/programs/stm32cubeide/stm32cubeide_1.7.0/stm32cubeide/plugins/com.st.stm32cube.ide.mcu.externaltools.gnu-tools-for-stm32.9-2020-q2-update.win32_2.0.0.202105311346/tools/bin/../lib/gcc/arm-none-eabi/9.3.1/../../../../arm-none-eabi/lib/thumb/v7e-m+fp/hard\libc_nano.a(lib_a-impure.o)
                0x0000000020000028                _impure_ptr
 .data.impure_data
                0x000000002000002c       0x60 d:/programs/stm32cubeide/stm32cubeide_1.7.0/stm32cubeide/plugins/com.st.stm32cube.ide.mcu.externaltools.gnu-tools-for-stm32.9-2020-q2-update.win32_2.0.0.202105311346/tools/bin/../lib/gcc/arm-none-eabi/9.3.1/../../../../arm-none-eabi/lib/thumb/v7e-m+fp/hard\libc_nano.a(lib_a-impure.o)
 .data.__fdlib_version
                0x000000002000008c        0x1 d:/programs/stm32cubeide/stm32cubeide_1.7.0/stm32cubeide/plugins/com.st.stm32cube.ide.mcu.externaltools.gnu-tools-for-stm32.9-2020-q2-update.win32_2.0.0.202105311346/tools/bin/../lib/gcc/arm-none-eabi/9.3.1/../../../../arm-none-eabi/lib/thumb/v7e-m+fp/hard\libm.a(lib_a-s_lib_ver.o)
                0x000000002000008c                __fdlib_version
 *(.RamFunc)
 *(.RamFunc*)
                0x0000000020000090                . = ALIGN (0x4)
 *fill*         0x000000002000008d        0x3 
                0x0000000020000090                _edata = .

.igot.plt       0x0000000020000090        0x0 load address 0x000000000801caec
 .igot.plt      0x0000000020000090        0x0 d:/programs/stm32cubeide/stm32cubeide_1.7.0/stm32cubeide/plugins/com.st.stm32cube.ide.mcu.externaltools.gnu-tools-for-stm32.9-2020-q2-update.win32_2.0.0.202105311346/tools/bin/../lib/gcc/arm-none-eabi/9.3.1/thumb/v7e-m+fp/hard/crtbegin.o
                0x0000000020000090                . = ALIGN (0x4)

.bss            0x0000000020000090      0x448 load address 0x000000000801caec
                0x0000000020000090                _sbss = .
                0x0000000020000090                __bss_start__ = _sbss
 *(.bss)
 .bss           0x0000000020000090       0x1c d:/programs/stm32cubeide/stm32cubeide_1.7.0/stm32cubeide/plugins/com.st.stm32cube.ide.mcu.externaltools.gnu-tools-for-stm32.9-2020-q2-update.win32_2.0.0.202105311346/tools/bin/../lib/gcc/arm-none-eabi/9.3.1/thumb/v7e-m+fp/hard/crtbegin.o
 *(.bss*)
 .bss.ov5640    0x00000000200000ac       0x28 ./Core/Src/lib_ov5640.o
 .bss.ov5640FrameCount
                0x00000000200000d4        0x4 ./Core/Src/lib_ov5640.o
 .bss.FMC_Initialized
                0x00000000200000d8        0x4 ./Core/Src/stm32f7xx_hal_msp.o
 .bss.Timing    0x00000000200000dc       0x1c ./Drivers/BSP/STM32746G-Discovery/stm32746g_discovery_sdram.o
 .bss.Command   0x00000000200000f8       0x10 ./Drivers/BSP/STM32746G-Discovery/stm32746g_discovery_sdram.o
 .bss.dma_handle.8697
                0x0000000020000108       0x60 ./Drivers/BSP/STM32746G-Discovery/stm32746g_discovery_sdram.o
 *(COMMON)
 COMMON         0x0000000020000168       0xfc ./Core/Src/lib_ov5640.o
                0x0000000020000168                hi2c1
                0x00000000200001b4                __hdma_dcmi
                0x0000000020000214                __hdcmi
 COMMON         0x0000000020000264      0x23c ./Core/Src/main.o
                0x0000000020000264                features
                0x0000000020000340                output
                0x0000000020000368                hdcmi
                0x00000000200003b8                huart1
                0x000000002000043c                img
                0x000000002000044c                cropped
                0x000000002000045c                hsdram1
                0x0000000020000490                croppedGray
 COMMON         0x00000000200004a0       0x34 ./Drivers/BSP/STM32746G-Discovery/stm32746g_discovery_sdram.o
                0x00000000200004a0                sdramHandle
 COMMON         0x00000000200004d4        0x4 ./Drivers/STM32F7xx_HAL_Driver/Src/stm32f7xx_hal.o
                0x00000000200004d4                uwTick
                0x00000000200004d8                . = ALIGN (0x4)
                0x00000000200004d8                _ebss = .
                0x00000000200004d8                __bss_end__ = _ebss

._user_heap_stack
                0x00000000200004d8      0x600 load address 0x000000000801caec
                0x00000000200004d8                . = ALIGN (0x8)
                [!provide]                        PROVIDE (end = .)
                0x00000000200004d8                PROVIDE (_end = .)
                0x00000000200006d8                . = (. + _Min_Heap_Size)
 *fill*         0x00000000200004d8      0x200 
                0x0000000020000ad8                . = (. + _Min_Stack_Size)
 *fill*         0x00000000200006d8      0x400 
                0x0000000020000ad8                . = ALIGN (0x8)

/DISCARD/
 libc.a(*)
 libm.a(*)
 libgcc.a(*)

.ARM.attributes
                0x0000000000000000       0x30
 *(.ARM.attributes)
 .ARM.attributes
                0x0000000000000000       0x1e d:/programs/stm32cubeide/stm32cubeide_1.7.0/stm32cubeide/plugins/com.st.stm32cube.ide.mcu.externaltools.gnu-tools-for-stm32.9-2020-q2-update.win32_2.0.0.202105311346/tools/bin/../lib/gcc/arm-none-eabi/9.3.1/thumb/v7e-m+fp/hard/crti.o
 .ARM.attributes
                0x000000000000001e       0x34 d:/programs/stm32cubeide/stm32cubeide_1.7.0/stm32cubeide/plugins/com.st.stm32cube.ide.mcu.externaltools.gnu-tools-for-stm32.9-2020-q2-update.win32_2.0.0.202105311346/tools/bin/../lib/gcc/arm-none-eabi/9.3.1/thumb/v7e-m+fp/hard/crtbegin.o
 .ARM.attributes
                0x0000000000000052       0x39 ./Core/Src/dt_cls_config.o
 .ARM.attributes
                0x000000000000008b       0x34 ./Core/Src/dt_cls_inference.o
 .ARM.attributes
                0x00000000000000bf       0x34 ./Core/Src/hdr_feature_extraction.o
 .ARM.attributes
                0x00000000000000f3       0x34 ./Core/Src/lib_image.o
 .ARM.attributes
                0x0000000000000127       0x34 ./Core/Src/lib_mpu.o
 .ARM.attributes
                0x000000000000015b       0x34 ./Core/Src/lib_ov5640.o
 .ARM.attributes
                0x000000000000018f       0x34 ./Core/Src/lib_rgb2gray.o
 .ARM.attributes
                0x00000000000001c3       0x34 ./Core/Src/lib_serial.o
 .ARM.attributes
                0x00000000000001f7       0x34 ./Core/Src/lib_serialimage.o
 .ARM.attributes
                0x000000000000022b       0x34 ./Core/Src/lib_slidingwindow.o
 .ARM.attributes
                0x000000000000025f       0x34 ./Core/Src/main.o
 .ARM.attributes
                0x0000000000000293       0x34 ./Core/Src/ov5640.o
 .ARM.attributes
                0x00000000000002c7       0x34 ./Core/Src/ov5640_reg.o
 .ARM.attributes
                0x00000000000002fb       0x34 ./Core/Src/stm32f7xx_hal_msp.o
 .ARM.attributes
                0x000000000000032f       0x34 ./Core/Src/stm32f7xx_it.o
 .ARM.attributes
                0x0000000000000363       0x34 ./Core/Src/system_stm32f7xx.o
 .ARM.attributes
                0x0000000000000397       0x21 ./Core/Startup/startup_stm32f746nghx.o
 .ARM.attributes
                0x00000000000003b8       0x34 ./Drivers/BSP/STM32746G-Discovery/stm32746g_discovery_sdram.o
 .ARM.attributes
                0x00000000000003ec       0x34 ./Drivers/STM32F7xx_HAL_Driver/Src/stm32f7xx_hal.o
 .ARM.attributes
                0x0000000000000420       0x34 ./Drivers/STM32F7xx_HAL_Driver/Src/stm32f7xx_hal_cortex.o
 .ARM.attributes
                0x0000000000000454       0x34 ./Drivers/STM32F7xx_HAL_Driver/Src/stm32f7xx_hal_dcmi.o
 .ARM.attributes
                0x0000000000000488       0x34 ./Drivers/STM32F7xx_HAL_Driver/Src/stm32f7xx_hal_dma.o
 .ARM.attributes
                0x00000000000004bc       0x34 ./Drivers/STM32F7xx_HAL_Driver/Src/stm32f7xx_hal_dma_ex.o
 .ARM.attributes
                0x00000000000004f0       0x34 ./Drivers/STM32F7xx_HAL_Driver/Src/stm32f7xx_hal_gpio.o
 .ARM.attributes
                0x0000000000000524       0x34 ./Drivers/STM32F7xx_HAL_Driver/Src/stm32f7xx_hal_i2c.o
 .ARM.attributes
                0x0000000000000558       0x34 ./Drivers/STM32F7xx_HAL_Driver/Src/stm32f7xx_hal_rcc.o
 .ARM.attributes
                0x000000000000058c       0x34 ./Drivers/STM32F7xx_HAL_Driver/Src/stm32f7xx_hal_rcc_ex.o
 .ARM.attributes
                0x00000000000005c0       0x34 ./Drivers/STM32F7xx_HAL_Driver/Src/stm32f7xx_hal_sdram.o
 .ARM.attributes
                0x00000000000005f4       0x34 ./Drivers/STM32F7xx_HAL_Driver/Src/stm32f7xx_hal_uart.o
 .ARM.attributes
                0x0000000000000628       0x34 ./Drivers/STM32F7xx_HAL_Driver/Src/stm32f7xx_ll_fmc.o
 .ARM.attributes
                0x000000000000065c       0x34 d:/programs/stm32cubeide/stm32cubeide_1.7.0/stm32cubeide/plugins/com.st.stm32cube.ide.mcu.externaltools.gnu-tools-for-stm32.9-2020-q2-update.win32_2.0.0.202105311346/tools/bin/../lib/gcc/arm-none-eabi/9.3.1/../../../../arm-none-eabi/lib/thumb/v7e-m+fp/hard\libc_nano.a(lib_a-errno.o)
 .ARM.attributes
                0x0000000000000690       0x32 d:/programs/stm32cubeide/stm32cubeide_1.7.0/stm32cubeide/plugins/com.st.stm32cube.ide.mcu.externaltools.gnu-tools-for-stm32.9-2020-q2-update.win32_2.0.0.202105311346/tools/bin/../lib/gcc/arm-none-eabi/9.3.1/../../../../arm-none-eabi/lib/thumb/v7e-m+fp/hard\libc_nano.a(lib_a-impure.o)
 .ARM.attributes
                0x00000000000006c2       0x34 d:/programs/stm32cubeide/stm32cubeide_1.7.0/stm32cubeide/plugins/com.st.stm32cube.ide.mcu.externaltools.gnu-tools-for-stm32.9-2020-q2-update.win32_2.0.0.202105311346/tools/bin/../lib/gcc/arm-none-eabi/9.3.1/../../../../arm-none-eabi/lib/thumb/v7e-m+fp/hard\libc_nano.a(lib_a-init.o)
 .ARM.attributes
                0x00000000000006f6       0x34 d:/programs/stm32cubeide/stm32cubeide_1.7.0/stm32cubeide/plugins/com.st.stm32cube.ide.mcu.externaltools.gnu-tools-for-stm32.9-2020-q2-update.win32_2.0.0.202105311346/tools/bin/../lib/gcc/arm-none-eabi/9.3.1/../../../../arm-none-eabi/lib/thumb/v7e-m+fp/hard\libc_nano.a(lib_a-memcpy-stub.o)
 .ARM.attributes
                0x000000000000072a       0x34 d:/programs/stm32cubeide/stm32cubeide_1.7.0/stm32cubeide/plugins/com.st.stm32cube.ide.mcu.externaltools.gnu-tools-for-stm32.9-2020-q2-update.win32_2.0.0.202105311346/tools/bin/../lib/gcc/arm-none-eabi/9.3.1/../../../../arm-none-eabi/lib/thumb/v7e-m+fp/hard\libc_nano.a(lib_a-memset.o)
 .ARM.attributes
                0x000000000000075e       0x34 d:/programs/stm32cubeide/stm32cubeide_1.7.0/stm32cubeide/plugins/com.st.stm32cube.ide.mcu.externaltools.gnu-tools-for-stm32.9-2020-q2-update.win32_2.0.0.202105311346/tools/bin/../lib/gcc/arm-none-eabi/9.3.1/../../../../arm-none-eabi/lib/thumb/v7e-m+fp/hard\libm.a(lib_a-sf_fmax.o)
 .ARM.attributes
                0x0000000000000792       0x34 d:/programs/stm32cubeide/stm32cubeide_1.7.0/stm32cubeide/plugins/com.st.stm32cube.ide.mcu.externaltools.gnu-tools-for-stm32.9-2020-q2-update.win32_2.0.0.202105311346/tools/bin/../lib/gcc/arm-none-eabi/9.3.1/../../../../arm-none-eabi/lib/thumb/v7e-m+fp/hard\libm.a(lib_a-sf_fpclassify.o)
 .ARM.attributes
                0x00000000000007c6       0x34 d:/programs/stm32cubeide/stm32cubeide_1.7.0/stm32cubeide/plugins/com.st.stm32cube.ide.mcu.externaltools.gnu-tools-for-stm32.9-2020-q2-update.win32_2.0.0.202105311346/tools/bin/../lib/gcc/arm-none-eabi/9.3.1/../../../../arm-none-eabi/lib/thumb/v7e-m+fp/hard\libm.a(lib_a-wf_pow.o)
 .ARM.attributes
                0x00000000000007fa       0x34 d:/programs/stm32cubeide/stm32cubeide_1.7.0/stm32cubeide/plugins/com.st.stm32cube.ide.mcu.externaltools.gnu-tools-for-stm32.9-2020-q2-update.win32_2.0.0.202105311346/tools/bin/../lib/gcc/arm-none-eabi/9.3.1/../../../../arm-none-eabi/lib/thumb/v7e-m+fp/hard\libm.a(lib_a-ef_pow.o)
 .ARM.attributes
                0x000000000000082e       0x34 d:/programs/stm32cubeide/stm32cubeide_1.7.0/stm32cubeide/plugins/com.st.stm32cube.ide.mcu.externaltools.gnu-tools-for-stm32.9-2020-q2-update.win32_2.0.0.202105311346/tools/bin/../lib/gcc/arm-none-eabi/9.3.1/../../../../arm-none-eabi/lib/thumb/v7e-m+fp/hard\libm.a(lib_a-ef_sqrt.o)
 .ARM.attributes
                0x0000000000000862       0x32 d:/programs/stm32cubeide/stm32cubeide_1.7.0/stm32cubeide/plugins/com.st.stm32cube.ide.mcu.externaltools.gnu-tools-for-stm32.9-2020-q2-update.win32_2.0.0.202105311346/tools/bin/../lib/gcc/arm-none-eabi/9.3.1/../../../../arm-none-eabi/lib/thumb/v7e-m+fp/hard\libm.a(lib_a-s_lib_ver.o)
 .ARM.attributes
                0x0000000000000894       0x34 d:/programs/stm32cubeide/stm32cubeide_1.7.0/stm32cubeide/plugins/com.st.stm32cube.ide.mcu.externaltools.gnu-tools-for-stm32.9-2020-q2-update.win32_2.0.0.202105311346/tools/bin/../lib/gcc/arm-none-eabi/9.3.1/../../../../arm-none-eabi/lib/thumb/v7e-m+fp/hard\libm.a(lib_a-sf_fabs.o)
 .ARM.attributes
                0x00000000000008c8       0x34 d:/programs/stm32cubeide/stm32cubeide_1.7.0/stm32cubeide/plugins/com.st.stm32cube.ide.mcu.externaltools.gnu-tools-for-stm32.9-2020-q2-update.win32_2.0.0.202105311346/tools/bin/../lib/gcc/arm-none-eabi/9.3.1/../../../../arm-none-eabi/lib/thumb/v7e-m+fp/hard\libm.a(lib_a-sf_finite.o)
 .ARM.attributes
                0x00000000000008fc       0x34 d:/programs/stm32cubeide/stm32cubeide_1.7.0/stm32cubeide/plugins/com.st.stm32cube.ide.mcu.externaltools.gnu-tools-for-stm32.9-2020-q2-update.win32_2.0.0.202105311346/tools/bin/../lib/gcc/arm-none-eabi/9.3.1/../../../../arm-none-eabi/lib/thumb/v7e-m+fp/hard\libm.a(lib_a-sf_nan.o)
 .ARM.attributes
                0x0000000000000930       0x34 d:/programs/stm32cubeide/stm32cubeide_1.7.0/stm32cubeide/plugins/com.st.stm32cube.ide.mcu.externaltools.gnu-tools-for-stm32.9-2020-q2-update.win32_2.0.0.202105311346/tools/bin/../lib/gcc/arm-none-eabi/9.3.1/../../../../arm-none-eabi/lib/thumb/v7e-m+fp/hard\libm.a(lib_a-sf_rint.o)
 .ARM.attributes
                0x0000000000000964       0x34 d:/programs/stm32cubeide/stm32cubeide_1.7.0/stm32cubeide/plugins/com.st.stm32cube.ide.mcu.externaltools.gnu-tools-for-stm32.9-2020-q2-update.win32_2.0.0.202105311346/tools/bin/../lib/gcc/arm-none-eabi/9.3.1/../../../../arm-none-eabi/lib/thumb/v7e-m+fp/hard\libm.a(lib_a-sf_scalbn.o)
 .ARM.attributes
                0x0000000000000998       0x1e d:/programs/stm32cubeide/stm32cubeide_1.7.0/stm32cubeide/plugins/com.st.stm32cube.ide.mcu.externaltools.gnu-tools-for-stm32.9-2020-q2-update.win32_2.0.0.202105311346/tools/bin/../lib/gcc/arm-none-eabi/9.3.1/thumb/v7e-m+fp/hard\libgcc.a(_aeabi_uldivmod.o)
 .ARM.attributes
                0x00000000000009b6       0x34 d:/programs/stm32cubeide/stm32cubeide_1.7.0/stm32cubeide/plugins/com.st.stm32cube.ide.mcu.externaltools.gnu-tools-for-stm32.9-2020-q2-update.win32_2.0.0.202105311346/tools/bin/../lib/gcc/arm-none-eabi/9.3.1/thumb/v7e-m+fp/hard\libgcc.a(_udivmoddi4.o)
 .ARM.attributes
                0x00000000000009ea       0x1e d:/programs/stm32cubeide/stm32cubeide_1.7.0/stm32cubeide/plugins/com.st.stm32cube.ide.mcu.externaltools.gnu-tools-for-stm32.9-2020-q2-update.win32_2.0.0.202105311346/tools/bin/../lib/gcc/arm-none-eabi/9.3.1/thumb/v7e-m+fp/hard\libgcc.a(_dvmd_tls.o)
 .ARM.attributes
                0x0000000000000a08       0x1e d:/programs/stm32cubeide/stm32cubeide_1.7.0/stm32cubeide/plugins/com.st.stm32cube.ide.mcu.externaltools.gnu-tools-for-stm32.9-2020-q2-update.win32_2.0.0.202105311346/tools/bin/../lib/gcc/arm-none-eabi/9.3.1/thumb/v7e-m+fp/hard/crtn.o
OUTPUT(F746NG_CH6_EOC3_HandwrittenDigitRecognition.elf elf32-littlearm)
LOAD linker stubs
LOAD d:/programs/stm32cubeide/stm32cubeide_1.7.0/stm32cubeide/plugins/com.st.stm32cube.ide.mcu.externaltools.gnu-tools-for-stm32.9-2020-q2-update.win32_2.0.0.202105311346/tools/bin/../lib/gcc/arm-none-eabi/9.3.1/../../../../arm-none-eabi/lib/thumb/v7e-m+fp/hard\libc.a
LOAD d:/programs/stm32cubeide/stm32cubeide_1.7.0/stm32cubeide/plugins/com.st.stm32cube.ide.mcu.externaltools.gnu-tools-for-stm32.9-2020-q2-update.win32_2.0.0.202105311346/tools/bin/../lib/gcc/arm-none-eabi/9.3.1/../../../../arm-none-eabi/lib/thumb/v7e-m+fp/hard\libm.a
LOAD d:/programs/stm32cubeide/stm32cubeide_1.7.0/stm32cubeide/plugins/com.st.stm32cube.ide.mcu.externaltools.gnu-tools-for-stm32.9-2020-q2-update.win32_2.0.0.202105311346/tools/bin/../lib/gcc/arm-none-eabi/9.3.1/thumb/v7e-m+fp/hard\libgcc.a

.debug_info     0x0000000000000000    0x17ca2
 .debug_info    0x0000000000000000      0x10d ./Core/Src/dt_cls_config.o
 .debug_info    0x000000000000010d      0xa1b ./Core/Src/dt_cls_inference.o
 .debug_info    0x0000000000000b28      0xc6e ./Core/Src/hdr_feature_extraction.o
 .debug_info    0x0000000000001796      0x2a6 ./Core/Src/lib_image.o
 .debug_info    0x0000000000001a3c      0x247 ./Core/Src/lib_mpu.o
 .debug_info    0x0000000000001c83     0x1a4f ./Core/Src/lib_ov5640.o
 .debug_info    0x00000000000036d2      0x294 ./Core/Src/lib_rgb2gray.o
 .debug_info    0x0000000000003966      0x93d ./Core/Src/lib_serial.o
 .debug_info    0x00000000000042a3      0x928 ./Core/Src/lib_serialimage.o
 .debug_info    0x0000000000004bcb      0x3dc ./Core/Src/lib_slidingwindow.o
 .debug_info    0x0000000000004fa7     0x1fb1 ./Core/Src/main.o
 .debug_info    0x0000000000006f58     0x110f ./Core/Src/ov5640.o
 .debug_info    0x0000000000008067      0x1f0 ./Core/Src/ov5640_reg.o
 .debug_info    0x0000000000008257     0x1389 ./Core/Src/stm32f7xx_hal_msp.o
 .debug_info    0x00000000000095e0      0x222 ./Core/Src/stm32f7xx_it.o
 .debug_info    0x0000000000009802      0x7ad ./Core/Src/system_stm32f7xx.o
 .debug_info    0x0000000000009faf       0x22 ./Core/Startup/startup_stm32f746nghx.o
 .debug_info    0x0000000000009fd1      0xfe8 ./Drivers/BSP/STM32746G-Discovery/stm32746g_discovery_sdram.o
 .debug_info    0x000000000000afb9      0xa42 ./Drivers/STM32F7xx_HAL_Driver/Src/stm32f7xx_hal.o
 .debug_info    0x000000000000b9fb     0x1116 ./Drivers/STM32F7xx_HAL_Driver/Src/stm32f7xx_hal_cortex.o
 .debug_info    0x000000000000cb11      0xbb0 ./Drivers/STM32F7xx_HAL_Driver/Src/stm32f7xx_hal_dcmi.o
 .debug_info    0x000000000000d6c1      0x9f1 ./Drivers/STM32F7xx_HAL_Driver/Src/stm32f7xx_hal_dma.o
 .debug_info    0x000000000000e0b2      0x62d ./Drivers/STM32F7xx_HAL_Driver/Src/stm32f7xx_hal_dma_ex.o
 .debug_info    0x000000000000e6df      0x868 ./Drivers/STM32F7xx_HAL_Driver/Src/stm32f7xx_hal_gpio.o
 .debug_info    0x000000000000ef47     0x228e ./Drivers/STM32F7xx_HAL_Driver/Src/stm32f7xx_hal_i2c.o
 .debug_info    0x00000000000111d5      0x9cc ./Drivers/STM32F7xx_HAL_Driver/Src/stm32f7xx_hal_rcc.o
 .debug_info    0x0000000000011ba1      0x82c ./Drivers/STM32F7xx_HAL_Driver/Src/stm32f7xx_hal_rcc_ex.o
 .debug_info    0x00000000000123cd      0xeec ./Drivers/STM32F7xx_HAL_Driver/Src/stm32f7xx_hal_sdram.o
 .debug_info    0x00000000000132b9     0x3cd4 ./Drivers/STM32F7xx_HAL_Driver/Src/stm32f7xx_hal_uart.o
 .debug_info    0x0000000000016f8d      0xd15 ./Drivers/STM32F7xx_HAL_Driver/Src/stm32f7xx_ll_fmc.o

.debug_abbrev   0x0000000000000000     0x362e
 .debug_abbrev  0x0000000000000000       0x7c ./Core/Src/dt_cls_config.o
 .debug_abbrev  0x000000000000007c      0x1dd ./Core/Src/dt_cls_inference.o
 .debug_abbrev  0x0000000000000259      0x242 ./Core/Src/hdr_feature_extraction.o
 .debug_abbrev  0x000000000000049b      0x107 ./Core/Src/lib_image.o
 .debug_abbrev  0x00000000000005a2       0xe9 ./Core/Src/lib_mpu.o
 .debug_abbrev  0x000000000000068b      0x330 ./Core/Src/lib_ov5640.o
 .debug_abbrev  0x00000000000009bb      0x105 ./Core/Src/lib_rgb2gray.o
 .debug_abbrev  0x0000000000000ac0      0x18b ./Core/Src/lib_serial.o
 .debug_abbrev  0x0000000000000c4b      0x18b ./Core/Src/lib_serialimage.o
 .debug_abbrev  0x0000000000000dd6      0x16a ./Core/Src/lib_slidingwindow.o
 .debug_abbrev  0x0000000000000f40      0x2ef ./Core/Src/main.o
 .debug_abbrev  0x000000000000122f      0x200 ./Core/Src/ov5640.o
 .debug_abbrev  0x000000000000142f       0xe9 ./Core/Src/ov5640_reg.o
 .debug_abbrev  0x0000000000001518      0x21c ./Core/Src/stm32f7xx_hal_msp.o
 .debug_abbrev  0x0000000000001734       0xd2 ./Core/Src/stm32f7xx_it.o
 .debug_abbrev  0x0000000000001806      0x165 ./Core/Src/system_stm32f7xx.o
 .debug_abbrev  0x000000000000196b       0x12 ./Core/Startup/startup_stm32f746nghx.o
 .debug_abbrev  0x000000000000197d      0x244 ./Drivers/BSP/STM32746G-Discovery/stm32746g_discovery_sdram.o
 .debug_abbrev  0x0000000000001bc1      0x1ed ./Drivers/STM32F7xx_HAL_Driver/Src/stm32f7xx_hal.o
 .debug_abbrev  0x0000000000001dae      0x33c ./Drivers/STM32F7xx_HAL_Driver/Src/stm32f7xx_hal_cortex.o
 .debug_abbrev  0x00000000000020ea      0x22e ./Drivers/STM32F7xx_HAL_Driver/Src/stm32f7xx_hal_dcmi.o
 .debug_abbrev  0x0000000000002318      0x259 ./Drivers/STM32F7xx_HAL_Driver/Src/stm32f7xx_hal_dma.o
 .debug_abbrev  0x0000000000002571      0x1d4 ./Drivers/STM32F7xx_HAL_Driver/Src/stm32f7xx_hal_dma_ex.o
 .debug_abbrev  0x0000000000002745      0x1f1 ./Drivers/STM32F7xx_HAL_Driver/Src/stm32f7xx_hal_gpio.o
 .debug_abbrev  0x0000000000002936      0x256 ./Drivers/STM32F7xx_HAL_Driver/Src/stm32f7xx_hal_i2c.o
 .debug_abbrev  0x0000000000002b8c      0x246 ./Drivers/STM32F7xx_HAL_Driver/Src/stm32f7xx_hal_rcc.o
 .debug_abbrev  0x0000000000002dd2      0x1d1 ./Drivers/STM32F7xx_HAL_Driver/Src/stm32f7xx_hal_rcc_ex.o
 .debug_abbrev  0x0000000000002fa3      0x22a ./Drivers/STM32F7xx_HAL_Driver/Src/stm32f7xx_hal_sdram.o
 .debug_abbrev  0x00000000000031cd      0x2b3 ./Drivers/STM32F7xx_HAL_Driver/Src/stm32f7xx_hal_uart.o
 .debug_abbrev  0x0000000000003480      0x1ae ./Drivers/STM32F7xx_HAL_Driver/Src/stm32f7xx_ll_fmc.o

.debug_aranges  0x0000000000000000      0xff8
 .debug_aranges
                0x0000000000000000       0x18 ./Core/Src/dt_cls_config.o
 .debug_aranges
                0x0000000000000018       0x20 ./Core/Src/dt_cls_inference.o
 .debug_aranges
                0x0000000000000038       0x28 ./Core/Src/hdr_feature_extraction.o
 .debug_aranges
                0x0000000000000060       0x20 ./Core/Src/lib_image.o
 .debug_aranges
                0x0000000000000080       0x20 ./Core/Src/lib_mpu.o
 .debug_aranges
                0x00000000000000a0       0x98 ./Core/Src/lib_ov5640.o
 .debug_aranges
                0x0000000000000138       0x20 ./Core/Src/lib_rgb2gray.o
 .debug_aranges
                0x0000000000000158       0x28 ./Core/Src/lib_serial.o
 .debug_aranges
                0x0000000000000180       0x28 ./Core/Src/lib_serialimage.o
 .debug_aranges
                0x00000000000001a8       0x30 ./Core/Src/lib_slidingwindow.o
 .debug_aranges
                0x00000000000001d8       0x60 ./Core/Src/main.o
 .debug_aranges
                0x0000000000000238       0xe8 ./Core/Src/ov5640.o
 .debug_aranges
                0x0000000000000320       0x28 ./Core/Src/ov5640_reg.o
 .debug_aranges
                0x0000000000000348       0x60 ./Core/Src/stm32f7xx_hal_msp.o
 .debug_aranges
                0x00000000000003a8       0x60 ./Core/Src/stm32f7xx_it.o
 .debug_aranges
                0x0000000000000408       0x28 ./Core/Src/system_stm32f7xx.o
 .debug_aranges
                0x0000000000000430       0x28 ./Core/Startup/startup_stm32f746nghx.o
 .debug_aranges
                0x0000000000000458       0x68 ./Drivers/BSP/STM32746G-Discovery/stm32746g_discovery_sdram.o
 .debug_aranges
                0x00000000000004c0      0x100 ./Drivers/STM32F7xx_HAL_Driver/Src/stm32f7xx_hal.o
 .debug_aranges
                0x00000000000005c0      0x118 ./Drivers/STM32F7xx_HAL_Driver/Src/stm32f7xx_hal_cortex.o
 .debug_aranges
                0x00000000000006d8       0xc0 ./Drivers/STM32F7xx_HAL_Driver/Src/stm32f7xx_hal_dcmi.o
 .debug_aranges
                0x0000000000000798       0x90 ./Drivers/STM32F7xx_HAL_Driver/Src/stm32f7xx_hal_dma.o
 .debug_aranges
                0x0000000000000828       0x38 ./Drivers/STM32F7xx_HAL_Driver/Src/stm32f7xx_hal_dma_ex.o
 .debug_aranges
                0x0000000000000860       0x58 ./Drivers/STM32F7xx_HAL_Driver/Src/stm32f7xx_hal_gpio.o
 .debug_aranges
                0x00000000000008b8      0x290 ./Drivers/STM32F7xx_HAL_Driver/Src/stm32f7xx_hal_i2c.o
 .debug_aranges
                0x0000000000000b48       0x88 ./Drivers/STM32F7xx_HAL_Driver/Src/stm32f7xx_hal_rcc.o
 .debug_aranges
                0x0000000000000bd0       0x50 ./Drivers/STM32F7xx_HAL_Driver/Src/stm32f7xx_hal_rcc_ex.o
 .debug_aranges
                0x0000000000000c20       0xe8 ./Drivers/STM32F7xx_HAL_Driver/Src/stm32f7xx_hal_sdram.o
 .debug_aranges
                0x0000000000000d08      0x228 ./Drivers/STM32F7xx_HAL_Driver/Src/stm32f7xx_hal_uart.o
 .debug_aranges
                0x0000000000000f30       0xc8 ./Drivers/STM32F7xx_HAL_Driver/Src/stm32f7xx_ll_fmc.o

.debug_macro    0x0000000000000000    0x29a98
 .debug_macro   0x0000000000000000       0x1a ./Core/Src/dt_cls_config.o
 .debug_macro   0x000000000000001a      0xaa8 ./Core/Src/dt_cls_config.o
 .debug_macro   0x0000000000000ac2       0x1c ./Core/Src/dt_cls_config.o
 .debug_macro   0x0000000000000ade      0x1e2 ./Core/Src/dt_cls_inference.o
 .debug_macro   0x0000000000000cc0       0x22 ./Core/Src/dt_cls_inference.o
 .debug_macro   0x0000000000000ce2       0x4c ./Core/Src/dt_cls_inference.o
 .debug_macro   0x0000000000000d2e       0x18 ./Core/Src/dt_cls_inference.o
 .debug_macro   0x0000000000000d46       0x94 ./Core/Src/dt_cls_inference.o
 .debug_macro   0x0000000000000dda       0x3c ./Core/Src/dt_cls_inference.o
 .debug_macro   0x0000000000000e16       0x34 ./Core/Src/dt_cls_inference.o
 .debug_macro   0x0000000000000e4a       0x16 ./Core/Src/dt_cls_inference.o
 .debug_macro   0x0000000000000e60       0x57 ./Core/Src/dt_cls_inference.o
 .debug_macro   0x0000000000000eb7       0x97 ./Core/Src/dt_cls_inference.o
 .debug_macro   0x0000000000000f4e      0x339 ./Core/Src/dt_cls_inference.o
 .debug_macro   0x0000000000001287       0xfd ./Core/Src/dt_cls_inference.o
 .debug_macro   0x0000000000001384       0x10 ./Core/Src/dt_cls_inference.o
 .debug_macro   0x0000000000001394       0x16 ./Core/Src/dt_cls_inference.o
 .debug_macro   0x00000000000013aa       0x43 ./Core/Src/dt_cls_inference.o
 .debug_macro   0x00000000000013ed       0x34 ./Core/Src/dt_cls_inference.o
 .debug_macro   0x0000000000001421       0x10 ./Core/Src/dt_cls_inference.o
 .debug_macro   0x0000000000001431       0x58 ./Core/Src/dt_cls_inference.o
 .debug_macro   0x0000000000001489       0x71 ./Core/Src/dt_cls_inference.o
 .debug_macro   0x00000000000014fa       0x1c ./Core/Src/dt_cls_inference.o
 .debug_macro   0x0000000000001516      0x12a ./Core/Src/dt_cls_inference.o
 .debug_macro   0x0000000000001640       0x10 ./Core/Src/dt_cls_inference.o
 .debug_macro   0x0000000000001650       0x6a ./Core/Src/dt_cls_inference.o
 .debug_macro   0x00000000000016ba       0x1c ./Core/Src/dt_cls_inference.o
 .debug_macro   0x00000000000016d6       0x52 ./Core/Src/dt_cls_inference.o
 .debug_macro   0x0000000000001728       0x22 ./Core/Src/dt_cls_inference.o
 .debug_macro   0x000000000000174a       0x10 ./Core/Src/dt_cls_inference.o
 .debug_macro   0x000000000000175a       0x40 ./Core/Src/dt_cls_inference.o
 .debug_macro   0x000000000000179a       0xd5 ./Core/Src/dt_cls_inference.o
 .debug_macro   0x000000000000186f       0x1c ./Core/Src/dt_cls_inference.o
 .debug_macro   0x000000000000188b       0x3d ./Core/Src/dt_cls_inference.o
 .debug_macro   0x00000000000018c8       0x16 ./Core/Src/dt_cls_inference.o
 .debug_macro   0x00000000000018de      0x145 ./Core/Src/dt_cls_inference.o
 .debug_macro   0x0000000000001a23       0x16 ./Core/Src/dt_cls_inference.o
 .debug_macro   0x0000000000001a39       0x35 ./Core/Src/dt_cls_inference.o
 .debug_macro   0x0000000000001a6e       0x20 ./Core/Src/dt_cls_inference.o
 .debug_macro   0x0000000000001a8e      0x2e7 ./Core/Src/hdr_feature_extraction.o
 .debug_macro   0x0000000000001d75       0x8e ./Core/Src/hdr_feature_extraction.o
 .debug_macro   0x0000000000001e03       0x51 ./Core/Src/hdr_feature_extraction.o
 .debug_macro   0x0000000000001e54      0x103 ./Core/Src/hdr_feature_extraction.o
 .debug_macro   0x0000000000001f57      0x1df ./Core/Src/hdr_feature_extraction.o
 .debug_macro   0x0000000000002136      0x299 ./Core/Src/hdr_feature_extraction.o
 .debug_macro   0x00000000000023cf       0x2e ./Core/Src/hdr_feature_extraction.o
 .debug_macro   0x00000000000023fd       0x3b ./Core/Src/hdr_feature_extraction.o
 .debug_macro   0x0000000000002438       0x1c ./Core/Src/hdr_feature_extraction.o
 .debug_macro   0x0000000000002454       0x22 ./Core/Src/hdr_feature_extraction.o
 .debug_macro   0x0000000000002476       0xdf ./Core/Src/hdr_feature_extraction.o
 .debug_macro   0x0000000000002555     0x12cd ./Core/Src/hdr_feature_extraction.o
 .debug_macro   0x0000000000003822      0x11f ./Core/Src/hdr_feature_extraction.o
 .debug_macro   0x0000000000003941       0x19 ./Core/Src/hdr_feature_extraction.o
 .debug_macro   0x000000000000395a    0x191da ./Core/Src/hdr_feature_extraction.o
 .debug_macro   0x000000000001cb34       0x6d ./Core/Src/hdr_feature_extraction.o
 .debug_macro   0x000000000001cba1     0x3714 ./Core/Src/hdr_feature_extraction.o
 .debug_macro   0x00000000000202b5      0x174 ./Core/Src/hdr_feature_extraction.o
 .debug_macro   0x0000000000020429       0x63 ./Core/Src/hdr_feature_extraction.o
 .debug_macro   0x000000000002048c     0x18ad ./Core/Src/hdr_feature_extraction.o
 .debug_macro   0x0000000000021d39      0x6c4 ./Core/Src/hdr_feature_extraction.o
 .debug_macro   0x00000000000223fd      0x185 ./Core/Src/hdr_feature_extraction.o
 .debug_macro   0x0000000000022582      0x115 ./Core/Src/hdr_feature_extraction.o
 .debug_macro   0x0000000000022697      0x1fd ./Core/Src/hdr_feature_extraction.o
 .debug_macro   0x0000000000022894       0xa5 ./Core/Src/hdr_feature_extraction.o
 .debug_macro   0x0000000000022939      0x24f ./Core/Src/hdr_feature_extraction.o
 .debug_macro   0x0000000000022b88       0x41 ./Core/Src/hdr_feature_extraction.o
 .debug_macro   0x0000000000022bc9       0x58 ./Core/Src/hdr_feature_extraction.o
 .debug_macro   0x0000000000022c21      0x236 ./Core/Src/hdr_feature_extraction.o
 .debug_macro   0x0000000000022e57      0x22c ./Core/Src/hdr_feature_extraction.o
 .debug_macro   0x0000000000023083      0x14e ./Core/Src/hdr_feature_extraction.o
 .debug_macro   0x00000000000231d1      0x25a ./Core/Src/hdr_feature_extraction.o
 .debug_macro   0x000000000002342b       0x12 ./Core/Src/hdr_feature_extraction.o
 .debug_macro   0x000000000002343d      0x504 ./Core/Src/hdr_feature_extraction.o
 .debug_macro   0x0000000000023941      0x22c ./Core/Src/hdr_feature_extraction.o
 .debug_macro   0x0000000000023b6d       0x61 ./Core/Src/hdr_feature_extraction.o
 .debug_macro   0x0000000000023bce       0xa5 ./Core/Src/hdr_feature_extraction.o
 .debug_macro   0x0000000000023c73      0x12e ./Core/Src/hdr_feature_extraction.o
 .debug_macro   0x0000000000023da1      0x108 ./Core/Src/hdr_feature_extraction.o
 .debug_macro   0x0000000000023ea9       0x35 ./Core/Src/hdr_feature_extraction.o
 .debug_macro   0x0000000000023ede      0x558 ./Core/Src/hdr_feature_extraction.o
 .debug_macro   0x0000000000024436       0x44 ./Core/Src/hdr_feature_extraction.o
 .debug_macro   0x000000000002447a      0x14d ./Core/Src/hdr_feature_extraction.o
 .debug_macro   0x00000000000245c7       0x34 ./Core/Src/hdr_feature_extraction.o
 .debug_macro   0x00000000000245fb       0x52 ./Core/Src/hdr_feature_extraction.o
 .debug_macro   0x000000000002464d      0x333 ./Core/Src/hdr_feature_extraction.o
 .debug_macro   0x0000000000024980      0x1a9 ./Core/Src/hdr_feature_extraction.o
 .debug_macro   0x0000000000024b29      0x208 ./Core/Src/lib_image.o
 .debug_macro   0x0000000000024d31      0x1fd ./Core/Src/lib_mpu.o
 .debug_macro   0x0000000000024f2e      0x231 ./Core/Src/lib_ov5640.o
 .debug_macro   0x000000000002515f      0xfed ./Core/Src/lib_ov5640.o
 .debug_macro   0x000000000002614c      0x152 ./Core/Src/lib_ov5640.o
 .debug_macro   0x000000000002629e       0x3a ./Core/Src/lib_ov5640.o
 .debug_macro   0x00000000000262d8       0x88 ./Core/Src/lib_ov5640.o
 .debug_macro   0x0000000000026360      0x20c ./Core/Src/lib_rgb2gray.o
 .debug_macro   0x000000000002656c      0x202 ./Core/Src/lib_serial.o
 .debug_macro   0x000000000002676e       0x16 ./Core/Src/lib_serial.o
 .debug_macro   0x0000000000026784      0x20b ./Core/Src/lib_serialimage.o
 .debug_macro   0x000000000002698f       0x16 ./Core/Src/lib_serialimage.o
 .debug_macro   0x00000000000269a5      0x223 ./Core/Src/lib_slidingwindow.o
 .debug_macro   0x0000000000026bc8       0x10 ./Core/Src/lib_slidingwindow.o
 .debug_macro   0x0000000000026bd8      0x2a5 ./Core/Src/main.o
 .debug_macro   0x0000000000026e7d      0x89c ./Core/Src/main.o
 .debug_macro   0x0000000000027719       0xa0 ./Core/Src/main.o
 .debug_macro   0x00000000000277b9       0x1c ./Core/Src/main.o
 .debug_macro   0x00000000000277d5       0x1c ./Core/Src/main.o
 .debug_macro   0x00000000000277f1       0x16 ./Core/Src/main.o
 .debug_macro   0x0000000000027807       0x9d ./Core/Src/ov5640.o
 .debug_macro   0x00000000000278a4       0x85 ./Core/Src/ov5640_reg.o
 .debug_macro   0x0000000000027929      0x202 ./Core/Src/stm32f7xx_hal_msp.o
 .debug_macro   0x0000000000027b2b      0x20c ./Core/Src/stm32f7xx_it.o
 .debug_macro   0x0000000000027d37      0x1f3 ./Core/Src/system_stm32f7xx.o
 .debug_macro   0x0000000000027f2a      0x202 ./Drivers/BSP/STM32746G-Discovery/stm32746g_discovery_sdram.o
 .debug_macro   0x000000000002812c       0x9a ./Drivers/BSP/STM32746G-Discovery/stm32746g_discovery_sdram.o
 .debug_macro   0x00000000000281c6      0x217 ./Drivers/STM32F7xx_HAL_Driver/Src/stm32f7xx_hal.o
 .debug_macro   0x00000000000283dd      0x1f3 ./Drivers/STM32F7xx_HAL_Driver/Src/stm32f7xx_hal_cortex.o
 .debug_macro   0x00000000000285d0      0x1fa ./Drivers/STM32F7xx_HAL_Driver/Src/stm32f7xx_hal_dcmi.o
 .debug_macro   0x00000000000287ca      0x1f9 ./Drivers/STM32F7xx_HAL_Driver/Src/stm32f7xx_hal_dma.o
 .debug_macro   0x00000000000289c3      0x1f3 ./Drivers/STM32F7xx_HAL_Driver/Src/stm32f7xx_hal_dma_ex.o
 .debug_macro   0x0000000000028bb6      0x1f9 ./Drivers/STM32F7xx_HAL_Driver/Src/stm32f7xx_hal_gpio.o
 .debug_macro   0x0000000000028daf      0x2bf ./Drivers/STM32F7xx_HAL_Driver/Src/stm32f7xx_hal_i2c.o
 .debug_macro   0x000000000002906e      0x217 ./Drivers/STM32F7xx_HAL_Driver/Src/stm32f7xx_hal_rcc.o
 .debug_macro   0x0000000000029285      0x1f3 ./Drivers/STM32F7xx_HAL_Driver/Src/stm32f7xx_hal_rcc_ex.o
 .debug_macro   0x0000000000029478      0x1f3 ./Drivers/STM32F7xx_HAL_Driver/Src/stm32f7xx_hal_sdram.o
 .debug_macro   0x000000000002966b      0x210 ./Drivers/STM32F7xx_HAL_Driver/Src/stm32f7xx_hal_uart.o
 .debug_macro   0x000000000002987b      0x21d ./Drivers/STM32F7xx_HAL_Driver/Src/stm32f7xx_ll_fmc.o

.debug_line     0x0000000000000000    0x18da3
 .debug_line    0x0000000000000000       0x5b ./Core/Src/dt_cls_config.o
 .debug_line    0x000000000000005b      0x840 ./Core/Src/dt_cls_inference.o
 .debug_line    0x000000000000089b      0xd56 ./Core/Src/hdr_feature_extraction.o
 .debug_line    0x00000000000015f1      0x7c3 ./Core/Src/lib_image.o
 .debug_line    0x0000000000001db4      0x79c ./Core/Src/lib_mpu.o
 .debug_line    0x0000000000002550      0xa3a ./Core/Src/lib_ov5640.o
 .debug_line    0x0000000000002f8a      0x876 ./Core/Src/lib_rgb2gray.o
 .debug_line    0x0000000000003800      0x8e4 ./Core/Src/lib_serial.o
 .debug_line    0x00000000000040e4      0x869 ./Core/Src/lib_serialimage.o
 .debug_line    0x000000000000494d      0x9ba ./Core/Src/lib_slidingwindow.o
 .debug_line    0x0000000000005307      0xe39 ./Core/Src/main.o
 .debug_line    0x0000000000006140     0x10b7 ./Core/Src/ov5640.o
 .debug_line    0x00000000000071f7      0x47f ./Core/Src/ov5640_reg.o
 .debug_line    0x0000000000007676      0x97b ./Core/Src/stm32f7xx_hal_msp.o
 .debug_line    0x0000000000007ff1      0x845 ./Core/Src/stm32f7xx_it.o
 .debug_line    0x0000000000008836      0x802 ./Core/Src/system_stm32f7xx.o
 .debug_line    0x0000000000009038       0x88 ./Core/Startup/startup_stm32f746nghx.o
 .debug_line    0x00000000000090c0      0x961 ./Drivers/BSP/STM32746G-Discovery/stm32746g_discovery_sdram.o
 .debug_line    0x0000000000009a21      0xa93 ./Drivers/STM32F7xx_HAL_Driver/Src/stm32f7xx_hal.o
 .debug_line    0x000000000000a4b4      0xd19 ./Drivers/STM32F7xx_HAL_Driver/Src/stm32f7xx_hal_cortex.o
 .debug_line    0x000000000000b1cd      0xeb7 ./Drivers/STM32F7xx_HAL_Driver/Src/stm32f7xx_hal_dcmi.o
 .debug_line    0x000000000000c084      0xfe0 ./Drivers/STM32F7xx_HAL_Driver/Src/stm32f7xx_hal_dma.o
 .debug_line    0x000000000000d064     0x13d5 ./Drivers/STM32F7xx_HAL_Driver/Src/stm32f7xx_hal_dma_ex.o
 .debug_line    0x000000000000e439      0xc07 ./Drivers/STM32F7xx_HAL_Driver/Src/stm32f7xx_hal_gpio.o
 .debug_line    0x000000000000f040     0x3438 ./Drivers/STM32F7xx_HAL_Driver/Src/stm32f7xx_hal_i2c.o
 .debug_line    0x0000000000012478      0xed4 ./Drivers/STM32F7xx_HAL_Driver/Src/stm32f7xx_hal_rcc.o
 .debug_line    0x000000000001334c      0xe8f ./Drivers/STM32F7xx_HAL_Driver/Src/stm32f7xx_hal_rcc_ex.o
 .debug_line    0x00000000000141db      0xe6a ./Drivers/STM32F7xx_HAL_Driver/Src/stm32f7xx_hal_sdram.o
 .debug_line    0x0000000000015045     0x325d ./Drivers/STM32F7xx_HAL_Driver/Src/stm32f7xx_hal_uart.o
 .debug_line    0x00000000000182a2      0xb01 ./Drivers/STM32F7xx_HAL_Driver/Src/stm32f7xx_ll_fmc.o

.debug_str      0x0000000000000000    0xf4bbc
 .debug_str     0x0000000000000000     0x2e66 ./Core/Src/dt_cls_config.o
                                       0x2e73 (size before relaxing)
 .debug_str     0x0000000000002e66     0x4844 ./Core/Src/dt_cls_inference.o
                                       0x7869 (size before relaxing)
 .debug_str     0x00000000000076aa    0xe0f7e ./Core/Src/hdr_feature_extraction.o
                                      0xe7dc0 (size before relaxing)
 .debug_str     0x00000000000e8628       0x76 ./Core/Src/lib_image.o
                                      0xe4317 (size before relaxing)
 .debug_str     0x00000000000e869e       0xb9 ./Core/Src/lib_mpu.o
                                      0xe418b (size before relaxing)
 .debug_str     0x00000000000e8757     0x5c43 ./Core/Src/lib_ov5640.o
                                      0xea163 (size before relaxing)
 .debug_str     0x00000000000ee39a       0x59 ./Core/Src/lib_rgb2gray.o
                                      0xe42ea (size before relaxing)
 .debug_str     0x00000000000ee3f3      0x2fb ./Core/Src/lib_serial.o
                                      0xe4686 (size before relaxing)
 .debug_str     0x00000000000ee6ee       0x62 ./Core/Src/lib_serialimage.o
                                      0xe47f4 (size before relaxing)
 .debug_str     0x00000000000ee750      0x1f3 ./Core/Src/lib_slidingwindow.o
                                      0xe44bc (size before relaxing)
 .debug_str     0x00000000000ee943     0x278c ./Core/Src/main.o
                                      0xec0c0 (size before relaxing)
 .debug_str     0x00000000000f10cf      0x40a ./Core/Src/ov5640.o
                                       0x95b2 (size before relaxing)
 .debug_str     0x00000000000f14d9       0x40 ./Core/Src/ov5640_reg.o
                                       0x8716 (size before relaxing)
 .debug_str     0x00000000000f1519       0xeb ./Core/Src/stm32f7xx_hal_msp.o
                                      0xe6d73 (size before relaxing)
 .debug_str     0x00000000000f1604       0xbd ./Core/Src/stm32f7xx_it.o
                                      0xe6101 (size before relaxing)
 .debug_str     0x00000000000f16c1       0x5b ./Core/Src/system_stm32f7xx.o