hts221.c:194:9:HTS221_GetCapabilities	0	static
hts221.c:232:9:HTS221_HUM_Enable	8	static
hts221.c:380:9:HTS221_TEMP_Enable	8	static
hts221.c:661:16:HTS221_SetOutputDataRate	8	static
hts221.c:132:9:HTS221_Init	16	static
hts221.c:302:9:HTS221_HUM_SetOutputDataRate	0	static
hts221.c:178:9:HTS221_ReadID	8	static
hts221.c:619:16:HTS221_GetOutputDataRate	16	static
hts221.c:291:9:HTS221_HUM_GetOutputDataRate	0	static
hts221.c:313:9:HTS221_HUM_GetHumidity	40	static
hts221.c:739:16:ReadRegWrap	8	static
hts221.c:763:16:WriteRegWrap	8	static
hts221.c:261:9:HTS221_HUM_Disable	8	static
hts221.c:409:9:HTS221_TEMP_Disable	8	static
hts221.c:152:9:HTS221_DeInit	8	static
hts221.c:450:9:HTS221_TEMP_SetOutputDataRate	0	static
hts221.c:439:9:HTS221_TEMP_GetOutputDataRate	0	static
hts221.c:461:9:HTS221_TEMP_GetTemperature	40	static
hts221.c:92:9:HTS221_RegisterBusIO	0	static
hts221.c:215:9:HTS221_Get_Init_Status	0	static
hts221.c:365:9:HTS221_HUM_Get_DRDY_Status	8	static
hts221.c:503:9:HTS221_TEMP_Get_DRDY_Status	8	static
hts221.c:518:9:HTS221_Set_One_Shot	8	static
hts221.c:542:9:HTS221_Get_One_Shot_Status	24	static
hts221.c:578:9:HTS221_Read_Reg	8	static
hts221.c:595:9:HTS221_Write_Reg	16	static
hts221.c:710:9:HTS221_Enable_DRDY_Interrupt	8	static
