stm32746g_discovery.c:178:10:BSP_GetVersion	4	static
stm32746g_discovery.c:190:6:BSP_LED_Init	48	static
stm32746g_discovery.c:222:6:BSP_LED_DeInit	40	static
stm32746g_discovery.c:245:6:BSP_LED_On	24	static
stm32746g_discovery.c:263:6:BSP_LED_Off	24	static
stm32746g_discovery.c:281:6:BSP_LED_Toggle	24	static
stm32746g_discovery.c:309:6:BSP_PB_Init	48	static
stm32746g_discovery.c:363:6:BSP_PB_DeInit	40	static
stm32746g_discovery.c:385:10:BSP_PB_GetState	16	static
stm32746g_discovery.c:400:6:BSP_COM_Init	48	static
stm32746g_discovery.c:440:6:BSP_COM_DeInit	16	static
stm32746g_discovery.c:466:13:I2Cx_MspInit	56	static
stm32746g_discovery.c:553:13:I2Cx_Init	16	static
stm32746g_discovery.c:591:26:I2Cx_ReadMultiple	48	static
stm32746g_discovery.c:621:26:I2Cx_WriteMultiple	48	static
stm32746g_discovery.c:649:26:I2Cx_IsDeviceReady	24	static
stm32746g_discovery.c:660:13:I2Cx_Error	16	static
stm32746g_discovery.c:679:6:AUDIO_IO_Init	8	static
stm32746g_discovery.c:688:6:AUDIO_IO_DeInit	4	static
stm32746g_discovery.c:699:6:AUDIO_IO_Write	32	static
stm32746g_discovery.c:716:10:AUDIO_IO_Read	32	static
stm32746g_discovery.c:736:6:AUDIO_IO_Delay	16	static
stm32746g_discovery.c:747:6:CAMERA_IO_Init	8	static
stm32746g_discovery.c:759:6:CAMERA_IO_Write	24	static
stm32746g_discovery.c:770:9:CAMERA_IO_Read	32	static
stm32746g_discovery.c:784:6:CAMERA_Delay	16	static
stm32746g_discovery.c:795:6:EEPROM_IO_Init	8	static
stm32746g_discovery.c:808:19:EEPROM_IO_WriteData	32	static
stm32746g_discovery.c:821:19:EEPROM_IO_ReadData	32	static
stm32746g_discovery.c:833:19:EEPROM_IO_IsDeviceReady	16	static
stm32746g_discovery.c:844:6:TS_IO_Init	8	static
stm32746g_discovery.c:856:6:TS_IO_Write	24	static
stm32746g_discovery.c:867:9:TS_IO_Read	32	static
stm32746g_discovery.c:881:6:TS_IO_Delay	16	static
