runtime_shape.h:64:3:tflite::RuntimeShape::~RuntimeShape()	16	static
runtime_shape.h:66:11:int32_t tflite::RuntimeShape::DimensionsCount() const	16	static
runtime_shape.h:67:11:int32_t tflite::RuntimeShape::Dims(int) const	16	static
runtime_shape.h:84:18:const int32_t* tflite::RuntimeShape::DimsData() const	16	static
runtime_shape.h:96:7:int tflite::RuntimeShape::FlatSize() const	32	static
types.h:313:12:int tflite::MatchingFlatSize(const tflite::RuntimeShape&, const tflite::RuntimeShape&)	32	static
gthr-default.h:229:1:int __gthread_key_delete(__gthread_key_t)	16	static
neg.cc:30:14:TfLiteStatus tflite::{anonymous}::Eval(TfLiteContext*, TfLiteNode*)	88	static
neg.cc:53:18:TFLMRegistration tflite::Register_NEG()	24	static
kernel_util.h:76:10:const T* tflite::micro::GetTensorData(const TfLiteEvalTensor*) [with T = float]	16	static
kernel_util.h:69:4:T* tflite::micro::GetTensorData(TfLiteEvalTensor*) [with T = float]	16	static
neg.h:25:13:void tflite::reference_ops::Negate(const tflite::RuntimeShape&, const T*, const tflite::RuntimeShape&, T*) [with T = float]	32	static
