Archive member included to satisfy reference by file (symbol)

D:\Workspaces\STM32MLBookEOCWorkspace\F746NG_CH8_EOC1_FallDetection\libCMSIS_DSP.a(ComplexMathFunctions.o)
                              ./Core/Src/har_feature_extraction.o (arm_cmplx_mag_f32)
D:\Workspaces\STM32MLBookEOCWorkspace\F746NG_CH8_EOC1_FallDetection\libCMSIS_DSP.a(FastMathFunctions.o)
                              D:\Workspaces\STM32MLBookEOCWorkspace\F746NG_CH8_EOC1_FallDetection\libCMSIS_DSP.a(ComplexMathFunctions.o) (arm_sqrt_q31)
D:\Workspaces\STM32MLBookEOCWorkspace\F746NG_CH8_EOC1_FallDetection\libCMSIS_DSP.a(StatisticsFunctions.o)
                              ./Core/Src/har_feature_extraction.o (arm_std_f32)
D:\Workspaces\STM32MLBookEOCWorkspace\F746NG_CH8_EOC1_FallDetection\libCMSIS_DSP.a(TransformFunctions.o)
                              ./Core/Src/har_feature_extraction.o (arm_rfft_fast_f32)
D:\Workspaces\STM32MLBookEOCWorkspace\F746NG_CH8_EOC1_FallDetection\libCMSIS_DSP.a(BasicMathFunctions.o)
                              D:\Workspaces\STM32MLBookEOCWorkspace\F746NG_CH8_EOC1_FallDetection\libCMSIS_DSP.a(FastMathFunctions.o) (arm_abs_q15)
D:\Workspaces\STM32MLBookEOCWorkspace\F746NG_CH8_EOC1_FallDetection\libCMSIS_DSP.a(CommonTables.o)
                              D:\Workspaces\STM32MLBookEOCWorkspace\F746NG_CH8_EOC1_FallDetection\libCMSIS_DSP.a(TransformFunctions.o) (arm_cfft_sR_q15_len4096)
D:\Workspaces\STM32MLBookEOCWorkspace\F746NG_CH8_EOC1_FallDetection\libCMSIS_DSP.a(MatrixFunctions.o)
                              D:\Workspaces\STM32MLBookEOCWorkspace\F746NG_CH8_EOC1_FallDetection\libCMSIS_DSP.a(TransformFunctions.o) (arm_mat_vec_mult_f32)
d:/programs/stm32cubeide/stm32cubeide_1.7.0/stm32cubeide/plugins/com.st.stm32cube.ide.mcu.externaltools.gnu-tools-for-stm32.9-2020-q2-update.win32_2.0.0.202105311346/tools/bin/../lib/gcc/arm-none-eabi/9.3.1/../../../../arm-none-eabi/lib/thumb/v7e-m+fp/hard\libc_nano.a(lib_a-errno.o)
                              ./Core/Src/syscalls.o (__errno)
d:/programs/stm32cubeide/stm32cubeide_1.7.0/stm32cubeide/plugins/com.st.stm32cube.ide.mcu.externaltools.gnu-tools-for-stm32.9-2020-q2-update.win32_2.0.0.202105311346/tools/bin/../lib/gcc/arm-none-eabi/9.3.1/../../../../arm-none-eabi/lib/thumb/v7e-m+fp/hard\libc_nano.a(lib_a-exit.o)
                              d:/programs/stm32cubeide/stm32cubeide_1.7.0/stm32cubeide/plugins/com.st.stm32cube.ide.mcu.externaltools.gnu-tools-for-stm32.9-2020-q2-update.win32_2.0.0.202105311346/tools/bin/../lib/gcc/arm-none-eabi/9.3.1/../../../../arm-none-eabi/lib/thumb/v7e-m+fp/hard/crt0.o (exit)
d:/programs/stm32cubeide/stm32cubeide_1.7.0/stm32cubeide/plugins/com.st.stm32cube.ide.mcu.externaltools.gnu-tools-for-stm32.9-2020-q2-update.win32_2.0.0.202105311346/tools/bin/../lib/gcc/arm-none-eabi/9.3.1/../../../../arm-none-eabi/lib/thumb/v7e-m+fp/hard\libc_nano.a(lib_a-impure.o)
                              d:/programs/stm32cubeide/stm32cubeide_1.7.0/stm32cubeide/plugins/com.st.stm32cube.ide.mcu.externaltools.gnu-tools-for-stm32.9-2020-q2-update.win32_2.0.0.202105311346/tools/bin/../lib/gcc/arm-none-eabi/9.3.1/../../../../arm-none-eabi/lib/thumb/v7e-m+fp/hard\libc_nano.a(lib_a-exit.o) (_global_impure_ptr)
d:/programs/stm32cubeide/stm32cubeide_1.7.0/stm32cubeide/plugins/com.st.stm32cube.ide.mcu.externaltools.gnu-tools-for-stm32.9-2020-q2-update.win32_2.0.0.202105311346/tools/bin/../lib/gcc/arm-none-eabi/9.3.1/../../../../arm-none-eabi/lib/thumb/v7e-m+fp/hard\libc_nano.a(lib_a-init.o)
                              d:/programs/stm32cubeide/stm32cubeide_1.7.0/stm32cubeide/plugins/com.st.stm32cube.ide.mcu.externaltools.gnu-tools-for-stm32.9-2020-q2-update.win32_2.0.0.202105311346/tools/bin/../lib/gcc/arm-none-eabi/9.3.1/../../../../arm-none-eabi/lib/thumb/v7e-m+fp/hard/crt0.o (__libc_init_array)
d:/programs/stm32cubeide/stm32cubeide_1.7.0/stm32cubeide/plugins/com.st.stm32cube.ide.mcu.externaltools.gnu-tools-for-stm32.9-2020-q2-update.win32_2.0.0.202105311346/tools/bin/../lib/gcc/arm-none-eabi/9.3.1/../../../../arm-none-eabi/lib/thumb/v7e-m+fp/hard\libc_nano.a(lib_a-memcpy-stub.o)
                              D:\Workspaces\STM32MLBookEOCWorkspace\F746NG_CH8_EOC1_FallDetection\libCMSIS_DSP.a(MatrixFunctions.o) (memcpy)
d:/programs/stm32cubeide/stm32cubeide_1.7.0/stm32cubeide/plugins/com.st.stm32cube.ide.mcu.externaltools.gnu-tools-for-stm32.9-2020-q2-update.win32_2.0.0.202105311346/tools/bin/../lib/gcc/arm-none-eabi/9.3.1/../../../../arm-none-eabi/lib/thumb/v7e-m+fp/hard\libc_nano.a(lib_a-memset.o)
                              d:/programs/stm32cubeide/stm32cubeide_1.7.0/stm32cubeide/plugins/com.st.stm32cube.ide.mcu.externaltools.gnu-tools-for-stm32.9-2020-q2-update.win32_2.0.0.202105311346/tools/bin/../lib/gcc/arm-none-eabi/9.3.1/../../../../arm-none-eabi/lib/thumb/v7e-m+fp/hard/crt0.o (memset)
[...]
Memory Configuration

Name             Origin             Length             Attributes
RAM              0x0000000020000000 0x0000000000050000 xrw
FLASH            0x0000000008000000 0x0000000000100000 xr
*default*        0x0000000000000000 0xffffffffffffffff

Linker script and memory map

LOAD d:/programs/stm32cubeide/stm32cubeide_1.7.0/stm32cubeide/plugins/com.st.stm32cube.ide.mcu.externaltools.gnu-tools-for-stm32.9-2020-q2-update.win32_2.0.0.202105311346/tools/bin/../lib/gcc/arm-none-eabi/9.3.1/thumb/v7e-m+fp/hard/crti.o
LOAD d:/programs/stm32cubeide/stm32cubeide_1.7.0/stm32cubeide/plugins/com.st.stm32cube.ide.mcu.externaltools.gnu-tools-for-stm32.9-2020-q2-update.win32_2.0.0.202105311346/tools/bin/../lib/gcc/arm-none-eabi/9.3.1/thumb/v7e-m+fp/hard/crtbegin.o
LOAD d:/programs/stm32cubeide/stm32cubeide_1.7.0/stm32cubeide/plugins/com.st.stm32cube.ide.mcu.externaltools.gnu-tools-for-stm32.9-2020-q2-update.win32_2.0.0.202105311346/tools/bin/../lib/gcc/arm-none-eabi/9.3.1/../../../../arm-none-eabi/lib/thumb/v7e-m+fp/hard/crt0.o
LOAD ./Core/Src/bno055.o
LOAD ./Core/Src/dbscan_clus_config.o
LOAD ./Core/Src/dbscan_clus_inference.o
LOAD ./Core/Src/har_feature_extraction.o
LOAD ./Core/Src/lib_bno055.o
LOAD ./Core/Src/lib_serial.o
LOAD ./Core/Src/main.o
LOAD ./Core/Src/stm32f7xx_hal_msp.o
LOAD ./Core/Src/stm32f7xx_it.o
LOAD ./Core/Src/syscalls.o
LOAD ./Core/Src/sysmem.o
LOAD ./Core/Src/system_stm32f7xx.o
LOAD ./Core/Startup/startup_stm32f746nghx.o
LOAD ./Drivers/STM32F7xx_HAL_Driver/Src/stm32f7xx_hal.o
LOAD ./Drivers/STM32F7xx_HAL_Driver/Src/stm32f7xx_hal_cortex.o
LOAD ./Drivers/STM32F7xx_HAL_Driver/Src/stm32f7xx_hal_dma.o
LOAD ./Drivers/STM32F7xx_HAL_Driver/Src/stm32f7xx_hal_dma_ex.o
LOAD ./Drivers/STM32F7xx_HAL_Driver/Src/stm32f7xx_hal_exti.o
LOAD ./Drivers/STM32F7xx_HAL_Driver/Src/stm32f7xx_hal_flash.o
LOAD ./Drivers/STM32F7xx_HAL_Driver/Src/stm32f7xx_hal_flash_ex.o
LOAD ./Drivers/STM32F7xx_HAL_Driver/Src/stm32f7xx_hal_gpio.o
LOAD ./Drivers/STM32F7xx_HAL_Driver/Src/stm32f7xx_hal_i2c.o
LOAD ./Drivers/STM32F7xx_HAL_Driver/Src/stm32f7xx_hal_i2c_ex.o
LOAD ./Drivers/STM32F7xx_HAL_Driver/Src/stm32f7xx_hal_pwr.o
LOAD ./Drivers/STM32F7xx_HAL_Driver/Src/stm32f7xx_hal_pwr_ex.o
LOAD ./Drivers/STM32F7xx_HAL_Driver/Src/stm32f7xx_hal_rcc.o
LOAD ./Drivers/STM32F7xx_HAL_Driver/Src/stm32f7xx_hal_rcc_ex.o
LOAD ./Drivers/STM32F7xx_HAL_Driver/Src/stm32f7xx_hal_tim.o
LOAD ./Drivers/STM32F7xx_HAL_Driver/Src/stm32f7xx_hal_tim_ex.o
LOAD ./Drivers/STM32F7xx_HAL_Driver/Src/stm32f7xx_hal_uart.o
LOAD ./Drivers/STM32F7xx_HAL_Driver/Src/stm32f7xx_hal_uart_ex.o
LOAD D:\Workspaces\STM32MLBookEOCWorkspace\F746NG_CH8_EOC1_FallDetection\libCMSIS_DSP.a
START GROUP
LOAD d:/programs/stm32cubeide/stm32cubeide_1.7.0/stm32cubeide/plugins/com.st.stm32cube.ide.mcu.externaltools.gnu-tools-for-stm32.9-2020-q2-update.win32_2.0.0.202105311346/tools/bin/../lib/gcc/arm-none-eabi/9.3.1/../../../../arm-none-eabi/lib/thumb/v7e-m+fp/hard\libc_nano.a
LOAD d:/programs/stm32cubeide/stm32cubeide_1.7.0/stm32cubeide/plugins/com.st.stm32cube.ide.mcu.externaltools.gnu-tools-for-stm32.9-2020-q2-update.win32_2.0.0.202105311346/tools/bin/../lib/gcc/arm-none-eabi/9.3.1/../../../../arm-none-eabi/lib/thumb/v7e-m+fp/hard\libm.a
END GROUP
START GROUP
LOAD d:/programs/stm32cubeide/stm32cubeide_1.7.0/stm32cubeide/plugins/com.st.stm32cube.ide.mcu.externaltools.gnu-tools-for-stm32.9-2020-q2-update.win32_2.0.0.202105311346/tools/bin/../lib/gcc/arm-none-eabi/9.3.1/thumb/v7e-m+fp/hard\libgcc.a
LOAD d:/programs/stm32cubeide/stm32cubeide_1.7.0/stm32cubeide/plugins/com.st.stm32cube.ide.mcu.externaltools.gnu-tools-for-stm32.9-2020-q2-update.win32_2.0.0.202105311346/tools/bin/../lib/gcc/arm-none-eabi/9.3.1/../../../../arm-none-eabi/lib/thumb/v7e-m+fp/hard\libc_nano.a
END GROUP
START GROUP
LOAD d:/programs/stm32cubeide/stm32cubeide_1.7.0/stm32cubeide/plugins/com.st.stm32cube.ide.mcu.externaltools.gnu-tools-for-stm32.9-2020-q2-update.win32_2.0.0.202105311346/tools/bin/../lib/gcc/arm-none-eabi/9.3.1/thumb/v7e-m+fp/hard\libgcc.a
LOAD d:/programs/stm32cubeide/stm32cubeide_1.7.0/stm32cubeide/plugins/com.st.stm32cube.ide.mcu.externaltools.gnu-tools-for-stm32.9-2020-q2-update.win32_2.0.0.202105311346/tools/bin/../lib/gcc/arm-none-eabi/9.3.1/../../../../arm-none-eabi/lib/thumb/v7e-m+fp/hard\libc_nano.a
LOAD d:/programs/stm32cubeide/stm32cubeide_1.7.0/stm32cubeide/plugins/com.st.stm32cube.ide.mcu.externaltools.gnu-tools-for-stm32.9-2020-q2-update.win32_2.0.0.202105311346/tools/bin/../lib/gcc/arm-none-eabi/9.3.1/../../../../arm-none-eabi/lib/thumb/v7e-m+fp/hard\libnosys.a
END GROUP
START GROUP
LOAD d:/programs/stm32cubeide/stm32cubeide_1.7.0/stm32cubeide/plugins/com.st.stm32cube.ide.mcu.externaltools.gnu-tools-for-stm32.9-2020-q2-update.win32_2.0.0.202105311346/tools/bin/../lib/gcc/arm-none-eabi/9.3.1/thumb/v7e-m+fp/hard\libgcc.a
LOAD d:/programs/stm32cubeide/stm32cubeide_1.7.0/stm32cubeide/plugins/com.st.stm32cube.ide.mcu.externaltools.gnu-tools-for-stm32.9-2020-q2-update.win32_2.0.0.202105311346/tools/bin/../lib/gcc/arm-none-eabi/9.3.1/../../../../arm-none-eabi/lib/thumb/v7e-m+fp/hard\libc_nano.a
LOAD d:/programs/stm32cubeide/stm32cubeide_1.7.0/stm32cubeide/plugins/com.st.stm32cube.ide.mcu.externaltools.gnu-tools-for-stm32.9-2020-q2-update.win32_2.0.0.202105311346/tools/bin/../lib/gcc/arm-none-eabi/9.3.1/../../../../arm-none-eabi/lib/thumb/v7e-m+fp/hard\libnosys.a
END GROUP
LOAD d:/programs/stm32cubeide/stm32cubeide_1.7.0/stm32cubeide/plugins/com.st.stm32cube.ide.mcu.externaltools.gnu-tools-for-stm32.9-2020-q2-update.win32_2.0.0.202105311346/tools/bin/../lib/gcc/arm-none-eabi/9.3.1/thumb/v7e-m+fp/hard/crtend.o
LOAD d:/programs/stm32cubeide/stm32cubeide_1.7.0/stm32cubeide/plugins/com.st.stm32cube.ide.mcu.externaltools.gnu-tools-for-stm32.9-2020-q2-update.win32_2.0.0.202105311346/tools/bin/../lib/gcc/arm-none-eabi/9.3.1/thumb/v7e-m+fp/hard/crtn.o
                0x0000000020050000                _estack = (ORIGIN (RAM) + LENGTH (RAM))
                0x0000000000000200                _Min_Heap_Size = 0x200
                0x0000000000000400                _Min_Stack_Size = 0x400

.isr_vector     0x0000000008000000      0x1c8
                0x0000000008000000                . = ALIGN (0x4)
 *(.isr_vector)
 .isr_vector    0x0000000008000000      0x1c8 ./Core/Startup/startup_stm32f746nghx.o
                0x0000000008000000                g_pfnVectors
                0x00000000080001c8                . = ALIGN (0x4)

.text           0x00000000080001c8     0x73bc
                0x00000000080001c8                . = ALIGN (0x4)
 *(.text)
 .text          0x00000000080001c8       0x40 d:/programs/stm32cubeide/stm32cubeide_1.7.0/stm32cubeide/plugins/com.st.stm32cube.ide.mcu.externaltools.gnu-tools-for-stm32.9-2020-q2-update.win32_2.0.0.202105311346/tools/bin/../lib/gcc/arm-none-eabi/9.3.1/thumb/v7e-m+fp/hard/crtbegin.o
 .text          0x0000000008000208      0x378 d:/programs/stm32cubeide/stm32cubeide_1.7.0/stm32cubeide/plugins/com.st.stm32cube.ide.mcu.externaltools.gnu-tools-for-stm32.9-2020-q2-update.win32_2.0.0.202105311346/tools/bin/../lib/gcc/arm-none-eabi/9.3.1/thumb/v7e-m+fp/hard\libgcc.a(_arm_addsubdf3.o)
                0x0000000008000208                __aeabi_drsub
                0x0000000008000210                __aeabi_dsub
                0x0000000008000210                __subdf3
                0x0000000008000214                __aeabi_dadd
                0x0000000008000214                __adddf3
                0x000000000800048c                __floatunsidf
                0x000000000800048c                __aeabi_ui2d
                0x00000000080004ac                __floatsidf
                0x00000000080004ac                __aeabi_i2d
                0x00000000080004d0                __aeabi_f2d
                0x00000000080004d0                __extendsfdf2
                0x0000000008000514                __floatundidf
                0x0000000008000514                __aeabi_ul2d
                0x0000000008000524                __floatdidf
                0x0000000008000524                __aeabi_l2d
 .text          0x0000000008000580      0x424 d:/programs/stm32cubeide/stm32cubeide_1.7.0/stm32cubeide/plugins/com.st.stm32cube.ide.mcu.externaltools.gnu-tools-for-stm32.9-2020-q2-update.win32_2.0.0.202105311346/tools/bin/../lib/gcc/arm-none-eabi/9.3.1/thumb/v7e-m+fp/hard\libgcc.a(_arm_muldivdf3.o)
                0x0000000008000580                __aeabi_dmul
                0x0000000008000580                __muldf3
                0x00000000080007d4                __divdf3
                0x00000000080007d4                __aeabi_ddiv
 .text          0x00000000080009a4      0x110 d:/programs/stm32cubeide/stm32cubeide_1.7.0/stm32cubeide/plugins/com.st.stm32cube.ide.mcu.externaltools.gnu-tools-for-stm32.9-2020-q2-update.win32_2.0.0.202105311346/tools/bin/../lib/gcc/arm-none-eabi/9.3.1/thumb/v7e-m+fp/hard\libgcc.a(_arm_cmpdf2.o)
                0x00000000080009a4                __gtdf2
                0x00000000080009a4                __gedf2
                0x00000000080009ac                __ltdf2
                0x00000000080009ac                __ledf2
                0x00000000080009b4                __nedf2
                0x00000000080009b4                __eqdf2
                0x00000000080009b4                __cmpdf2
                0x0000000008000a30                __aeabi_cdrcmple
                0x0000000008000a40                __aeabi_cdcmpeq
                0x0000000008000a40                __aeabi_cdcmple
                0x0000000008000a50                __aeabi_dcmpeq
                0x0000000008000a64                __aeabi_dcmplt
                0x0000000008000a78                __aeabi_dcmple
                0x0000000008000a8c                __aeabi_dcmpge
                0x0000000008000aa0                __aeabi_dcmpgt
 .text          0x0000000008000ab4       0x2c d:/programs/stm32cubeide/stm32cubeide_1.7.0/stm32cubeide/plugins/com.st.stm32cube.ide.mcu.externaltools.gnu-tools-for-stm32.9-2020-q2-update.win32_2.0.0.202105311346/tools/bin/../lib/gcc/arm-none-eabi/9.3.1/thumb/v7e-m+fp/hard\libgcc.a(_arm_unorddf2.o)
                0x0000000008000ab4                __unorddf2
                0x0000000008000ab4                __aeabi_dcmpun
 .text          0x0000000008000ae0       0xa0 d:/programs/stm32cubeide/stm32cubeide_1.7.0/stm32cubeide/plugins/com.st.stm32cube.ide.mcu.externaltools.gnu-tools-for-stm32.9-2020-q2-update.win32_2.0.0.202105311346/tools/bin/../lib/gcc/arm-none-eabi/9.3.1/thumb/v7e-m+fp/hard\libgcc.a(_arm_truncdfsf2.o)
                0x0000000008000ae0                __truncdfsf2
                0x0000000008000ae0                __aeabi_d2f
 .text          0x0000000008000b80       0x30 d:/programs/stm32cubeide/stm32cubeide_1.7.0/stm32cubeide/plugins/com.st.stm32cube.ide.mcu.externaltools.gnu-tools-for-stm32.9-2020-q2-update.win32_2.0.0.202105311346/tools/bin/../lib/gcc/arm-none-eabi/9.3.1/thumb/v7e-m+fp/hard\libgcc.a(_aeabi_uldivmod.o)
                0x0000000008000b80                __aeabi_uldivmod
 .text          0x0000000008000bb0      0x2c4 d:/programs/stm32cubeide/stm32cubeide_1.7.0/stm32cubeide/plugins/com.st.stm32cube.ide.mcu.externaltools.gnu-tools-for-stm32.9-2020-q2-update.win32_2.0.0.202105311346/tools/bin/../lib/gcc/arm-none-eabi/9.3.1/thumb/v7e-m+fp/hard\libgcc.a(_udivmoddi4.o)
                0x0000000008000bb0                __udivmoddi4
 .text          0x0000000008000e74        0x4 d:/programs/stm32cubeide/stm32cubeide_1.7.0/stm32cubeide/plugins/com.st.stm32cube.ide.mcu.externaltools.gnu-tools-for-stm32.9-2020-q2-update.win32_2.0.0.202105311346/tools/bin/../lib/gcc/arm-none-eabi/9.3.1/thumb/v7e-m+fp/hard\libgcc.a(_dvmd_tls.o)
                0x0000000008000e74                __aeabi_idiv0
                0x0000000008000e74                __aeabi_ldiv0
 *(.text*)
 .text.bno055_init
                0x0000000008000e78      0x180 ./Core/Src/bno055.o
                0x0000000008000e78                bno055_init
 .text.bno055_write_register
                0x0000000008000ff8       0x4c ./Core/Src/bno055.o
                0x0000000008000ff8                bno055_write_register
 .text.bno055_write_page_id
                0x0000000008001044       0x90 ./Core/Src/bno055.o
                0x0000000008001044                bno055_write_page_id
 .text.bno055_read_accel_xyz
                0x00000000080010d4       0xdc ./Core/Src/bno055.o
                0x00000000080010d4                bno055_read_accel_xyz
 .text.bno055_convert_float_accel_xyz_mg
                0x00000000080011b0       0xd4 ./Core/Src/bno055.o
                0x00000000080011b0                bno055_convert_float_accel_xyz_mg
 .text.bno055_get_accel_unit
                0x0000000008001284       0x84 ./Core/Src/bno055.o
                0x0000000008001284                bno055_get_accel_unit
 .text.bno055_set_accel_unit
                0x0000000008001308       0xf4 ./Core/Src/bno055.o
                0x0000000008001308                bno055_set_accel_unit
 .text.bno055_get_operation_mode
                0x00000000080013fc       0x84 ./Core/Src/bno055.o
                0x00000000080013fc                bno055_get_operation_mode
 .text.bno055_set_operation_mode
                0x0000000008001480      0x190 ./Core/Src/bno055.o
                0x0000000008001480                bno055_set_operation_mode
 .text.dbscan_clus_predict
                0x0000000008001610       0x9c ./Core/Src/dbscan_clus_inference.o
                0x0000000008001610                dbscan_clus_predict
 .text.euclid_distance
                0x00000000080016ac       0x84 ./Core/Src/dbscan_clus_inference.o
 .text.har_extract_features
                0x0000000008001730      0x2c4 ./Core/Src/har_feature_extraction.o
                0x0000000008001730                har_extract_features
 .text.LIB_BNO055_Init
                0x00000000080019f4       0x54 ./Core/Src/lib_bno055.o
                0x00000000080019f4                LIB_BNO055_Init
 .text.LIB_BNO055_ReadAccelXYZ
                0x0000000008001a48       0x38 ./Core/Src/lib_bno055.o
                0x0000000008001a48                LIB_BNO055_ReadAccelXYZ
 .text.__BNO055_Read
                0x0000000008001a80       0x4c ./Core/Src/lib_bno055.o
 .text.__BNO055_Write
                0x0000000008001acc       0x4c ./Core/Src/lib_bno055.o
 .text.__BNO055_Delay
                0x0000000008001b18       0x16 ./Core/Src/lib_bno055.o
 *fill*         0x0000000008001b2e        0x2 
 .text.LIB_SERIAL_Transmit
                0x0000000008001b30      0x128 ./Core/Src/lib_serial.o
                0x0000000008001b30                LIB_SERIAL_Transmit
 .text.HAL_TIM_PeriodElapsedCallback
                0x0000000008001c58       0xd8 ./Core/Src/main.o
                0x0000000008001c58                HAL_TIM_PeriodElapsedCallback
 .text.main     0x0000000008001d30       0xd4 ./Core/Src/main.o
                0x0000000008001d30                main
 .text.SystemClock_Config
                0x0000000008001e04       0xd0 ./Core/Src/main.o
                0x0000000008001e04                SystemClock_Config
 .text.MX_I2C1_Init
                0x0000000008001ed4       0x80 ./Core/Src/main.o
 .text.MX_TIM2_Init
                0x0000000008001f54       0x9c ./Core/Src/main.o
 .text.MX_USART1_UART_Init
                0x0000000008001ff0       0x60 ./Core/Src/main.o
 .text.MX_GPIO_Init
                0x0000000008002050      0x89c ./Core/Src/main.o
 .text.Error_Handler
                0x00000000080028ec        0xa ./Core/Src/main.o
                0x00000000080028ec                Error_Handler
 *fill*         0x00000000080028f6        0x2 
 .text.HAL_MspInit
                0x00000000080028f8       0x48 ./Core/Src/stm32f7xx_hal_msp.o
                0x00000000080028f8                HAL_MspInit
 .text.HAL_I2C_MspInit
                0x0000000008002940       0xc0 ./Core/Src/stm32f7xx_hal_msp.o
                0x0000000008002940                HAL_I2C_MspInit
 .text.HAL_TIM_Base_MspInit
                0x0000000008002a00       0x94 ./Core/Src/stm32f7xx_hal_msp.o
                0x0000000008002a00                HAL_TIM_Base_MspInit
 .text.HAL_UART_MspInit
                0x0000000008002a94      0x104 ./Core/Src/stm32f7xx_hal_msp.o
                0x0000000008002a94                HAL_UART_MspInit
 .text.NMI_Handler
                0x0000000008002b98        0x6 ./Core/Src/stm32f7xx_it.o
                0x0000000008002b98                NMI_Handler
 .text.HardFault_Handler
                0x0000000008002b9e        0x6 ./Core/Src/stm32f7xx_it.o
                0x0000000008002b9e                HardFault_Handler
 .text.MemManage_Handler
                0x0000000008002ba4        0x6 ./Core/Src/stm32f7xx_it.o
                0x0000000008002ba4                MemManage_Handler
 .text.BusFault_Handler
                0x0000000008002baa        0x6 ./Core/Src/stm32f7xx_it.o
                0x0000000008002baa                BusFault_Handler
 .text.UsageFault_Handler
                0x0000000008002bb0        0x6 ./Core/Src/stm32f7xx_it.o
                0x0000000008002bb0                UsageFault_Handler
 .text.SVC_Handler
                0x0000000008002bb6        0xe ./Core/Src/stm32f7xx_it.o
                0x0000000008002bb6                SVC_Handler
 .text.DebugMon_Handler
                0x0000000008002bc4        0xe ./Core/Src/stm32f7xx_it.o
                0x0000000008002bc4                DebugMon_Handler
 .text.PendSV_Handler
                0x0000000008002bd2        0xe ./Core/Src/stm32f7xx_it.o
                0x0000000008002bd2                PendSV_Handler
 .text.SysTick_Handler
                0x0000000008002be0        0xc ./Core/Src/stm32f7xx_it.o
                0x0000000008002be0                SysTick_Handler
 .text.TIM2_IRQHandler
                0x0000000008002bec       0x14 ./Core/Src/stm32f7xx_it.o
                0x0000000008002bec                TIM2_IRQHandler
 .text.SystemInit
                0x0000000008002c00       0x24 ./Core/Src/system_stm32f7xx.o
                0x0000000008002c00                SystemInit
 .text.Reset_Handler
                0x0000000008002c24       0x50 ./Core/Startup/startup_stm32f746nghx.o
                0x0000000008002c24                Reset_Handler
 .text.Default_Handler
                0x0000000008002c74        0x2 ./Core/Startup/startup_stm32f746nghx.o
                0x0000000008002c74                RTC_Alarm_IRQHandler
                0x0000000008002c74                EXTI2_IRQHandler
                0x0000000008002c74                TIM8_CC_IRQHandler
                0x0000000008002c74                UART8_IRQHandler
                0x0000000008002c74                SPI4_IRQHandler
                0x0000000008002c74                TIM1_CC_IRQHandler
                0x0000000008002c74                DMA2_Stream5_IRQHandler
                0x0000000008002c74                DMA1_Stream5_IRQHandler
                0x0000000008002c74                PVD_IRQHandler
                0x0000000008002c74                TAMP_STAMP_IRQHandler
                0x0000000008002c74                CAN2_RX1_IRQHandler
                0x0000000008002c74                EXTI3_IRQHandler
                0x0000000008002c74                TIM8_TRG_COM_TIM14_IRQHandler
                0x0000000008002c74                TIM1_UP_TIM10_IRQHandler
                0x0000000008002c74                TIM8_UP_TIM13_IRQHandler
                0x0000000008002c74                I2C3_ER_IRQHandler
                0x0000000008002c74                EXTI0_IRQHandler
                0x0000000008002c74                I2C2_EV_IRQHandler
                0x0000000008002c74                DMA1_Stream2_IRQHandler
                0x0000000008002c74                CAN1_RX0_IRQHandler
                0x0000000008002c74                FPU_IRQHandler
                0x0000000008002c74                OTG_HS_WKUP_IRQHandler
                0x0000000008002c74                LTDC_ER_IRQHandler
                0x0000000008002c74                CAN2_SCE_IRQHandler
                0x0000000008002c74                DMA2_Stream2_IRQHandler
                0x0000000008002c74                SPI1_IRQHandler
                0x0000000008002c74                TIM6_DAC_IRQHandler
                0x0000000008002c74                TIM1_BRK_TIM9_IRQHandler
                0x0000000008002c74                DCMI_IRQHandler
                0x0000000008002c74                CAN2_RX0_IRQHandler
                0x0000000008002c74                DMA2_Stream3_IRQHandler
                0x0000000008002c74                SAI2_IRQHandler
                0x0000000008002c74                USART6_IRQHandler
                0x0000000008002c74                USART3_IRQHandler
                0x0000000008002c74                CAN1_RX1_IRQHandler
                0x0000000008002c74                UART5_IRQHandler
                0x0000000008002c74                DMA2_Stream0_IRQHandler
                0x0000000008002c74                TIM4_IRQHandler
                0x0000000008002c74                QUADSPI_IRQHandler
                0x0000000008002c74                I2C1_EV_IRQHandler
                0x0000000008002c74                DMA1_Stream6_IRQHandler
                0x0000000008002c74                DMA1_Stream1_IRQHandler
                0x0000000008002c74                UART4_IRQHandler
                0x0000000008002c74                TIM3_IRQHandler
                0x0000000008002c74                RCC_IRQHandler
                0x0000000008002c74                TIM8_BRK_TIM12_IRQHandler
                0x0000000008002c74                Default_Handler
                0x0000000008002c74                CEC_IRQHandler
                0x0000000008002c74                EXTI15_10_IRQHandler
                0x0000000008002c74                ADC_IRQHandler
                0x0000000008002c74                DMA1_Stream7_IRQHandler
                0x0000000008002c74                SPI5_IRQHandler
                0x0000000008002c74                TIM7_IRQHandler
                0x0000000008002c74                SDMMC1_IRQHandler
                0x0000000008002c74                CAN2_TX_IRQHandler
                0x0000000008002c74                TIM5_IRQHandler
                0x0000000008002c74                DMA2_Stream7_IRQHandler
                0x0000000008002c74                I2C3_EV_IRQHandler
                0x0000000008002c74                EXTI9_5_IRQHandler
                0x0000000008002c74                RTC_WKUP_IRQHandler
                0x0000000008002c74                LTDC_IRQHandler
                0x0000000008002c74                ETH_WKUP_IRQHandler
                0x0000000008002c74                SPDIF_RX_IRQHandler
                0x0000000008002c74                SPI2_IRQHandler
                0x0000000008002c74                OTG_HS_EP1_IN_IRQHandler
                0x0000000008002c74                DMA1_Stream0_IRQHandler
                0x0000000008002c74                CAN1_TX_IRQHandler
                0x0000000008002c74                EXTI4_IRQHandler
                0x0000000008002c74                RNG_IRQHandler
                0x0000000008002c74                ETH_IRQHandler
                0x0000000008002c74                OTG_HS_EP1_OUT_IRQHandler
                0x0000000008002c74                WWDG_IRQHandler
                0x0000000008002c74                SPI6_IRQHandler
                0x0000000008002c74                I2C4_EV_IRQHandler
                0x0000000008002c74                OTG_FS_WKUP_IRQHandler
                0x0000000008002c74                TIM1_TRG_COM_TIM11_IRQHandler
                0x0000000008002c74                OTG_HS_IRQHandler
                0x0000000008002c74                DMA2D_IRQHandler
                0x0000000008002c74                EXTI1_IRQHandler
                0x0000000008002c74                UART7_IRQHandler
                0x0000000008002c74                USART2_IRQHandler
                0x0000000008002c74                I2C2_ER_IRQHandler
                0x0000000008002c74                DMA2_Stream1_IRQHandler
                0x0000000008002c74                CAN1_SCE_IRQHandler
                0x0000000008002c74                FLASH_IRQHandler
                0x0000000008002c74                DMA2_Stream4_IRQHandler
                0x0000000008002c74                USART1_IRQHandler
                0x0000000008002c74                OTG_FS_IRQHandler
                0x0000000008002c74                SPI3_IRQHandler
                0x0000000008002c74                DMA1_Stream4_IRQHandler
                0x0000000008002c74                I2C1_ER_IRQHandler
                0x0000000008002c74                FMC_IRQHandler
                0x0000000008002c74                LPTIM1_IRQHandler
                0x0000000008002c74                I2C4_ER_IRQHandler
                0x0000000008002c74                DMA2_Stream6_IRQHandler
                0x0000000008002c74                SAI1_IRQHandler
                0x0000000008002c74                DMA1_Stream3_IRQHandler
 .text.HAL_Init
                0x0000000008002c76       0x1a ./Drivers/STM32F7xx_HAL_Driver/Src/stm32f7xx_hal.o
                0x0000000008002c76                HAL_Init
 .text.HAL_InitTick
                0x0000000008002c90       0x60 ./Drivers/STM32F7xx_HAL_Driver/Src/stm32f7xx_hal.o
                0x0000000008002c90                HAL_InitTick
 .text.HAL_IncTick
                0x0000000008002cf0       0x28 ./Drivers/STM32F7xx_HAL_Driver/Src/stm32f7xx_hal.o
                0x0000000008002cf0                HAL_IncTick
 .text.HAL_GetTick
                0x0000000008002d18       0x18 ./Drivers/STM32F7xx_HAL_Driver/Src/stm32f7xx_hal.o
                0x0000000008002d18                HAL_GetTick
 .text.HAL_Delay
                0x0000000008002d30       0x48 ./Drivers/STM32F7xx_HAL_Driver/Src/stm32f7xx_hal.o
                0x0000000008002d30                HAL_Delay
 .text.__NVIC_SetPriorityGrouping
                0x0000000008002d78       0x48 ./Drivers/STM32F7xx_HAL_Driver/Src/stm32f7xx_hal_cortex.o
 .text.__NVIC_GetPriorityGrouping
                0x0000000008002dc0       0x1c ./Drivers/STM32F7xx_HAL_Driver/Src/stm32f7xx_hal_cortex.o
 .text.__NVIC_EnableIRQ
                0x0000000008002ddc       0x3c ./Drivers/STM32F7xx_HAL_Driver/Src/stm32f7xx_hal_cortex.o
 .text.__NVIC_SetPriority
                0x0000000008002e18       0x54 ./Drivers/STM32F7xx_HAL_Driver/Src/stm32f7xx_hal_cortex.o
 .text.NVIC_EncodePriority
                0x0000000008002e6c       0x66 ./Drivers/STM32F7xx_HAL_Driver/Src/stm32f7xx_hal_cortex.o
 *fill*         0x0000000008002ed2        0x2 
 .text.SysTick_Config
                0x0000000008002ed4       0x44 ./Drivers/STM32F7xx_HAL_Driver/Src/stm32f7xx_hal_cortex.o
 .text.HAL_NVIC_SetPriorityGrouping
                0x0000000008002f18       0x16 ./Drivers/STM32F7xx_HAL_Driver/Src/stm32f7xx_hal_cortex.o
                0x0000000008002f18                HAL_NVIC_SetPriorityGrouping
 .text.HAL_NVIC_SetPriority
                0x0000000008002f2e       0x38 ./Drivers/STM32F7xx_HAL_Driver/Src/stm32f7xx_hal_cortex.o
                0x0000000008002f2e                HAL_NVIC_SetPriority
 .text.HAL_NVIC_EnableIRQ
                0x0000000008002f66       0x1c ./Drivers/STM32F7xx_HAL_Driver/Src/stm32f7xx_hal_cortex.o
                0x0000000008002f66                HAL_NVIC_EnableIRQ
 .text.HAL_SYSTICK_Config
                0x0000000008002f82       0x18 ./Drivers/STM32F7xx_HAL_Driver/Src/stm32f7xx_hal_cortex.o
                0x0000000008002f82                HAL_SYSTICK_Config
 *fill*         0x0000000008002f9a        0x2 
 .text.HAL_GPIO_Init
                0x0000000008002f9c      0x358 ./Drivers/STM32F7xx_HAL_Driver/Src/stm32f7xx_hal_gpio.o
                0x0000000008002f9c                HAL_GPIO_Init
 .text.HAL_GPIO_WritePin
                0x00000000080032f4       0x32 ./Drivers/STM32F7xx_HAL_Driver/Src/stm32f7xx_hal_gpio.o
                0x00000000080032f4                HAL_GPIO_WritePin
 *fill*         0x0000000008003326        0x2 
 .text.HAL_I2C_Init
                0x0000000008003328      0x120 ./Drivers/STM32F7xx_HAL_Driver/Src/stm32f7xx_hal_i2c.o
                0x0000000008003328                HAL_I2C_Init
 .text.HAL_I2C_Mem_Write
                0x0000000008003448      0x228 ./Drivers/STM32F7xx_HAL_Driver/Src/stm32f7xx_hal_i2c.o
                0x0000000008003448                HAL_I2C_Mem_Write
 .text.HAL_I2C_Mem_Read
                0x0000000008003670      0x234 ./Drivers/STM32F7xx_HAL_Driver/Src/stm32f7xx_hal_i2c.o
                0x0000000008003670                HAL_I2C_Mem_Read
 .text.I2C_RequestMemoryWrite
                0x00000000080038a4       0xa8 ./Drivers/STM32F7xx_HAL_Driver/Src/stm32f7xx_hal_i2c.o
 .text.I2C_RequestMemoryRead
                0x000000000800394c       0xa8 ./Drivers/STM32F7xx_HAL_Driver/Src/stm32f7xx_hal_i2c.o
 .text.I2C_Flush_TXDR
                0x00000000080039f4       0x48 ./Drivers/STM32F7xx_HAL_Driver/Src/stm32f7xx_hal_i2c.o
 .text.I2C_WaitOnFlagUntilTimeout
                0x0000000008003a3c       0x80 ./Drivers/STM32F7xx_HAL_Driver/Src/stm32f7xx_hal_i2c.o
 .text.I2C_WaitOnTXISFlagUntilTimeout
                0x0000000008003abc       0x80 ./Drivers/STM32F7xx_HAL_Driver/Src/stm32f7xx_hal_i2c.o
 .text.I2C_WaitOnSTOPFlagUntilTimeout
                0x0000000008003b3c       0x78 ./Drivers/STM32F7xx_HAL_Driver/Src/stm32f7xx_hal_i2c.o
 .text.I2C_IsErrorOccurred
                0x0000000008003bb4      0x1d8 ./Drivers/STM32F7xx_HAL_Driver/Src/stm32f7xx_hal_i2c.o
 .text.I2C_TransferConfig
                0x0000000008003d8c       0x64 ./Drivers/STM32F7xx_HAL_Driver/Src/stm32f7xx_hal_i2c.o
 .text.HAL_I2CEx_ConfigAnalogFilter
                0x0000000008003df0       0x96 ./Drivers/STM32F7xx_HAL_Driver/Src/stm32f7xx_hal_i2c_ex.o
                0x0000000008003df0                HAL_I2CEx_ConfigAnalogFilter
 .text.HAL_I2CEx_ConfigDigitalFilter
                0x0000000008003e86       0x98 ./Drivers/STM32F7xx_HAL_Driver/Src/stm32f7xx_hal_i2c_ex.o
                0x0000000008003e86                HAL_I2CEx_ConfigDigitalFilter
 *fill*         0x0000000008003f1e        0x2 
 .text.HAL_RCC_OscConfig
                0x0000000008003f20      0x548 ./Drivers/STM32F7xx_HAL_Driver/Src/stm32f7xx_hal_rcc.o
                0x0000000008003f20                HAL_RCC_OscConfig
 .text.HAL_RCC_ClockConfig
                0x0000000008004468      0x1d8 ./Drivers/STM32F7xx_HAL_Driver/Src/stm32f7xx_hal_rcc.o
                0x0000000008004468                HAL_RCC_ClockConfig
 .text.HAL_RCC_GetSysClockFreq
                0x0000000008004640      0x16c ./Drivers/STM32F7xx_HAL_Driver/Src/stm32f7xx_hal_rcc.o
                0x0000000008004640                HAL_RCC_GetSysClockFreq
 .text.HAL_RCC_GetHCLKFreq
                0x00000000080047ac       0x18 ./Drivers/STM32F7xx_HAL_Driver/Src/stm32f7xx_hal_rcc.o
                0x00000000080047ac                HAL_RCC_GetHCLKFreq
 .text.HAL_RCC_GetPCLK1Freq
                0x00000000080047c4       0x28 ./Drivers/STM32F7xx_HAL_Driver/Src/stm32f7xx_hal_rcc.o
                0x00000000080047c4                HAL_RCC_GetPCLK1Freq
 .text.HAL_RCC_GetPCLK2Freq
                0x00000000080047ec       0x28 ./Drivers/STM32F7xx_HAL_Driver/Src/stm32f7xx_hal_rcc.o
                0x00000000080047ec                HAL_RCC_GetPCLK2Freq
 .text.HAL_RCCEx_PeriphCLKConfig
                0x0000000008004814      0x7e0 ./Drivers/STM32F7xx_HAL_Driver/Src/stm32f7xx_hal_rcc_ex.o
                0x0000000008004814                HAL_RCCEx_PeriphCLKConfig
 .text.HAL_TIM_Base_Init
                0x0000000008004ff4       0xae ./Drivers/STM32F7xx_HAL_Driver/Src/stm32f7xx_hal_tim.o
                0x0000000008004ff4                HAL_TIM_Base_Init
 *fill*         0x00000000080050a2        0x2 
 .text.HAL_TIM_Base_Start_IT
                0x00000000080050a4       0xf0 ./Drivers/STM32F7xx_HAL_Driver/Src/stm32f7xx_hal_tim.o
                0x00000000080050a4                HAL_TIM_Base_Start_IT
 .text.HAL_TIM_IRQHandler
                0x0000000008005194      0x23e ./Drivers/STM32F7xx_HAL_Driver/Src/stm32f7xx_hal_tim.o
                0x0000000008005194                HAL_TIM_IRQHandler
 *fill*         0x00000000080053d2        0x2 
 .text.HAL_TIM_ConfigClockSource
                0x00000000080053d4      0x194 ./Drivers/STM32F7xx_HAL_Driver/Src/stm32f7xx_hal_tim.o
                0x00000000080053d4                HAL_TIM_ConfigClockSource
 .text.HAL_TIM_OC_DelayElapsedCallback
                0x0000000008005568       0x14 ./Drivers/STM32F7xx_HAL_Driver/Src/stm32f7xx_hal_tim.o
                0x0000000008005568                HAL_TIM_OC_DelayElapsedCallback
 .text.HAL_TIM_IC_CaptureCallback
                0x000000000800557c       0x14 ./Drivers/STM32F7xx_HAL_Driver/Src/stm32f7xx_hal_tim.o
                0x000000000800557c                HAL_TIM_IC_CaptureCallback
 .text.HAL_TIM_PWM_PulseFinishedCallback
                0x0000000008005590       0x14 ./Drivers/STM32F7xx_HAL_Driver/Src/stm32f7xx_hal_tim.o
                0x0000000008005590                HAL_TIM_PWM_PulseFinishedCallback
 .text.HAL_TIM_TriggerCallback
                0x00000000080055a4       0x14 ./Drivers/STM32F7xx_HAL_Driver/Src/stm32f7xx_hal_tim.o
                0x00000000080055a4                HAL_TIM_TriggerCallback
 .text.TIM_Base_SetConfig
                0x00000000080055b8      0x140 ./Drivers/STM32F7xx_HAL_Driver/Src/stm32f7xx_hal_tim.o
                0x00000000080055b8                TIM_Base_SetConfig
 .text.TIM_TI1_ConfigInputStage
                0x00000000080056f8       0x5e ./Drivers/STM32F7xx_HAL_Driver/Src/stm32f7xx_hal_tim.o
 .text.TIM_TI2_ConfigInputStage
                0x0000000008005756       0x60 ./Drivers/STM32F7xx_HAL_Driver/Src/stm32f7xx_hal_tim.o
 .text.TIM_ITRx_SetConfig
                0x00000000080057b6       0x36 ./Drivers/STM32F7xx_HAL_Driver/Src/stm32f7xx_hal_tim.o
 .text.TIM_ETR_SetConfig
                0x00000000080057ec       0x40 ./Drivers/STM32F7xx_HAL_Driver/Src/stm32f7xx_hal_tim.o
                0x00000000080057ec                TIM_ETR_SetConfig
 .text.HAL_TIMEx_MasterConfigSynchronization
                0x000000000800582c      0x11c ./Drivers/STM32F7xx_HAL_Driver/Src/stm32f7xx_hal_tim_ex.o
                0x000000000800582c                HAL_TIMEx_MasterConfigSynchronization
 .text.HAL_TIMEx_CommutCallback
                0x0000000008005948       0x14 ./Drivers/STM32F7xx_HAL_Driver/Src/stm32f7xx_hal_tim_ex.o
                0x0000000008005948                HAL_TIMEx_CommutCallback
 .text.HAL_TIMEx_BreakCallback
                0x000000000800595c       0x14 ./Drivers/STM32F7xx_HAL_Driver/Src/stm32f7xx_hal_tim_ex.o
                0x000000000800595c                HAL_TIMEx_BreakCallback
 .text.HAL_TIMEx_Break2Callback
                0x0000000008005970       0x14 ./Drivers/STM32F7xx_HAL_Driver/Src/stm32f7xx_hal_tim_ex.o
                0x0000000008005970                HAL_TIMEx_Break2Callback
 .text.HAL_UART_Init
                0x0000000008005984       0x9c ./Drivers/STM32F7xx_HAL_Driver/Src/stm32f7xx_hal_uart.o
                0x0000000008005984                HAL_UART_Init
 .text.HAL_UART_Transmit
                0x0000000008005a20      0x126 ./Drivers/STM32F7xx_HAL_Driver/Src/stm32f7xx_hal_uart.o
                0x0000000008005a20                HAL_UART_Transmit
 *fill*         0x0000000008005b46        0x2 
 .text.UART_SetConfig
                0x0000000008005b48      0x4c4 ./Drivers/STM32F7xx_HAL_Driver/Src/stm32f7xx_hal_uart.o
                0x0000000008005b48                UART_SetConfig
 .text.UART_AdvFeatureConfig
                0x000000000800600c      0x144 ./Drivers/STM32F7xx_HAL_Driver/Src/stm32f7xx_hal_uart.o
                0x000000000800600c                UART_AdvFeatureConfig
 .text.UART_CheckIdleState
                0x0000000008006150       0x66 ./Drivers/STM32F7xx_HAL_Driver/Src/stm32f7xx_hal_uart.o
                0x0000000008006150                UART_CheckIdleState
 .text.UART_WaitOnFlagUntilTimeout
                0x00000000080061b6      0x188 ./Drivers/STM32F7xx_HAL_Driver/Src/stm32f7xx_hal_uart.o
                0x00000000080061b6                UART_WaitOnFlagUntilTimeout
 .text.arm_cmplx_mag_f32
                0x000000000800633e       0x3c D:\Workspaces\STM32MLBookEOCWorkspace\F746NG_CH8_EOC1_FallDetection\libCMSIS_DSP.a(ComplexMathFunctions.o)
                0x000000000800633e                arm_cmplx_mag_f32
 *fill*         0x000000000800637a        0x2 
 .text.arm_var_f32
                0x000000000800637c       0x54 D:\Workspaces\STM32MLBookEOCWorkspace\F746NG_CH8_EOC1_FallDetection\libCMSIS_DSP.a(StatisticsFunctions.o)
                0x000000000800637c                arm_var_f32
 .text.arm_std_f32
                0x00000000080063d0       0x2a D:\Workspaces\STM32MLBookEOCWorkspace\F746NG_CH8_EOC1_FallDetection\libCMSIS_DSP.a(StatisticsFunctions.o)
                0x00000000080063d0                arm_std_f32
 .text.arm_bitreversal_32
                0x00000000080063fa       0x44 D:\Workspaces\STM32MLBookEOCWorkspace\F746NG_CH8_EOC1_FallDetection\libCMSIS_DSP.a(TransformFunctions.o)
                0x00000000080063fa                arm_bitreversal_32
 *fill*         0x000000000800643e        0x2 
 .text.arm_cfft_init_2048_f32
                0x0000000008006440       0x1c D:\Workspaces\STM32MLBookEOCWorkspace\F746NG_CH8_EOC1_FallDetection\libCMSIS_DSP.a(TransformFunctions.o)
                0x0000000008006440                arm_cfft_init_2048_f32
 .text.arm_cfft_init_1024_f32
                0x000000000800645c       0x1c D:\Workspaces\STM32MLBookEOCWorkspace\F746NG_CH8_EOC1_FallDetection\libCMSIS_DSP.a(TransformFunctions.o)
                0x000000000800645c                arm_cfft_init_1024_f32
 .text.arm_cfft_init_512_f32
                0x0000000008006478       0x1c D:\Workspaces\STM32MLBookEOCWorkspace\F746NG_CH8_EOC1_FallDetection\libCMSIS_DSP.a(TransformFunctions.o)
                0x0000000008006478                arm_cfft_init_512_f32
 .text.arm_cfft_init_256_f32
                0x0000000008006494       0x1c D:\Workspaces\STM32MLBookEOCWorkspace\F746NG_CH8_EOC1_FallDetection\libCMSIS_DSP.a(TransformFunctions.o)
                0x0000000008006494                arm_cfft_init_256_f32
 .text.arm_cfft_init_128_f32
                0x00000000080064b0       0x1c D:\Workspaces\STM32MLBookEOCWorkspace\F746NG_CH8_EOC1_FallDetection\libCMSIS_DSP.a(TransformFunctions.o)
                0x00000000080064b0                arm_cfft_init_128_f32
 .text.arm_cfft_init_64_f32
                0x00000000080064cc       0x1c D:\Workspaces\STM32MLBookEOCWorkspace\F746NG_CH8_EOC1_FallDetection\libCMSIS_DSP.a(TransformFunctions.o)
                0x00000000080064cc                arm_cfft_init_64_f32
 .text.arm_cfft_init_32_f32
                0x00000000080064e8       0x1c D:\Workspaces\STM32MLBookEOCWorkspace\F746NG_CH8_EOC1_FallDetection\libCMSIS_DSP.a(TransformFunctions.o)
                0x00000000080064e8                arm_cfft_init_32_f32
 .text.arm_cfft_init_16_f32
                0x0000000008006504       0x1c D:\Workspaces\STM32MLBookEOCWorkspace\F746NG_CH8_EOC1_FallDetection\libCMSIS_DSP.a(TransformFunctions.o)
                0x0000000008006504                arm_cfft_init_16_f32
 .text.arm_radix8_butterfly_f32
                0x0000000008006520      0x4f4 D:\Workspaces\STM32MLBookEOCWorkspace\F746NG_CH8_EOC1_FallDetection\libCMSIS_DSP.a(TransformFunctions.o)
                0x0000000008006520                arm_radix8_butterfly_f32
 .text.arm_cfft_radix8by2_f32
                0x0000000008006a14      0x17c D:\Workspaces\STM32MLBookEOCWorkspace\F746NG_CH8_EOC1_FallDetection\libCMSIS_DSP.a(TransformFunctions.o)
                0x0000000008006a14                arm_cfft_radix8by2_f32
 .text.arm_cfft_radix8by4_f32
                0x0000000008006b90      0x3ec D:\Workspaces\STM32MLBookEOCWorkspace\F746NG_CH8_EOC1_FallDetection\libCMSIS_DSP.a(TransformFunctions.o)
                0x0000000008006b90                arm_cfft_radix8by4_f32
 .text.arm_cfft_f32
                0x0000000008006f7c       0xd2 D:\Workspaces\STM32MLBookEOCWorkspace\F746NG_CH8_EOC1_FallDetection\libCMSIS_DSP.a(TransformFunctions.o)
                0x0000000008006f7c                arm_cfft_f32
 .text.stage_rfft_f32
                0x000000000800704e       0xaa D:\Workspaces\STM32MLBookEOCWorkspace\F746NG_CH8_EOC1_FallDetection\libCMSIS_DSP.a(TransformFunctions.o)
                0x000000000800704e                stage_rfft_f32
 .text.merge_rfft_f32
                0x00000000080070f8       0xa0 D:\Workspaces\STM32MLBookEOCWorkspace\F746NG_CH8_EOC1_FallDetection\libCMSIS_DSP.a(TransformFunctions.o)
                0x00000000080070f8                merge_rfft_f32
 .text.arm_rfft_fast_f32
                0x0000000008007198       0x38 D:\Workspaces\STM32MLBookEOCWorkspace\F746NG_CH8_EOC1_FallDetection\libCMSIS_DSP.a(TransformFunctions.o)
                0x0000000008007198                arm_rfft_fast_f32
 .text.arm_rfft_fast_init_32_f32
                0x00000000080071d0       0x20 D:\Workspaces\STM32MLBookEOCWorkspace\F746NG_CH8_EOC1_FallDetection\libCMSIS_DSP.a(TransformFunctions.o)
                0x00000000080071d0                arm_rfft_fast_init_32_f32
 .text.arm_rfft_fast_init_64_f32
                0x00000000080071f0       0x20 D:\Workspaces\STM32MLBookEOCWorkspace\F746NG_CH8_EOC1_FallDetection\libCMSIS_DSP.a(TransformFunctions.o)
                0x00000000080071f0                arm_rfft_fast_init_64_f32
 .text.arm_rfft_fast_init_128_f32
                0x0000000008007210       0x20 D:\Workspaces\STM32MLBookEOCWorkspace\F746NG_CH8_EOC1_FallDetection\libCMSIS_DSP.a(TransformFunctions.o)
                0x0000000008007210                arm_rfft_fast_init_128_f32
 .text.arm_rfft_fast_init_256_f32
                0x0000000008007230       0x24 D:\Workspaces\STM32MLBookEOCWorkspace\F746NG_CH8_EOC1_FallDetection\libCMSIS_DSP.a(TransformFunctions.o)
                0x0000000008007230                arm_rfft_fast_init_256_f32
 .text.arm_rfft_fast_init_512_f32
                0x0000000008007254       0x24 D:\Workspaces\STM32MLBookEOCWorkspace\F746NG_CH8_EOC1_FallDetection\libCMSIS_DSP.a(TransformFunctions.o)
                0x0000000008007254                arm_rfft_fast_init_512_f32
 .text.arm_rfft_fast_init_1024_f32
                0x0000000008007278       0x24 D:\Workspaces\STM32MLBookEOCWorkspace\F746NG_CH8_EOC1_FallDetection\libCMSIS_DSP.a(TransformFunctions.o)
                0x0000000008007278                arm_rfft_fast_init_1024_f32
 .text.arm_rfft_fast_init_2048_f32
                0x000000000800729c       0x24 D:\Workspaces\STM32MLBookEOCWorkspace\F746NG_CH8_EOC1_FallDetection\libCMSIS_DSP.a(TransformFunctions.o)
                0x000000000800729c                arm_rfft_fast_init_2048_f32
 .text.arm_rfft_fast_init_4096_f32
                0x00000000080072c0       0x24 D:\Workspaces\STM32MLBookEOCWorkspace\F746NG_CH8_EOC1_FallDetection\libCMSIS_DSP.a(TransformFunctions.o)
                0x00000000080072c0                arm_rfft_fast_init_4096_f32
 .text.arm_rfft_fast_init_f32
                0x00000000080072e4       0x54 D:\Workspaces\STM32MLBookEOCWorkspace\F746NG_CH8_EOC1_FallDetection\libCMSIS_DSP.a(TransformFunctions.o)
                0x00000000080072e4                arm_rfft_fast_init_f32
 .text.__errno  0x0000000008007338        0xc d:/programs/stm32cubeide/stm32cubeide_1.7.0/stm32cubeide/plugins/com.st.stm32cube.ide.mcu.externaltools.gnu-tools-for-stm32.9-2020-q2-update.win32_2.0.0.202105311346/tools/bin/../lib/gcc/arm-none-eabi/9.3.1/../../../../arm-none-eabi/lib/thumb/v7e-m+fp/hard\libc_nano.a(lib_a-errno.o)
                0x0000000008007338                __errno
 .text.__libc_init_array
                0x0000000008007344       0x48 d:/programs/stm32cubeide/stm32cubeide_1.7.0/stm32cubeide/plugins/com.st.stm32cube.ide.mcu.externaltools.gnu-tools-for-stm32.9-2020-q2-update.win32_2.0.0.202105311346/tools/bin/../lib/gcc/arm-none-eabi/9.3.1/../../../../arm-none-eabi/lib/thumb/v7e-m+fp/hard\libc_nano.a(lib_a-init.o)
                0x0000000008007344                __libc_init_array
 .text.memset   0x000000000800738c       0x10 d:/programs/stm32cubeide/stm32cubeide_1.7.0/stm32cubeide/plugins/com.st.stm32cube.ide.mcu.externaltools.gnu-tools-for-stm32.9-2020-q2-update.win32_2.0.0.202105311346/tools/bin/../lib/gcc/arm-none-eabi/9.3.1/../../../../arm-none-eabi/lib/thumb/v7e-m+fp/hard\libc_nano.a(lib_a-memset.o)
                0x000000000800738c                memset
 .text.sqrt     0x000000000800739c       0x68 d:/programs/stm32cubeide/stm32cubeide_1.7.0/stm32cubeide/plugins/com.st.stm32cube.ide.mcu.externaltools.gnu-tools-for-stm32.9-2020-q2-update.win32_2.0.0.202105311346/tools/bin/../lib/gcc/arm-none-eabi/9.3.1/../../../../arm-none-eabi/lib/thumb/v7e-m+fp/hard\libm.a(lib_a-w_sqrt.o)
                0x000000000800739c                sqrt
 .text.__ieee754_sqrt
                0x0000000008007404      0x168 d:/programs/stm32cubeide/stm32cubeide_1.7.0/stm32cubeide/plugins/com.st.stm32cube.ide.mcu.externaltools.gnu-tools-for-stm32.9-2020-q2-update.win32_2.0.0.202105311346/tools/bin/../lib/gcc/arm-none-eabi/9.3.1/../../../../arm-none-eabi/lib/thumb/v7e-m+fp/hard\libm.a(lib_a-e_sqrt.o)
                0x0000000008007404                __ieee754_sqrt
 *(.glue_7)
 .glue_7        0x000000000800756c        0x0 linker stubs
 *(.glue_7t)
 .glue_7t       0x000000000800756c        0x0 linker stubs
 *(.eh_frame)
 .eh_frame      0x000000000800756c        0x0 d:/programs/stm32cubeide/stm32cubeide_1.7.0/stm32cubeide/plugins/com.st.stm32cube.ide.mcu.externaltools.gnu-tools-for-stm32.9-2020-q2-update.win32_2.0.0.202105311346/tools/bin/../lib/gcc/arm-none-eabi/9.3.1/thumb/v7e-m+fp/hard/crtbegin.o
 *(.init)
 .init          0x000000000800756c        0x4 d:/programs/stm32cubeide/stm32cubeide_1.7.0/stm32cubeide/plugins/com.st.stm32cube.ide.mcu.externaltools.gnu-tools-for-stm32.9-2020-q2-update.win32_2.0.0.202105311346/tools/bin/../lib/gcc/arm-none-eabi/9.3.1/thumb/v7e-m+fp/hard/crti.o
                0x000000000800756c                _init
 .init          0x0000000008007570        0x8 d:/programs/stm32cubeide/stm32cubeide_1.7.0/stm32cubeide/plugins/com.st.stm32cube.ide.mcu.externaltools.gnu-tools-for-stm32.9-2020-q2-update.win32_2.0.0.202105311346/tools/bin/../lib/gcc/arm-none-eabi/9.3.1/thumb/v7e-m+fp/hard/crtn.o
 *(.fini)
 .fini          0x0000000008007578        0x4 d:/programs/stm32cubeide/stm32cubeide_1.7.0/stm32cubeide/plugins/com.st.stm32cube.ide.mcu.externaltools.gnu-tools-for-stm32.9-2020-q2-update.win32_2.0.0.202105311346/tools/bin/../lib/gcc/arm-none-eabi/9.3.1/thumb/v7e-m+fp/hard/crti.o
                0x0000000008007578                _fini
 .fini          0x000000000800757c        0x8 d:/programs/stm32cubeide/stm32cubeide_1.7.0/stm32cubeide/plugins/com.st.stm32cube.ide.mcu.externaltools.gnu-tools-for-stm32.9-2020-q2-update.win32_2.0.0.202105311346/tools/bin/../lib/gcc/arm-none-eabi/9.3.1/thumb/v7e-m+fp/hard/crtn.o
                0x0000000008007584                . = ALIGN (0x4)
                0x0000000008007584                _etext = .

.vfp11_veneer   0x0000000008007584        0x0
 .vfp11_veneer  0x0000000008007584        0x0 linker stubs

.v4_bx          0x0000000008007584        0x0
 .v4_bx         0x0000000008007584        0x0 linker stubs

.iplt           0x0000000008007584        0x0
 .iplt          0x0000000008007584        0x0 d:/programs/stm32cubeide/stm32cubeide_1.7.0/stm32cubeide/plugins/com.st.stm32cube.ide.mcu.externaltools.gnu-tools-for-stm32.9-2020-q2-update.win32_2.0.0.202105311346/tools/bin/../lib/gcc/arm-none-eabi/9.3.1/thumb/v7e-m+fp/hard/crtbegin.o

.rodata         0x0000000008007584    0xebad0
                0x0000000008007584                . = ALIGN (0x4)
 *(.rodata)
 .rodata        0x0000000008007584       0x22 ./Core/Src/bno055.o
 *fill*         0x00000000080075a6        0x2 
 .rodata        0x00000000080075a8        0x7 ./Core/Src/lib_serial.o
 *(.rodata*)
 *fill*         0x00000000080075af        0x1 
 .rodata.CORE_POINTS
                0x00000000080075b0    0xc4ab8 ./Core/Src/dbscan_clus_config.o
                0x00000000080075b0                CORE_POINTS
 .rodata.LABELS
                0x00000000080cc068    0x13aac ./Core/Src/dbscan_clus_config.o
                0x00000000080cc068                LABELS
 .rodata.MEANS  0x00000000080dfb14       0x28 ./Core/Src/dbscan_clus_config.o
                0x00000000080dfb14                MEANS
 .rodata.STDDEV
                0x00000000080dfb3c       0x28 ./Core/Src/dbscan_clus_config.o
                0x00000000080dfb3c                STDDEV
 .rodata.AHBPrescTable
                0x00000000080dfb64       0x10 ./Core/Src/system_stm32f7xx.o
                0x00000000080dfb64                AHBPrescTable
 .rodata.APBPrescTable
                0x00000000080dfb74        0x8 ./Core/Src/system_stm32f7xx.o
                0x00000000080dfb74                APBPrescTable
 .rodata.armBitRevIndexTable1024
                0x00000000080dfb7c      0xe10 D:\Workspaces\STM32MLBookEOCWorkspace\F746NG_CH8_EOC1_FallDetection\libCMSIS_DSP.a(CommonTables.o)
                0x00000000080dfb7c                armBitRevIndexTable1024
 .rodata.armBitRevIndexTable128
                0x00000000080e098c      0x1a0 D:\Workspaces\STM32MLBookEOCWorkspace\F746NG_CH8_EOC1_FallDetection\libCMSIS_DSP.a(CommonTables.o)
                0x00000000080e098c                armBitRevIndexTable128
 .rodata.armBitRevIndexTable16
                0x00000000080e0b2c       0x28 D:\Workspaces\STM32MLBookEOCWorkspace\F746NG_CH8_EOC1_FallDetection\libCMSIS_DSP.a(CommonTables.o)
                0x00000000080e0b2c                armBitRevIndexTable16
 .rodata.armBitRevIndexTable2048
                0x00000000080e0b54     0x1dc0 D:\Workspaces\STM32MLBookEOCWorkspace\F746NG_CH8_EOC1_FallDetection\libCMSIS_DSP.a(CommonTables.o)
                0x00000000080e0b54                armBitRevIndexTable2048
 .rodata.armBitRevIndexTable256
                0x00000000080e2914      0x370 D:\Workspaces\STM32MLBookEOCWorkspace\F746NG_CH8_EOC1_FallDetection\libCMSIS_DSP.a(CommonTables.o)
                0x00000000080e2914                armBitRevIndexTable256
 .rodata.armBitRevIndexTable32
                0x00000000080e2c84       0x60 D:\Workspaces\STM32MLBookEOCWorkspace\F746NG_CH8_EOC1_FallDetection\libCMSIS_DSP.a(CommonTables.o)
                0x00000000080e2c84                armBitRevIndexTable32
 .rodata.armBitRevIndexTable512
                0x00000000080e2ce4      0x380 D:\Workspaces\STM32MLBookEOCWorkspace\F746NG_CH8_EOC1_FallDetection\libCMSIS_DSP.a(CommonTables.o)
                0x00000000080e2ce4                armBitRevIndexTable512
 .rodata.armBitRevIndexTable64
                0x00000000080e3064       0x70 D:\Workspaces\STM32MLBookEOCWorkspace\F746NG_CH8_EOC1_FallDetection\libCMSIS_DSP.a(CommonTables.o)
                0x00000000080e3064                armBitRevIndexTable64
 .rodata.arm_cfft_sR_f32_len1024
                0x00000000080e30d4       0x10 D:\Workspaces\STM32MLBookEOCWorkspace\F746NG_CH8_EOC1_FallDetection\libCMSIS_DSP.a(CommonTables.o)
                0x00000000080e30d4                arm_cfft_sR_f32_len1024
 .rodata.arm_cfft_sR_f32_len128
                0x00000000080e30e4       0x10 D:\Workspaces\STM32MLBookEOCWorkspace\F746NG_CH8_EOC1_FallDetection\libCMSIS_DSP.a(CommonTables.o)
                0x00000000080e30e4                arm_cfft_sR_f32_len128
 .rodata.arm_cfft_sR_f32_len16
                0x00000000080e30f4       0x10 D:\Workspaces\STM32MLBookEOCWorkspace\F746NG_CH8_EOC1_FallDetection\libCMSIS_DSP.a(CommonTables.o)
                0x00000000080e30f4                arm_cfft_sR_f32_len16
 .rodata.arm_cfft_sR_f32_len2048
                0x00000000080e3104       0x10 D:\Workspaces\STM32MLBookEOCWorkspace\F746NG_CH8_EOC1_FallDetection\libCMSIS_DSP.a(CommonTables.o)
                0x00000000080e3104                arm_cfft_sR_f32_len2048
 .rodata.arm_cfft_sR_f32_len256
                0x00000000080e3114       0x10 D:\Workspaces\STM32MLBookEOCWorkspace\F746NG_CH8_EOC1_FallDetection\libCMSIS_DSP.a(CommonTables.o)
                0x00000000080e3114                arm_cfft_sR_f32_len256
 .rodata.arm_cfft_sR_f32_len32
                0x00000000080e3124       0x10 D:\Workspaces\STM32MLBookEOCWorkspace\F746NG_CH8_EOC1_FallDetection\libCMSIS_DSP.a(CommonTables.o)
                0x00000000080e3124                arm_cfft_sR_f32_len32
 .rodata.arm_cfft_sR_f32_len512
                0x00000000080e3134       0x10 D:\Workspaces\STM32MLBookEOCWorkspace\F746NG_CH8_EOC1_FallDetection\libCMSIS_DSP.a(CommonTables.o)
                0x00000000080e3134                arm_cfft_sR_f32_len512
 .rodata.arm_cfft_sR_f32_len64
                0x00000000080e3144       0x10 D:\Workspaces\STM32MLBookEOCWorkspace\F746NG_CH8_EOC1_FallDetection\libCMSIS_DSP.a(CommonTables.o)
                0x00000000080e3144                arm_cfft_sR_f32_len64
 .rodata.twiddleCoef_1024
                0x00000000080e3154     0x2000 D:\Workspaces\STM32MLBookEOCWorkspace\F746NG_CH8_EOC1_FallDetection\libCMSIS_DSP.a(CommonTables.o)
                0x00000000080e3154                twiddleCoef_1024
 .rodata.twiddleCoef_128
                0x00000000080e5154      0x400 D:\Workspaces\STM32MLBookEOCWorkspace\F746NG_CH8_EOC1_FallDetection\libCMSIS_DSP.a(CommonTables.o)
                0x00000000080e5154                twiddleCoef_128
 .rodata.twiddleCoef_16
                0x00000000080e5554       0x80 D:\Workspaces\STM32MLBookEOCWorkspace\F746NG_CH8_EOC1_FallDetection\libCMSIS_DSP.a(CommonTables.o)
                0x00000000080e5554                twiddleCoef_16
 .rodata.twiddleCoef_2048
                0x00000000080e55d4     0x4000 D:\Workspaces\STM32MLBookEOCWorkspace\F746NG_CH8_EOC1_FallDetection\libCMSIS_DSP.a(CommonTables.o)
                0x00000000080e55d4                twiddleCoef_2048
 .rodata.twiddleCoef_256
                0x00000000080e95d4      0x800 D:\Workspaces\STM32MLBookEOCWorkspace\F746NG_CH8_EOC1_FallDetection\libCMSIS_DSP.a(CommonTables.o)
                0x00000000080e95d4                twiddleCoef_256
 .rodata.twiddleCoef_32
                0x00000000080e9dd4      0x100 D:\Workspaces\STM32MLBookEOCWorkspace\F746NG_CH8_EOC1_FallDetection\libCMSIS_DSP.a(CommonTables.o)
                0x00000000080e9dd4                twiddleCoef_32
 .rodata.twiddleCoef_512
                0x00000000080e9ed4     0x1000 D:\Workspaces\STM32MLBookEOCWorkspace\F746NG_CH8_EOC1_FallDetection\libCMSIS_DSP.a(CommonTables.o)
                0x00000000080e9ed4                twiddleCoef_512
 .rodata.twiddleCoef_64
                0x00000000080eaed4      0x200 D:\Workspaces\STM32MLBookEOCWorkspace\F746NG_CH8_EOC1_FallDetection\libCMSIS_DSP.a(CommonTables.o)
                0x00000000080eaed4                twiddleCoef_64
 .rodata.twiddleCoef_rfft_1024
                0x00000000080eb0d4     0x1000 D:\Workspaces\STM32MLBookEOCWorkspace\F746NG_CH8_EOC1_FallDetection\libCMSIS_DSP.a(CommonTables.o)
                0x00000000080eb0d4                twiddleCoef_rfft_1024
 .rodata.twiddleCoef_rfft_128
                0x00000000080ec0d4      0x200 D:\Workspaces\STM32MLBookEOCWorkspace\F746NG_CH8_EOC1_FallDetection\libCMSIS_DSP.a(CommonTables.o)
                0x00000000080ec0d4                twiddleCoef_rfft_128
 .rodata.twiddleCoef_rfft_2048
                0x00000000080ec2d4     0x2000 D:\Workspaces\STM32MLBookEOCWorkspace\F746NG_CH8_EOC1_FallDetection\libCMSIS_DSP.a(CommonTables.o)
                0x00000000080ec2d4                twiddleCoef_rfft_2048
 .rodata.twiddleCoef_rfft_256
                0x00000000080ee2d4      0x400 D:\Workspaces\STM32MLBookEOCWorkspace\F746NG_CH8_EOC1_FallDetection\libCMSIS_DSP.a(CommonTables.o)
                0x00000000080ee2d4                twiddleCoef_rfft_256
 .rodata.twiddleCoef_rfft_32
                0x00000000080ee6d4       0x80 D:\Workspaces\STM32MLBookEOCWorkspace\F746NG_CH8_EOC1_FallDetection\libCMSIS_DSP.a(CommonTables.o)
                0x00000000080ee6d4                twiddleCoef_rfft_32
 .rodata.twiddleCoef_rfft_4096
                0x00000000080ee754     0x4000 D:\Workspaces\STM32MLBookEOCWorkspace\F746NG_CH8_EOC1_FallDetection\libCMSIS_DSP.a(CommonTables.o)
                0x00000000080ee754                twiddleCoef_rfft_4096
 .rodata.twiddleCoef_rfft_512
                0x00000000080f2754      0x800 D:\Workspaces\STM32MLBookEOCWorkspace\F746NG_CH8_EOC1_FallDetection\libCMSIS_DSP.a(CommonTables.o)
                0x00000000080f2754                twiddleCoef_rfft_512
 .rodata.twiddleCoef_rfft_64
                0x00000000080f2f54      0x100 D:\Workspaces\STM32MLBookEOCWorkspace\F746NG_CH8_EOC1_FallDetection\libCMSIS_DSP.a(CommonTables.o)
                0x00000000080f2f54                twiddleCoef_rfft_64
                0x00000000080f3054                . = ALIGN (0x4)

.ARM.extab      0x00000000080f3054        0x0
                0x00000000080f3054                . = ALIGN (0x4)
 *(.ARM.extab* .gnu.linkonce.armextab.*)
                0x00000000080f3054                . = ALIGN (0x4)

.ARM            0x00000000080f3054        0x8
                0x00000000080f3054                . = ALIGN (0x4)
                0x00000000080f3054                __exidx_start = .
 *(.ARM.exidx*)
 .ARM.exidx     0x00000000080f3054        0x8 d:/programs/stm32cubeide/stm32cubeide_1.7.0/stm32cubeide/plugins/com.st.stm32cube.ide.mcu.externaltools.gnu-tools-for-stm32.9-2020-q2-update.win32_2.0.0.202105311346/tools/bin/../lib/gcc/arm-none-eabi/9.3.1/thumb/v7e-m+fp/hard\libgcc.a(_udivmoddi4.o)
                0x00000000080f305c                __exidx_end = .
                0x00000000080f305c                . = ALIGN (0x4)

.rel.dyn        0x00000000080f305c        0x0
 .rel.iplt      0x00000000080f305c        0x0 d:/programs/stm32cubeide/stm32cubeide_1.7.0/stm32cubeide/plugins/com.st.stm32cube.ide.mcu.externaltools.gnu-tools-for-stm32.9-2020-q2-update.win32_2.0.0.202105311346/tools/bin/../lib/gcc/arm-none-eabi/9.3.1/thumb/v7e-m+fp/hard/crtbegin.o

.preinit_array  0x00000000080f305c        0x0
                0x00000000080f305c                . = ALIGN (0x4)
                0x00000000080f305c                PROVIDE (__preinit_array_start = .)
 *(.preinit_array*)
                0x00000000080f305c                PROVIDE (__preinit_array_end = .)
                0x00000000080f305c                . = ALIGN (0x4)

.init_array     0x00000000080f305c        0x4
                0x00000000080f305c                . = ALIGN (0x4)
                0x00000000080f305c                PROVIDE (__init_array_start = .)
 *(SORT_BY_NAME(.init_array.*))
 *(.init_array*)
 .init_array    0x00000000080f305c        0x4 d:/programs/stm32cubeide/stm32cubeide_1.7.0/stm32cubeide/plugins/com.st.stm32cube.ide.mcu.externaltools.gnu-tools-for-stm32.9-2020-q2-update.win32_2.0.0.202105311346/tools/bin/../lib/gcc/arm-none-eabi/9.3.1/thumb/v7e-m+fp/hard/crtbegin.o
                0x00000000080f3060                PROVIDE (__init_array_end = .)
                0x00000000080f3060                . = ALIGN (0x4)

.fini_array     0x00000000080f3060        0x4
                0x00000000080f3060                . = ALIGN (0x4)
                [!provide]                        PROVIDE (__fini_array_start = .)
 *(SORT_BY_NAME(.fini_array.*))
 *(.fini_array*)
 .fini_array    0x00000000080f3060        0x4 d:/programs/stm32cubeide/stm32cubeide_1.7.0/stm32cubeide/plugins/com.st.stm32cube.ide.mcu.externaltools.gnu-tools-for-stm32.9-2020-q2-update.win32_2.0.0.202105311346/tools/bin/../lib/gcc/arm-none-eabi/9.3.1/thumb/v7e-m+fp/hard/crtbegin.o
                [!provide]                        PROVIDE (__fini_array_end = .)
                0x00000000080f3064                . = ALIGN (0x4)
                0x00000000080f3064                _sidata = LOADADDR (.data)

.data           0x0000000020000000       0x74 load address 0x00000000080f3064
                0x0000000020000000                . = ALIGN (0x4)
                0x0000000020000000                _sdata = .
 *(.data)
 *(.data*)
 .data.SystemCoreClock
                0x0000000020000000        0x4 ./Core/Src/system_stm32f7xx.o
                0x0000000020000000                SystemCoreClock
 .data.uwTickPrio
                0x0000000020000004        0x4 ./Drivers/STM32F7xx_HAL_Driver/Src/stm32f7xx_hal.o
                0x0000000020000004                uwTickPrio
 .data.uwTickFreq
                0x0000000020000008        0x1 ./Drivers/STM32F7xx_HAL_Driver/Src/stm32f7xx_hal.o
                0x0000000020000008                uwTickFreq
 *fill*         0x0000000020000009        0x3 
 .data._impure_ptr
                0x000000002000000c        0x4 d:/programs/stm32cubeide/stm32cubeide_1.7.0/stm32cubeide/plugins/com.st.stm32cube.ide.mcu.externaltools.gnu-tools-for-stm32.9-2020-q2-update.win32_2.0.0.202105311346/tools/bin/../lib/gcc/arm-none-eabi/9.3.1/../../../../arm-none-eabi/lib/thumb/v7e-m+fp/hard\libc_nano.a(lib_a-impure.o)
                0x000000002000000c                _impure_ptr
 .data.impure_data
                0x0000000020000010       0x60 d:/programs/stm32cubeide/stm32cubeide_1.7.0/stm32cubeide/plugins/com.st.stm32cube.ide.mcu.externaltools.gnu-tools-for-stm32.9-2020-q2-update.win32_2.0.0.202105311346/tools/bin/../lib/gcc/arm-none-eabi/9.3.1/../../../../arm-none-eabi/lib/thumb/v7e-m+fp/hard\libc_nano.a(lib_a-impure.o)
 .data.__fdlib_version
                0x0000000020000070        0x1 d:/programs/stm32cubeide/stm32cubeide_1.7.0/stm32cubeide/plugins/com.st.stm32cube.ide.mcu.externaltools.gnu-tools-for-stm32.9-2020-q2-update.win32_2.0.0.202105311346/tools/bin/../lib/gcc/arm-none-eabi/9.3.1/../../../../arm-none-eabi/lib/thumb/v7e-m+fp/hard\libm.a(lib_a-s_lib_ver.o)
                0x0000000020000070                __fdlib_version
 *(.RamFunc)
 *(.RamFunc*)
                0x0000000020000074                . = ALIGN (0x4)
 *fill*         0x0000000020000071        0x3 
                0x0000000020000074                _edata = .

.igot.plt       0x0000000020000074        0x0 load address 0x00000000080f30d8
 .igot.plt      0x0000000020000074        0x0 d:/programs/stm32cubeide/stm32cubeide_1.7.0/stm32cubeide/plugins/com.st.stm32cube.ide.mcu.externaltools.gnu-tools-for-stm32.9-2020-q2-update.win32_2.0.0.202105311346/tools/bin/../lib/gcc/arm-none-eabi/9.3.1/thumb/v7e-m+fp/hard/crtbegin.o
                0x0000000020000074                . = ALIGN (0x4)

.bss            0x0000000020000074      0x914 load address 0x00000000080f30d8
                0x0000000020000074                _sbss = .
                0x0000000020000074                __bss_start__ = _sbss
 *(.bss)
 .bss           0x0000000020000074       0x1c d:/programs/stm32cubeide/stm32cubeide_1.7.0/stm32cubeide/plugins/com.st.stm32cube.ide.mcu.externaltools.gnu-tools-for-stm32.9-2020-q2-update.win32_2.0.0.202105311346/tools/bin/../lib/gcc/arm-none-eabi/9.3.1/thumb/v7e-m+fp/hard/crtbegin.o
 *(.bss*)
 .bss.p_bno055  0x0000000020000090        0x4 ./Core/Src/bno055.o
 .bss.fft_output
                0x0000000020000094      0x300 ./Core/Src/har_feature_extraction.o
 .bss.fft_sd    0x0000000020000394        0xc ./Core/Src/har_feature_extraction.o
 .bss.fft_abs   0x00000000200003a0      0x180 ./Core/Src/har_feature_extraction.o
 .bss.bno055    0x0000000020000520       0x18 ./Core/Src/lib_bno055.o
 .bss.counter   0x0000000020000538        0x4 ./Core/Src/main.o
                0x0000000020000538                counter
 .bss.isDataReady
                0x000000002000053c        0x1 ./Core/Src/main.o
                0x000000002000053c                isDataReady
 *fill*         0x000000002000053d        0x3 
 .bss.accel     0x0000000020000540      0x300 ./Core/Src/main.o
                0x0000000020000540                accel
 *(COMMON)
 COMMON         0x0000000020000840      0x144 ./Core/Src/main.o
                0x0000000020000840                features
                0x0000000020000868                hi2c1
                0x00000000200008b4                huart1
                0x0000000020000938                htim2
 COMMON         0x0000000020000984        0x4 ./Drivers/STM32F7xx_HAL_Driver/Src/stm32f7xx_hal.o
                0x0000000020000984                uwTick
                0x0000000020000988                . = ALIGN (0x4)
                0x0000000020000988                _ebss = .
                0x0000000020000988                __bss_end__ = _ebss

._user_heap_stack
                0x0000000020000988      0x600 load address 0x00000000080f30d8
                0x0000000020000988                . = ALIGN (0x8)
                [!provide]                        PROVIDE (end = .)
                0x0000000020000988                PROVIDE (_end = .)
                0x0000000020000b88                . = (. + _Min_Heap_Size)
 *fill*         0x0000000020000988      0x200 
                0x0000000020000f88                . = (. + _Min_Stack_Size)
 *fill*         0x0000000020000b88      0x400 
                0x0000000020000f88                . = ALIGN (0x8)

/DISCARD/
 libc.a(*)
 libm.a(*)
 libgcc.a(*)

.ARM.attributes
                0x0000000000000000       0x30
 *(.ARM.attributes)
 .ARM.attributes
                0x0000000000000000       0x1e d:/programs/stm32cubeide/stm32cubeide_1.7.0/stm32cubeide/plugins/com.st.stm32cube.ide.mcu.externaltools.gnu-tools-for-stm32.9-2020-q2-update.win32_2.0.0.202105311346/tools/bin/../lib/gcc/arm-none-eabi/9.3.1/thumb/v7e-m+fp/hard/crti.o
 .ARM.attributes
                0x000000000000001e       0x34 d:/programs/stm32cubeide/stm32cubeide_1.7.0/stm32cubeide/plugins/com.st.stm32cube.ide.mcu.externaltools.gnu-tools-for-stm32.9-2020-q2-update.win32_2.0.0.202105311346/tools/bin/../lib/gcc/arm-none-eabi/9.3.1/thumb/v7e-m+fp/hard/crtbegin.o
 .ARM.attributes
                0x0000000000000052       0x34 ./Core/Src/bno055.o
 .ARM.attributes
                0x0000000000000086       0x39 ./Core/Src/dbscan_clus_config.o
 .ARM.attributes
                0x00000000000000bf       0x34 ./Core/Src/dbscan_clus_inference.o
 .ARM.attributes
                0x00000000000000f3       0x34 ./Core/Src/har_feature_extraction.o
 .ARM.attributes
                0x0000000000000127       0x34 ./Core/Src/lib_bno055.o
 .ARM.attributes
                0x000000000000015b       0x34 ./Core/Src/lib_serial.o
 .ARM.attributes
                0x000000000000018f       0x34 ./Core/Src/main.o
 .ARM.attributes
                0x00000000000001c3       0x34 ./Core/Src/stm32f7xx_hal_msp.o
 .ARM.attributes
                0x00000000000001f7       0x34 ./Core/Src/stm32f7xx_it.o
 .ARM.attributes
                0x000000000000022b       0x34 ./Core/Src/system_stm32f7xx.o
 .ARM.attributes
                0x000000000000025f       0x21 ./Core/Startup/startup_stm32f746nghx.o
 .ARM.attributes
                0x0000000000000280       0x34 ./Drivers/STM32F7xx_HAL_Driver/Src/stm32f7xx_hal.o
 .ARM.attributes
                0x00000000000002b4       0x34 ./Drivers/STM32F7xx_HAL_Driver/Src/stm32f7xx_hal_cortex.o
 .ARM.attributes
                0x00000000000002e8       0x34 ./Drivers/STM32F7xx_HAL_Driver/Src/stm32f7xx_hal_gpio.o
 .ARM.attributes
                0x000000000000031c       0x34 ./Drivers/STM32F7xx_HAL_Driver/Src/stm32f7xx_hal_i2c.o
 .ARM.attributes
                0x0000000000000350       0x34 ./Drivers/STM32F7xx_HAL_Driver/Src/stm32f7xx_hal_i2c_ex.o
 .ARM.attributes
                0x0000000000000384       0x34 ./Drivers/STM32F7xx_HAL_Driver/Src/stm32f7xx_hal_rcc.o
 .ARM.attributes
                0x00000000000003b8       0x34 ./Drivers/STM32F7xx_HAL_Driver/Src/stm32f7xx_hal_rcc_ex.o
 .ARM.attributes
                0x00000000000003ec       0x34 ./Drivers/STM32F7xx_HAL_Driver/Src/stm32f7xx_hal_tim.o
 .ARM.attributes
                0x0000000000000420       0x34 ./Drivers/STM32F7xx_HAL_Driver/Src/stm32f7xx_hal_tim_ex.o
 .ARM.attributes
                0x0000000000000454       0x34 ./Drivers/STM32F7xx_HAL_Driver/Src/stm32f7xx_hal_uart.o
 .ARM.attributes
                0x0000000000000488       0x34 D:\Workspaces\STM32MLBookEOCWorkspace\F746NG_CH8_EOC1_FallDetection\libCMSIS_DSP.a(ComplexMathFunctions.o)
 .ARM.attributes
                0x00000000000004bc       0x34 D:\Workspaces\STM32MLBookEOCWorkspace\F746NG_CH8_EOC1_FallDetection\libCMSIS_DSP.a(StatisticsFunctions.o)
 .ARM.attributes
                0x00000000000004f0       0x34 D:\Workspaces\STM32MLBookEOCWorkspace\F746NG_CH8_EOC1_FallDetection\libCMSIS_DSP.a(TransformFunctions.o)
 .ARM.attributes
                0x0000000000000524       0x39 D:\Workspaces\STM32MLBookEOCWorkspace\F746NG_CH8_EOC1_FallDetection\libCMSIS_DSP.a(CommonTables.o)
 .ARM.attributes
                0x000000000000055d       0x34 d:/programs/stm32cubeide/stm32cubeide_1.7.0/stm32cubeide/plugins/com.st.stm32cube.ide.mcu.externaltools.gnu-tools-for-stm32.9-2020-q2-update.win32_2.0.0.202105311346/tools/bin/../lib/gcc/arm-none-eabi/9.3.1/../../../../arm-none-eabi/lib/thumb/v7e-m+fp/hard\libc_nano.a(lib_a-errno.o)
 .ARM.attributes
                0x0000000000000591       0x32 d:/programs/stm32cubeide/stm32cubeide_1.7.0/stm32cubeide/plugins/com.st.stm32cube.ide.mcu.externaltools.gnu-tools-for-stm32.9-2020-q2-update.win32_2.0.0.202105311346/tools/bin/../lib/gcc/arm-none-eabi/9.3.1/../../../../arm-none-eabi/lib/thumb/v7e-m+fp/hard\libc_nano.a(lib_a-impure.o)
 .ARM.attributes
                0x00000000000005c3       0x34 d:/programs/stm32cubeide/stm32cubeide_1.7.0/stm32cubeide/plugins/com.st.stm32cube.ide.mcu.externaltools.gnu-tools-for-stm32.9-2020-q2-update.win32_2.0.0.202105311346/tools/bin/../lib/gcc/arm-none-eabi/9.3.1/../../../../arm-none-eabi/lib/thumb/v7e-m+fp/hard\libc_nano.a(lib_a-init.o)
 .ARM.attributes
                0x00000000000005f7       0x34 d:/programs/stm32cubeide/stm32cubeide_1.7.0/stm32cubeide/plugins/com.st.stm32cube.ide.mcu.externaltools.gnu-tools-for-stm32.9-2020-q2-update.win32_2.0.0.202105311346/tools/bin/../lib/gcc/arm-none-eabi/9.3.1/../../../../arm-none-eabi/lib/thumb/v7e-m+fp/hard\libc_nano.a(lib_a-memset.o)
 .ARM.attributes
                0x000000000000062b       0x34 d:/programs/stm32cubeide/stm32cubeide_1.7.0/stm32cubeide/plugins/com.st.stm32cube.ide.mcu.externaltools.gnu-tools-for-stm32.9-2020-q2-update.win32_2.0.0.202105311346/tools/bin/../lib/gcc/arm-none-eabi/9.3.1/../../../../arm-none-eabi/lib/thumb/v7e-m+fp/hard\libm.a(lib_a-w_sqrt.o)
 .ARM.attributes
                0x000000000000065f       0x34 d:/programs/stm32cubeide/stm32cubeide_1.7.0/stm32cubeide/plugins/com.st.stm32cube.ide.mcu.externaltools.gnu-tools-for-stm32.9-2020-q2-update.win32_2.0.0.202105311346/tools/bin/../lib/gcc/arm-none-eabi/9.3.1/../../../../arm-none-eabi/lib/thumb/v7e-m+fp/hard\libm.a(lib_a-e_sqrt.o)
 .ARM.attributes
                0x0000000000000693       0x32 d:/programs/stm32cubeide/stm32cubeide_1.7.0/stm32cubeide/plugins/com.st.stm32cube.ide.mcu.externaltools.gnu-tools-for-stm32.9-2020-q2-update.win32_2.0.0.202105311346/tools/bin/../lib/gcc/arm-none-eabi/9.3.1/../../../../arm-none-eabi/lib/thumb/v7e-m+fp/hard\libm.a(lib_a-s_lib_ver.o)
 .ARM.attributes
                0x00000000000006c5       0x1e d:/programs/stm32cubeide/stm32cubeide_1.7.0/stm32cubeide/plugins/com.st.stm32cube.ide.mcu.externaltools.gnu-tools-for-stm32.9-2020-q2-update.win32_2.0.0.202105311346/tools/bin/../lib/gcc/arm-none-eabi/9.3.1/thumb/v7e-m+fp/hard\libgcc.a(_arm_addsubdf3.o)
 .ARM.attributes
                0x00000000000006e3       0x1e d:/programs/stm32cubeide/stm32cubeide_1.7.0/stm32cubeide/plugins/com.st.stm32cube.ide.mcu.externaltools.gnu-tools-for-stm32.9-2020-q2-update.win32_2.0.0.202105311346/tools/bin/../lib/gcc/arm-none-eabi/9.3.1/thumb/v7e-m+fp/hard\libgcc.a(_arm_muldivdf3.o)
 .ARM.attributes
                0x0000000000000701       0x1e d:/programs/stm32cubeide/stm32cubeide_1.7.0/stm32cubeide/plugins/com.st.stm32cube.ide.mcu.externaltools.gnu-tools-for-stm32.9-2020-q2-update.win32_2.0.0.202105311346/tools/bin/../lib/gcc/arm-none-eabi/9.3.1/thumb/v7e-m+fp/hard\libgcc.a(_arm_cmpdf2.o)
 .ARM.attributes
                0x000000000000071f       0x1e d:/programs/stm32cubeide/stm32cubeide_1.7.0/stm32cubeide/plugins/com.st.stm32cube.ide.mcu.externaltools.gnu-tools-for-stm32.9-2020-q2-update.win32_2.0.0.202105311346/tools/bin/../lib/gcc/arm-none-eabi/9.3.1/thumb/v7e-m+fp/hard\libgcc.a(_arm_unorddf2.o)
 .ARM.attributes
                0x000000000000073d       0x1e d:/programs/stm32cubeide/stm32cubeide_1.7.0/stm32cubeide/plugins/com.st.stm32cube.ide.mcu.externaltools.gnu-tools-for-stm32.9-2020-q2-update.win32_2.0.0.202105311346/tools/bin/../lib/gcc/arm-none-eabi/9.3.1/thumb/v7e-m+fp/hard\libgcc.a(_arm_truncdfsf2.o)
 .ARM.attributes
                0x000000000000075b       0x1e d:/programs/stm32cubeide/stm32cubeide_1.7.0/stm32cubeide/plugins/com.st.stm32cube.ide.mcu.externaltools.gnu-tools-for-stm32.9-2020-q2-update.win32_2.0.0.202105311346/tools/bin/../lib/gcc/arm-none-eabi/9.3.1/thumb/v7e-m+fp/hard\libgcc.a(_aeabi_uldivmod.o)
 .ARM.attributes
                0x0000000000000779       0x34 d:/programs/stm32cubeide/stm32cubeide_1.7.0/stm32cubeide/plugins/com.st.stm32cube.ide.mcu.externaltools.gnu-tools-for-stm32.9-2020-q2-update.win32_2.0.0.202105311346/tools/bin/../lib/gcc/arm-none-eabi/9.3.1/thumb/v7e-m+fp/hard\libgcc.a(_udivmoddi4.o)
 .ARM.attributes
                0x00000000000007ad       0x1e d:/programs/stm32cubeide/stm32cubeide_1.7.0/stm32cubeide/plugins/com.st.stm32cube.ide.mcu.externaltools.gnu-tools-for-stm32.9-2020-q2-update.win32_2.0.0.202105311346/tools/bin/../lib/gcc/arm-none-eabi/9.3.1/thumb/v7e-m+fp/hard\libgcc.a(_dvmd_tls.o)
 .ARM.attributes
                0x00000000000007cb       0x1e d:/programs/stm32cubeide/stm32cubeide_1.7.0/stm32cubeide/plugins/com.st.stm32cube.ide.mcu.externaltools.gnu-tools-for-stm32.9-2020-q2-update.win32_2.0.0.202105311346/tools/bin/../lib/gcc/arm-none-eabi/9.3.1/thumb/v7e-m+fp/hard/crtn.o
OUTPUT(F746NG_CH8_EOC1_FallDetection.elf elf32-littlearm)
LOAD linker stubs
LOAD d:/programs/stm32cubeide/stm32cubeide_1.7.0/stm32cubeide/plugins/com.st.stm32cube.ide.mcu.externaltools.gnu-tools-for-stm32.9-2020-q2-update.win32_2.0.0.202105311346/tools/bin/../lib/gcc/arm-none-eabi/9.3.1/../../../../arm-none-eabi/lib/thumb/v7e-m+fp/hard\libc.a
LOAD d:/programs/stm32cubeide/stm32cubeide_1.7.0/stm32cubeide/plugins/com.st.stm32cube.ide.mcu.externaltools.gnu-tools-for-stm32.9-2020-q2-update.win32_2.0.0.202105311346/tools/bin/../lib/gcc/arm-none-eabi/9.3.1/../../../../arm-none-eabi/lib/thumb/v7e-m+fp/hard\libm.a
LOAD d:/programs/stm32cubeide/stm32cubeide_1.7.0/stm32cubeide/plugins/com.st.stm32cube.ide.mcu.externaltools.gnu-tools-for-stm32.9-2020-q2-update.win32_2.0.0.202105311346/tools/bin/../lib/gcc/arm-none-eabi/9.3.1/thumb/v7e-m+fp/hard\libgcc.a

.debug_info     0x0000000000000000    0x35486
 .debug_info    0x0000000000000000     0x73d2 ./Core/Src/bno055.o
 .debug_info    0x00000000000073d2       0xf3 ./Core/Src/dbscan_clus_config.o
 .debug_info    0x00000000000074c5      0xb2b ./Core/Src/dbscan_clus_inference.o
 .debug_info    0x0000000000007ff0      0xd9a ./Core/Src/har_feature_extraction.o
 .debug_info    0x0000000000008d8a      0xb37 ./Core/Src/lib_bno055.o
 .debug_info    0x00000000000098c1      0x93d ./Core/Src/lib_serial.o
 .debug_info    0x000000000000a1fe     0x2142 ./Core/Src/main.o
 .debug_info    0x000000000000c340     0x17ac ./Core/Src/stm32f7xx_hal_msp.o
 .debug_info    0x000000000000daec      0x84c ./Core/Src/stm32f7xx_it.o
 .debug_info    0x000000000000e338      0x7ad ./Core/Src/system_stm32f7xx.o
 .debug_info    0x000000000000eae5       0x22 ./Core/Startup/startup_stm32f746nghx.o
 .debug_info    0x000000000000eb07      0xa42 ./Drivers/STM32F7xx_HAL_Driver/Src/stm32f7xx_hal.o
 .debug_info    0x000000000000f549     0x1116 ./Drivers/STM32F7xx_HAL_Driver/Src/stm32f7xx_hal_cortex.o
 .debug_info    0x000000000001065f      0x868 ./Drivers/STM32F7xx_HAL_Driver/Src/stm32f7xx_hal_gpio.o
 .debug_info    0x0000000000010ec7     0x228e ./Drivers/STM32F7xx_HAL_Driver/Src/stm32f7xx_hal_i2c.o
 .debug_info    0x0000000000013155      0xa8e ./Drivers/STM32F7xx_HAL_Driver/Src/stm32f7xx_hal_i2c_ex.o
 .debug_info    0x0000000000013be3      0x9cc ./Drivers/STM32F7xx_HAL_Driver/Src/stm32f7xx_hal_rcc.o
 .debug_info    0x00000000000145af      0x82c ./Drivers/STM32F7xx_HAL_Driver/Src/stm32f7xx_hal_rcc_ex.o
 .debug_info    0x0000000000014ddb     0x2d3e ./Drivers/STM32F7xx_HAL_Driver/Src/stm32f7xx_hal_tim.o
 .debug_info    0x0000000000017b19     0x1688 ./Drivers/STM32F7xx_HAL_Driver/Src/stm32f7xx_hal_tim_ex.o
 .debug_info    0x00000000000191a1     0x3cd4 ./Drivers/STM32F7xx_HAL_Driver/Src/stm32f7xx_hal_uart.o
 .debug_info    0x000000000001ce75     0x1c18 D:\Workspaces\STM32MLBookEOCWorkspace\F746NG_CH8_EOC1_FallDetection\libCMSIS_DSP.a(ComplexMathFunctions.o)
 .debug_info    0x000000000001ea8d     0x4ff3 D:\Workspaces\STM32MLBookEOCWorkspace\F746NG_CH8_EOC1_FallDetection\libCMSIS_DSP.a(StatisticsFunctions.o)
 .debug_info    0x0000000000023a80     0xf3a0 D:\Workspaces\STM32MLBookEOCWorkspace\F746NG_CH8_EOC1_FallDetection\libCMSIS_DSP.a(TransformFunctions.o)
 .debug_info    0x0000000000032e20     0x2666 D:\Workspaces\STM32MLBookEOCWorkspace\F746NG_CH8_EOC1_FallDetection\libCMSIS_DSP.a(CommonTables.o)

.debug_abbrev   0x0000000000000000     0x3a2a
 .debug_abbrev  0x0000000000000000      0x161 ./Core/Src/bno055.o
 .debug_abbrev  0x0000000000000161       0x7c ./Core/Src/dbscan_clus_config.o
 .debug_abbrev  0x00000000000001dd      0x220 ./Core/Src/dbscan_clus_inference.o
 .debug_abbrev  0x00000000000003fd      0x22f ./Core/Src/har_feature_extraction.o
 .debug_abbrev  0x000000000000062c      0x21d ./Core/Src/lib_bno055.o
 .debug_abbrev  0x0000000000000849      0x18b ./Core/Src/lib_serial.o
 .debug_abbrev  0x00000000000009d4      0x322 ./Core/Src/main.o
 .debug_abbrev  0x0000000000000cf6      0x200 ./Core/Src/stm32f7xx_hal_msp.o
 .debug_abbrev  0x0000000000000ef6      0x176 ./Core/Src/stm32f7xx_it.o
 .debug_abbrev  0x000000000000106c      0x165 ./Core/Src/system_stm32f7xx.o
 .debug_abbrev  0x00000000000011d1       0x12 ./Core/Startup/startup_stm32f746nghx.o
 .debug_abbrev  0x00000000000011e3      0x1ed ./Drivers/STM32F7xx_HAL_Driver/Src/stm32f7xx_hal.o
 .debug_abbrev  0x00000000000013d0      0x33c ./Drivers/STM32F7xx_HAL_Driver/Src/stm32f7xx_hal_cortex.o
 .debug_abbrev  0x000000000000170c      0x1f1 ./Drivers/STM32F7xx_HAL_Driver/Src/stm32f7xx_hal_gpio.o
 .debug_abbrev  0x00000000000018fd      0x256 ./Drivers/STM32F7xx_HAL_Driver/Src/stm32f7xx_hal_i2c.o
 .debug_abbrev  0x0000000000001b53      0x1bb ./Drivers/STM32F7xx_HAL_Driver/Src/stm32f7xx_hal_i2c_ex.o
 .debug_abbrev  0x0000000000001d0e      0x246 ./Drivers/STM32F7xx_HAL_Driver/Src/stm32f7xx_hal_rcc.o
 .debug_abbrev  0x0000000000001f54      0x1d1 ./Drivers/STM32F7xx_HAL_Driver/Src/stm32f7xx_hal_rcc_ex.o
 .debug_abbrev  0x0000000000002125      0x25e ./Drivers/STM32F7xx_HAL_Driver/Src/stm32f7xx_hal_tim.o
 .debug_abbrev  0x0000000000002383      0x266 ./Drivers/STM32F7xx_HAL_Driver/Src/stm32f7xx_hal_tim_ex.o
 .debug_abbrev  0x00000000000025e9      0x2b3 ./Drivers/STM32F7xx_HAL_Driver/Src/stm32f7xx_hal_uart.o
 .debug_abbrev  0x000000000000289c      0x3d2 D:\Workspaces\STM32MLBookEOCWorkspace\F746NG_CH8_EOC1_FallDetection\libCMSIS_DSP.a(ComplexMathFunctions.o)
 .debug_abbrev  0x0000000000002c6e      0x567 D:\Workspaces\STM32MLBookEOCWorkspace\F746NG_CH8_EOC1_FallDetection\libCMSIS_DSP.a(StatisticsFunctions.o)
 .debug_abbrev  0x00000000000031d5      0x61e D:\Workspaces\STM32MLBookEOCWorkspace\F746NG_CH8_EOC1_FallDetection\libCMSIS_DSP.a(TransformFunctions.o)
 .debug_abbrev  0x00000000000037f3      0x237 D:\Workspaces\STM32MLBookEOCWorkspace\F746NG_CH8_EOC1_FallDetection\libCMSIS_DSP.a(CommonTables.o)

.debug_aranges  0x0000000000000000     0x2140
 .debug_aranges
                0x0000000000000000      0x8b0 ./Core/Src/bno055.o
 .debug_aranges
                0x00000000000008b0       0x18 ./Core/Src/dbscan_clus_config.o
 .debug_aranges
                0x00000000000008c8       0x28 ./Core/Src/dbscan_clus_inference.o
 .debug_aranges
                0x00000000000008f0       0x20 ./Core/Src/har_feature_extraction.o
 .debug_aranges
                0x0000000000000910       0x50 ./Core/Src/lib_bno055.o
 .debug_aranges
                0x0000000000000960       0x28 ./Core/Src/lib_serial.o
 .debug_aranges
                0x0000000000000988       0x58 ./Core/Src/main.o
 .debug_aranges
                0x00000000000009e0       0x50 ./Core/Src/stm32f7xx_hal_msp.o
 .debug_aranges
                0x0000000000000a30       0x68 ./Core/Src/stm32f7xx_it.o
 .debug_aranges
                0x0000000000000a98       0x28 ./Core/Src/system_stm32f7xx.o
 .debug_aranges
                0x0000000000000ac0       0x28 ./Core/Startup/startup_stm32f746nghx.o
 .debug_aranges
                0x0000000000000ae8      0x100 ./Drivers/STM32F7xx_HAL_Driver/Src/stm32f7xx_hal.o
 .debug_aranges
                0x0000000000000be8      0x118 ./Drivers/STM32F7xx_HAL_Driver/Src/stm32f7xx_hal_cortex.o
 .debug_aranges
                0x0000000000000d00       0x58 ./Drivers/STM32F7xx_HAL_Driver/Src/stm32f7xx_hal_gpio.o
 .debug_aranges
                0x0000000000000d58      0x290 ./Drivers/STM32F7xx_HAL_Driver/Src/stm32f7xx_hal_i2c.o
 .debug_aranges
                0x0000000000000fe8       0x38 ./Drivers/STM32F7xx_HAL_Driver/Src/stm32f7xx_hal_i2c_ex.o
 .debug_aranges
                0x0000000000001020       0x88 ./Drivers/STM32F7xx_HAL_Driver/Src/stm32f7xx_hal_rcc.o
 .debug_aranges
                0x00000000000010a8       0x50 ./Drivers/STM32F7xx_HAL_Driver/Src/stm32f7xx_hal_rcc_ex.o
 .debug_aranges
                0x00000000000010f8      0x3e0 ./Drivers/STM32F7xx_HAL_Driver/Src/stm32f7xx_hal_tim.o
 .debug_aranges
                0x00000000000014d8      0x178 ./Drivers/STM32F7xx_HAL_Driver/Src/stm32f7xx_hal_tim_ex.o
 .debug_aranges
                0x0000000000001650      0x228 ./Drivers/STM32F7xx_HAL_Driver/Src/stm32f7xx_hal_uart.o
 .debug_aranges
                0x0000000000001878       0xc8 D:\Workspaces\STM32MLBookEOCWorkspace\F746NG_CH8_EOC1_FallDetection\libCMSIS_DSP.a(ComplexMathFunctions.o)
 .debug_aranges
                0x0000000000001940      0x268 D:\Workspaces\STM32MLBookEOCWorkspace\F746NG_CH8_EOC1_FallDetection\libCMSIS_DSP.a(StatisticsFunctions.o)
 .debug_aranges
                0x0000000000001ba8      0x580 D:\Workspaces\STM32MLBookEOCWorkspace\F746NG_CH8_EOC1_FallDetection\libCMSIS_DSP.a(TransformFunctions.o)
 .debug_aranges
                0x0000000000002128       0x18 D:\Workspaces\STM32MLBookEOCWorkspace\F746NG_CH8_EOC1_FallDetection\libCMSIS_DSP.a(CommonTables.o)

.debug_ranges   0x0000000000000000     0x28f0
 .debug_ranges  0x0000000000000000      0x8a0 ./Core/Src/bno055.o
 .debug_ranges  0x00000000000008a0       0x18 ./Core/Src/dbscan_clus_inference.o
 .debug_ranges  0x00000000000008b8       0x10 ./Core/Src/har_feature_extraction.o
 .debug_ranges  0x00000000000008c8       0x40 ./Core/Src/lib_bno055.o
 .debug_ranges  0x0000000000000908       0x18 ./Core/Src/lib_serial.o
 .debug_ranges  0x0000000000000920       0x48 ./Core/Src/main.o
 .debug_ranges  0x0000000000000968       0x40 ./Core/Src/stm32f7xx_hal_msp.o
 .debug_ranges  0x00000000000009a8       0x58 ./Core/Src/stm32f7xx_it.o
 .debug_ranges  0x0000000000000a00       0x18 ./Core/Src/system_stm32f7xx.o
 .debug_ranges  0x0000000000000a18       0x20 ./Core/Startup/startup_stm32f746nghx.o
 .debug_ranges  0x0000000000000a38       0xf0 ./Drivers/STM32F7xx_HAL_Driver/Src/stm32f7xx_hal.o
 .debug_ranges  0x0000000000000b28      0x108 ./Drivers/STM32F7xx_HAL_Driver/Src/stm32f7xx_hal_cortex.o
 .debug_ranges  0x0000000000000c30       0x48 ./Drivers/STM32F7xx_HAL_Driver/Src/stm32f7xx_hal_gpio.o
 .debug_ranges  0x0000000000000c78      0x280 ./Drivers/STM32F7xx_HAL_Driver/Src/stm32f7xx_hal_i2c.o
 .debug_ranges  0x0000000000000ef8       0x28 ./Drivers/STM32F7xx_HAL_Driver/Src/stm32f7xx_hal_i2c_ex.o
 .debug_ranges  0x0000000000000f20       0x78 ./Drivers/STM32F7xx_HAL_Driver/Src/stm32f7xx_hal_rcc.o
 .debug_ranges  0x0000000000000f98       0x40 ./Drivers/STM32F7xx_HAL_Driver/Src/stm32f7xx_hal_rcc_ex.o
 .debug_ranges  0x0000000000000fd8      0x3d0 ./Drivers/STM32F7xx_HAL_Driver/Src/stm32f7xx_hal_tim.o
 .debug_ranges  0x00000000000013a8      0x168 ./Drivers/STM32F7xx_HAL_Driver/Src/stm32f7xx_hal_tim_ex.o
 .debug_ranges  0x0000000000001510      0x248 ./Drivers/STM32F7xx_HAL_Driver/Src/stm32f7xx_hal_uart.o
 .debug_ranges  0x0000000000001758      0x138 D:\Workspaces\STM32MLBookEOCWorkspace\F746NG_CH8_EOC1_FallDetection\libCMSIS_DSP.a(ComplexMathFunctions.o)
 .debug_ranges  0x0000000000001890      0x500 D:\Workspaces\STM32MLBookEOCWorkspace\F746NG_CH8_EOC1_FallDetection\libCMSIS_DSP.a(StatisticsFunctions.o)
 .debug_ranges  0x0000000000001d90      0xb60 D:\Workspaces\STM32MLBookEOCWorkspace\F746NG_CH8_EOC1_FallDetection\libCMSIS_DSP.a(TransformFunctions.o)

.debug_macro    0x0000000000000000    0x2b657
 .debug_macro   0x0000000000000000       0x75 ./Core/Src/bno055.o
 .debug_macro   0x0000000000000075      0xaae ./Core/Src/bno055.o
 .debug_macro   0x0000000000000b23     0x1e64 ./Core/Src/bno055.o
 .debug_macro   0x0000000000002987       0x22 ./Core/Src/bno055.o
 .debug_macro   0x00000000000029a9       0x8e ./Core/Src/bno055.o
 .debug_macro   0x0000000000002a37       0x51 ./Core/Src/bno055.o
 .debug_macro   0x0000000000002a88      0x103 ./Core/Src/bno055.o
 .debug_macro   0x0000000000002b8b       0x6a ./Core/Src/bno055.o
 .debug_macro   0x0000000000002bf5      0x1df ./Core/Src/bno055.o
 .debug_macro   0x0000000000002dd4      0x174 ./Core/Src/bno055.o
 .debug_macro   0x0000000000002f48       0x1a ./Core/Src/dbscan_clus_config.o
 .debug_macro   0x0000000000002f62       0x22 ./Core/Src/dbscan_clus_config.o
 .debug_macro   0x0000000000002f84      0x166 ./Core/Src/dbscan_clus_inference.o
 .debug_macro   0x00000000000030ea      0x201 ./Core/Src/dbscan_clus_inference.o
 .debug_macro   0x00000000000032eb       0x4c ./Core/Src/dbscan_clus_inference.o
 .debug_macro   0x0000000000003337       0x18 ./Core/Src/dbscan_clus_inference.o
 .debug_macro   0x000000000000334f       0x94 ./Core/Src/dbscan_clus_inference.o
 .debug_macro   0x00000000000033e3       0x3c ./Core/Src/dbscan_clus_inference.o
 .debug_macro   0x000000000000341f       0x34 ./Core/Src/dbscan_clus_inference.o
 .debug_macro   0x0000000000003453       0x16 ./Core/Src/dbscan_clus_inference.o
 .debug_macro   0x0000000000003469       0x43 ./Core/Src/dbscan_clus_inference.o
 .debug_macro   0x00000000000034ac       0x57 ./Core/Src/dbscan_clus_inference.o
 .debug_macro   0x0000000000003503       0x34 ./Core/Src/dbscan_clus_inference.o
 .debug_macro   0x0000000000003537       0x10 ./Core/Src/dbscan_clus_inference.o
 .debug_macro   0x0000000000003547       0x58 ./Core/Src/dbscan_clus_inference.o
 .debug_macro   0x000000000000359f       0x71 ./Core/Src/dbscan_clus_inference.o
 .debug_macro   0x0000000000003610       0x1c ./Core/Src/dbscan_clus_inference.o
 .debug_macro   0x000000000000362c      0x12a ./Core/Src/dbscan_clus_inference.o
 .debug_macro   0x0000000000003756      0x339 ./Core/Src/dbscan_clus_inference.o
 .debug_macro   0x0000000000003a8f      0x194 ./Core/Src/dbscan_clus_inference.o
 .debug_macro   0x0000000000003c23       0x16 ./Core/Src/dbscan_clus_inference.o
 .debug_macro   0x0000000000003c39       0x35 ./Core/Src/dbscan_clus_inference.o
 .debug_macro   0x0000000000003c6e       0x16 ./Core/Src/dbscan_clus_inference.o
 .debug_macro   0x0000000000003c84       0x29 ./Core/Src/dbscan_clus_inference.o
 .debug_macro   0x0000000000003cad       0x22 ./Core/Src/dbscan_clus_inference.o
 .debug_macro   0x0000000000003ccf      0x310 ./Core/Src/har_feature_extraction.o
 .debug_macro   0x0000000000003fdf       0x3b ./Core/Src/har_feature_extraction.o
 .debug_macro   0x000000000000401a       0x1c ./Core/Src/har_feature_extraction.o
 .debug_macro   0x0000000000004036       0x22 ./Core/Src/har_feature_extraction.o
 .debug_macro   0x0000000000004058       0xdf ./Core/Src/har_feature_extraction.o
 .debug_macro   0x0000000000004137     0x12cd ./Core/Src/har_feature_extraction.o
 .debug_macro   0x0000000000005404      0x11f ./Core/Src/har_feature_extraction.o
 .debug_macro   0x0000000000005523       0x19 ./Core/Src/har_feature_extraction.o
 .debug_macro   0x000000000000553c    0x191da ./Core/Src/har_feature_extraction.o
 .debug_macro   0x000000000001e716       0x52 ./Core/Src/har_feature_extraction.o
 .debug_macro   0x000000000001e768      0x333 ./Core/Src/har_feature_extraction.o
 .debug_macro   0x000000000001ea9b       0x10 ./Core/Src/har_feature_extraction.o
 .debug_macro   0x000000000001eaab       0x20 ./Core/Src/har_feature_extraction.o
 .debug_macro   0x000000000001eacb      0x1a9 ./Core/Src/har_feature_extraction.o
 .debug_macro   0x000000000001ec74       0x7c ./Core/Src/har_feature_extraction.o
 .debug_macro   0x000000000001ecf0       0x17 ./Core/Src/har_feature_extraction.o
 .debug_macro   0x000000000001ed07      0x118 ./Core/Src/har_feature_extraction.o
 .debug_macro   0x000000000001ee1f       0xb9 ./Core/Src/har_feature_extraction.o
 .debug_macro   0x000000000001eed8       0x42 ./Core/Src/har_feature_extraction.o
 .debug_macro   0x000000000001ef1a       0x35 ./Core/Src/har_feature_extraction.o
 .debug_macro   0x000000000001ef4f       0x29 ./Core/Src/har_feature_extraction.o
 .debug_macro   0x000000000001ef78       0x28 ./Core/Src/har_feature_extraction.o
 .debug_macro   0x000000000001efa0       0x16 ./Core/Src/har_feature_extraction.o
 .debug_macro   0x000000000001efb6       0x16 ./Core/Src/har_feature_extraction.o
 .debug_macro   0x000000000001efcc       0x10 ./Core/Src/har_feature_extraction.o
 .debug_macro   0x000000000001efdc      0x1fb ./Core/Src/lib_bno055.o
 .debug_macro   0x000000000001f1d7      0x293 ./Core/Src/lib_bno055.o
 .debug_macro   0x000000000001f46a       0x2e ./Core/Src/lib_bno055.o
 .debug_macro   0x000000000001f498       0x6d ./Core/Src/lib_bno055.o
 .debug_macro   0x000000000001f505     0x3714 ./Core/Src/lib_bno055.o
 .debug_macro   0x0000000000022c19       0x63 ./Core/Src/lib_bno055.o
 .debug_macro   0x0000000000022c7c     0x18ad ./Core/Src/lib_bno055.o
 .debug_macro   0x0000000000024529      0x6c4 ./Core/Src/lib_bno055.o
 .debug_macro   0x0000000000024bed      0x185 ./Core/Src/lib_bno055.o
 .debug_macro   0x0000000000024d72      0x115 ./Core/Src/lib_bno055.o
 .debug_macro   0x0000000000024e87      0x1fd ./Core/Src/lib_bno055.o
 .debug_macro   0x0000000000025084       0xa5 ./Core/Src/lib_bno055.o
 .debug_macro   0x0000000000025129      0x24f ./Core/Src/lib_bno055.o
 .debug_macro   0x0000000000025378       0x41 ./Core/Src/lib_bno055.o
 .debug_macro   0x00000000000253b9       0x58 ./Core/Src/lib_bno055.o
 .debug_macro   0x0000000000025411      0x236 ./Core/Src/lib_bno055.o
 .debug_macro   0x0000000000025647      0x14e ./Core/Src/lib_bno055.o
 .debug_macro   0x0000000000025795      0x25a ./Core/Src/lib_bno055.o
 .debug_macro   0x00000000000259ef       0x12 ./Core/Src/lib_bno055.o
 .debug_macro   0x0000000000025a01      0x22c ./Core/Src/lib_bno055.o
 .debug_macro   0x0000000000025c2d       0x61 ./Core/Src/lib_bno055.o
 .debug_macro   0x0000000000025c8e       0xa5 ./Core/Src/lib_bno055.o
 .debug_macro   0x0000000000025d33      0x12e ./Core/Src/lib_bno055.o
 .debug_macro   0x0000000000025e61      0x108 ./Core/Src/lib_bno055.o
 .debug_macro   0x0000000000025f69       0x35 ./Core/Src/lib_bno055.o
 .debug_macro   0x0000000000025f9e      0xa60 ./Core/Src/lib_bno055.o
 .debug_macro   0x00000000000269fe       0x59 ./Core/Src/lib_bno055.o
 .debug_macro   0x0000000000026a57      0x558 ./Core/Src/lib_bno055.o
 .debug_macro   0x0000000000026faf       0x44 ./Core/Src/lib_bno055.o
 .debug_macro   0x0000000000026ff3      0x14d ./Core/Src/lib_bno055.o
 .debug_macro   0x0000000000027140      0x1f1 ./Core/Src/lib_serial.o
 .debug_macro   0x0000000000027331       0x16 ./Core/Src/lib_serial.o
 .debug_macro   0x0000000000027347      0x4ab ./Core/Src/main.o
 .debug_macro   0x00000000000277f2      0x89c ./Core/Src/main.o
 .debug_macro   0x000000000002808e       0x10 ./Core/Src/main.o
 .debug_macro   0x000000000002809e       0x1c ./Core/Src/main.o
 .debug_macro   0x00000000000280ba      0x1f1 ./Core/Src/stm32f7xx_hal_msp.o
 .debug_macro   0x00000000000282ab      0x1fb ./Core/Src/stm32f7xx_it.o
 .debug_macro   0x00000000000284a6      0x1e2 ./Core/Src/system_stm32f7xx.o
 .debug_macro   0x0000000000028688      0x206 ./Drivers/STM32F7xx_HAL_Driver/Src/stm32f7xx_hal.o
 .debug_macro   0x000000000002888e      0x1e2 ./Drivers/STM32F7xx_HAL_Driver/Src/stm32f7xx_hal_cortex.o
 .debug_macro   0x0000000000028a70      0x1e8 ./Drivers/STM32F7xx_HAL_Driver/Src/stm32f7xx_hal_gpio.o
 .debug_macro   0x0000000000028c58      0x2ae ./Drivers/STM32F7xx_HAL_Driver/Src/stm32f7xx_hal_i2c.o
 .debug_macro   0x0000000000028f06      0x1e2 ./Drivers/STM32F7xx_HAL_Driver/Src/stm32f7xx_hal_i2c_ex.o
 .debug_macro   0x00000000000290e8      0x206 ./Drivers/STM32F7xx_HAL_Driver/Src/stm32f7xx_hal_rcc.o
 .debug_macro   0x00000000000292ee      0x1e2 ./Drivers/STM32F7xx_HAL_Driver/Src/stm32f7xx_hal_rcc_ex.o
 .debug_macro   0x00000000000294d0      0x1e3 ./Drivers/STM32F7xx_HAL_Driver/Src/stm32f7xx_hal_tim.o
 .debug_macro   0x00000000000296b3      0x1e2 ./Drivers/STM32F7xx_HAL_Driver/Src/stm32f7xx_hal_tim_ex.o
 .debug_macro   0x0000000000029895      0x1ff ./Drivers/STM32F7xx_HAL_Driver/Src/stm32f7xx_hal_uart.o
 .debug_macro   0x0000000000029a94      0x248 D:\Workspaces\STM32MLBookEOCWorkspace\F746NG_CH8_EOC1_FallDetection\libCMSIS_DSP.a(ComplexMathFunctions.o)
 .debug_macro   0x0000000000029cdc      0xaa2 D:\Workspaces\STM32MLBookEOCWorkspace\F746NG_CH8_EOC1_FallDetection\libCMSIS_DSP.a(ComplexMathFunctions.o)
 .debug_macro   0x000000000002a77e       0x22 D:\Workspaces\STM32MLBookEOCWorkspace\F746NG_CH8_EOC1_FallDetection\libCMSIS_DSP.a(ComplexMathFunctions.o)
 .debug_macro   0x000000000002a7a0       0xef D:\Workspaces\STM32MLBookEOCWorkspace\F746NG_CH8_EOC1_FallDetection\libCMSIS_DSP.a(ComplexMathFunctions.o)
 .debug_macro   0x000000000002a88f       0x5e D:\Workspaces\STM32MLBookEOCWorkspace\F746NG_CH8_EOC1_FallDetection\libCMSIS_DSP.a(ComplexMathFunctions.o)
 .debug_macro   0x000000000002a8ed       0x18 D:\Workspaces\STM32MLBookEOCWorkspace\F746NG_CH8_EOC1_FallDetection\libCMSIS_DSP.a(ComplexMathFunctions.o)
 .debug_macro   0x000000000002a905       0x35 D:\Workspaces\STM32MLBookEOCWorkspace\F746NG_CH8_EOC1_FallDetection\libCMSIS_DSP.a(ComplexMathFunctions.o)
 .debug_macro   0x000000000002a93a       0x1f D:\Workspaces\STM32MLBookEOCWorkspace\F746NG_CH8_EOC1_FallDetection\libCMSIS_DSP.a(ComplexMathFunctions.o)
 .debug_macro   0x000000000002a959       0x20 D:\Workspaces\STM32MLBookEOCWorkspace\F746NG_CH8_EOC1_FallDetection\libCMSIS_DSP.a(ComplexMathFunctions.o)