core_cm7.h:2229:22:void SCB_EnableICache()	4	static,ignoring_inline_asm
core_cm7.h:2281:22:void SCB_EnableDCache()	24	static,ignoring_inline_asm
gthr-default.h:229:1:int __gthread_key_delete(__gthread_key_t)	16	static
main.cpp:98:5:int main()	24	static
main.cpp:183:6:void SystemClock_Config()	88	static
main.cpp:228:13:void MX_DCMI_Init()	8	static
main.cpp:265:13:void MX_USART1_UART_Init()	8	static
main.cpp:296:13:void MX_FMC_Init()	40	static
main.cpp:347:13:void MX_GPIO_Init()	72	static
main.cpp:754:6:void Error_Handler()	4	static,ignoring_inline_asm
