Archive member included to satisfy reference by file (symbol)

d:/programs/stm32cubeide/stm32cubeide_1.7.0/stm32cubeide/plugins/com.st.stm32cube.ide.mcu.externaltools.gnu-tools-for-stm32.9-2020-q2-update.win32_2.0.0.202105311346/tools/bin/../lib/gcc/arm-none-eabi/9.3.1/../../../../arm-none-eabi/lib/thumb/v7e-m+fp/hard\libc_nano.a(lib_a-errno.o)
                              ./Core/Src/syscalls.o (__errno)
d:/programs/stm32cubeide/stm32cubeide_1.7.0/stm32cubeide/plugins/com.st.stm32cube.ide.mcu.externaltools.gnu-tools-for-stm32.9-2020-q2-update.win32_2.0.0.202105311346/tools/bin/../lib/gcc/arm-none-eabi/9.3.1/../../../../arm-none-eabi/lib/thumb/v7e-m+fp/hard\libc_nano.a(lib_a-exit.o)
                              d:/programs/stm32cubeide/stm32cubeide_1.7.0/stm32cubeide/plugins/com.st.stm32cube.ide.mcu.externaltools.gnu-tools-for-stm32.9-2020-q2-update.win32_2.0.0.202105311346/tools/bin/../lib/gcc/arm-none-eabi/9.3.1/../../../../arm-none-eabi/lib/thumb/v7e-m+fp/hard/crt0.o (exit)
d:/programs/stm32cubeide/stm32cubeide_1.7.0/stm32cubeide/plugins/com.st.stm32cube.ide.mcu.externaltools.gnu-tools-for-stm32.9-2020-q2-update.win32_2.0.0.202105311346/tools/bin/../lib/gcc/arm-none-eabi/9.3.1/../../../../arm-none-eabi/lib/thumb/v7e-m+fp/hard\libc_nano.a(lib_a-impure.o)
                              d:/programs/stm32cubeide/stm32cubeide_1.7.0/stm32cubeide/plugins/com.st.stm32cube.ide.mcu.externaltools.gnu-tools-for-stm32.9-2020-q2-update.win32_2.0.0.202105311346/tools/bin/../lib/gcc/arm-none-eabi/9.3.1/../../../../arm-none-eabi/lib/thumb/v7e-m+fp/hard\libc_nano.a(lib_a-exit.o) (_global_impure_ptr)
d:/programs/stm32cubeide/stm32cubeide_1.7.0/stm32cubeide/plugins/com.st.stm32cube.ide.mcu.externaltools.gnu-tools-for-stm32.9-2020-q2-update.win32_2.0.0.202105311346/tools/bin/../lib/gcc/arm-none-eabi/9.3.1/../../../../arm-none-eabi/lib/thumb/v7e-m+fp/hard\libc_nano.a(lib_a-init.o)
                              d:/programs/stm32cubeide/stm32cubeide_1.7.0/stm32cubeide/plugins/com.st.stm32cube.ide.mcu.externaltools.gnu-tools-for-stm32.9-2020-q2-update.win32_2.0.0.202105311346/tools/bin/../lib/gcc/arm-none-eabi/9.3.1/../../../../arm-none-eabi/lib/thumb/v7e-m+fp/hard/crt0.o (__libc_init_array)
d:/programs/stm32cubeide/stm32cubeide_1.7.0/stm32cubeide/plugins/com.st.stm32cube.ide.mcu.externaltools.gnu-tools-for-stm32.9-2020-q2-update.win32_2.0.0.202105311346/tools/bin/../lib/gcc/arm-none-eabi/9.3.1/../../../../arm-none-eabi/lib/thumb/v7e-m+fp/hard\libc_nano.a(lib_a-memset.o)
                              d:/programs/stm32cubeide/stm32cubeide_1.7.0/stm32cubeide/plugins/com.st.stm32cube.ide.mcu.externaltools.gnu-tools-for-stm32.9-2020-q2-update.win32_2.0.0.202105311346/tools/bin/../lib/gcc/arm-none-eabi/9.3.1/../../../../arm-none-eabi/lib/thumb/v7e-m+fp/hard/crt0.o (memset)
d:/programs/stm32cubeide/stm32cubeide_1.7.0/stm32cubeide/plugins/com.st.stm32cube.ide.mcu.externaltools.gnu-tools-for-stm32.9-2020-q2-update.win32_2.0.0.202105311346/tools/bin/../lib/gcc/arm-none-eabi/9.3.1/thumb/v7e-m+fp/hard\libgcc.a(_aeabi_ldivmod.o)
                              ./Drivers/STM32F7xx_HAL_Driver/Src/stm32f7xx_hal_rcc.o (__aeabi_ldivmod)
d:/programs/stm32cubeide/stm32cubeide_1.7.0/stm32cubeide/plugins/com.st.stm32cube.ide.mcu.externaltools.gnu-tools-for-stm32.9-2020-q2-update.win32_2.0.0.202105311346/tools/bin/../lib/gcc/arm-none-eabi/9.3.1/thumb/v7e-m+fp/hard\libgcc.a(_aeabi_uldivmod.o)
                              ./Drivers/STM32F7xx_HAL_Driver/Src/stm32f7xx_hal_rcc.o (__aeabi_uldivmod)
d:/programs/stm32cubeide/stm32cubeide_1.7.0/stm32cubeide/plugins/com.st.stm32cube.ide.mcu.externaltools.gnu-tools-for-stm32.9-2020-q2-update.win32_2.0.0.202105311346/tools/bin/../lib/gcc/arm-none-eabi/9.3.1/thumb/v7e-m+fp/hard\libgcc.a(_udivmoddi4.o)
                              d:/programs/stm32cubeide/stm32cubeide_1.7.0/stm32cubeide/plugins/com.st.stm32cube.ide.mcu.externaltools.gnu-tools-for-stm32.9-2020-q2-update.win32_2.0.0.202105311346/tools/bin/../lib/gcc/arm-none-eabi/9.3.1/thumb/v7e-m+fp/hard\libgcc.a(_aeabi_ldivmod.o) (__udivmoddi4)
d:/programs/stm32cubeide/stm32cubeide_1.7.0/stm32cubeide/plugins/com.st.stm32cube.ide.mcu.externaltools.gnu-tools-for-stm32.9-2020-q2-update.win32_2.0.0.202105311346/tools/bin/../lib/gcc/arm-none-eabi/9.3.1/thumb/v7e-m+fp/hard\libgcc.a(_dvmd_tls.o)
                              d:/programs/stm32cubeide/stm32cubeide_1.7.0/stm32cubeide/plugins/com.st.stm32cube.ide.mcu.externaltools.gnu-tools-for-stm32.9-2020-q2-update.win32_2.0.0.202105311346/tools/bin/../lib/gcc/arm-none-eabi/9.3.1/thumb/v7e-m+fp/hard\libgcc.a(_aeabi_ldivmod.o) (__aeabi_ldiv0)

Allocating common symbols
Common symbol       size              file

hi2c1               0x4c              ./Core/Src/main.o
uwTick              0x4               ./Drivers/STM32F7xx_HAL_Driver/Src/stm32f7xx_hal.o
pFlash              0x1c              ./Drivers/STM32F7xx_HAL_Driver/Src/stm32f7xx_hal_flash.o
[...]
Memory Configuration

Name             Origin             Length             Attributes
RAM              0x0000000020000000 0x0000000000050000 xrw
FLASH            0x0000000008000000 0x0000000000100000 xr
*default*        0x0000000000000000 0xffffffffffffffff

Linker script and memory map

LOAD d:/programs/stm32cubeide/stm32cubeide_1.7.0/stm32cubeide/plugins/com.st.stm32cube.ide.mcu.externaltools.gnu-tools-for-stm32.9-2020-q2-update.win32_2.0.0.202105311346/tools/bin/../lib/gcc/arm-none-eabi/9.3.1/thumb/v7e-m+fp/hard/crti.o
LOAD d:/programs/stm32cubeide/stm32cubeide_1.7.0/stm32cubeide/plugins/com.st.stm32cube.ide.mcu.externaltools.gnu-tools-for-stm32.9-2020-q2-update.win32_2.0.0.202105311346/tools/bin/../lib/gcc/arm-none-eabi/9.3.1/thumb/v7e-m+fp/hard/crtbegin.o
LOAD d:/programs/stm32cubeide/stm32cubeide_1.7.0/stm32cubeide/plugins/com.st.stm32cube.ide.mcu.externaltools.gnu-tools-for-stm32.9-2020-q2-update.win32_2.0.0.202105311346/tools/bin/../lib/gcc/arm-none-eabi/9.3.1/../../../../arm-none-eabi/lib/thumb/v7e-m+fp/hard/crt0.o
LOAD ./Core/Src/hts221.o
LOAD ./Core/Src/hts221_reg.o
LOAD ./Core/Src/lib_hts221.o
LOAD ./Core/Src/lib_serial.o
LOAD ./Core/Src/main.o
LOAD ./Core/Src/stm32f7xx_hal_msp.o
LOAD ./Core/Src/stm32f7xx_it.o
LOAD ./Core/Src/syscalls.o
LOAD ./Core/Src/sysmem.o
LOAD ./Core/Src/system_stm32f7xx.o
LOAD ./Core/Startup/startup_stm32f746nghx.o
LOAD ./Drivers/STM32F7xx_HAL_Driver/Src/stm32f7xx_hal.o
LOAD ./Drivers/STM32F7xx_HAL_Driver/Src/stm32f7xx_hal_cortex.o
LOAD ./Drivers/STM32F7xx_HAL_Driver/Src/stm32f7xx_hal_dma.o
LOAD ./Drivers/STM32F7xx_HAL_Driver/Src/stm32f7xx_hal_dma_ex.o
LOAD ./Drivers/STM32F7xx_HAL_Driver/Src/stm32f7xx_hal_exti.o
LOAD ./Drivers/STM32F7xx_HAL_Driver/Src/stm32f7xx_hal_flash.o
LOAD ./Drivers/STM32F7xx_HAL_Driver/Src/stm32f7xx_hal_flash_ex.o
LOAD ./Drivers/STM32F7xx_HAL_Driver/Src/stm32f7xx_hal_gpio.o
LOAD ./Drivers/STM32F7xx_HAL_Driver/Src/stm32f7xx_hal_i2c.o
LOAD ./Drivers/STM32F7xx_HAL_Driver/Src/stm32f7xx_hal_i2c_ex.o
LOAD ./Drivers/STM32F7xx_HAL_Driver/Src/stm32f7xx_hal_pwr.o
LOAD ./Drivers/STM32F7xx_HAL_Driver/Src/stm32f7xx_hal_pwr_ex.o
LOAD ./Drivers/STM32F7xx_HAL_Driver/Src/stm32f7xx_hal_rcc.o
LOAD ./Drivers/STM32F7xx_HAL_Driver/Src/stm32f7xx_hal_rcc_ex.o
LOAD ./Drivers/STM32F7xx_HAL_Driver/Src/stm32f7xx_hal_tim.o
LOAD ./Drivers/STM32F7xx_HAL_Driver/Src/stm32f7xx_hal_tim_ex.o
LOAD ./Drivers/STM32F7xx_HAL_Driver/Src/stm32f7xx_hal_uart.o
LOAD ./Drivers/STM32F7xx_HAL_Driver/Src/stm32f7xx_hal_uart_ex.o
START GROUP
LOAD d:/programs/stm32cubeide/stm32cubeide_1.7.0/stm32cubeide/plugins/com.st.stm32cube.ide.mcu.externaltools.gnu-tools-for-stm32.9-2020-q2-update.win32_2.0.0.202105311346/tools/bin/../lib/gcc/arm-none-eabi/9.3.1/../../../../arm-none-eabi/lib/thumb/v7e-m+fp/hard\libc_nano.a
LOAD d:/programs/stm32cubeide/stm32cubeide_1.7.0/stm32cubeide/plugins/com.st.stm32cube.ide.mcu.externaltools.gnu-tools-for-stm32.9-2020-q2-update.win32_2.0.0.202105311346/tools/bin/../lib/gcc/arm-none-eabi/9.3.1/../../../../arm-none-eabi/lib/thumb/v7e-m+fp/hard\libm.a
END GROUP
START GROUP
LOAD d:/programs/stm32cubeide/stm32cubeide_1.7.0/stm32cubeide/plugins/com.st.stm32cube.ide.mcu.externaltools.gnu-tools-for-stm32.9-2020-q2-update.win32_2.0.0.202105311346/tools/bin/../lib/gcc/arm-none-eabi/9.3.1/thumb/v7e-m+fp/hard\libgcc.a
LOAD d:/programs/stm32cubeide/stm32cubeide_1.7.0/stm32cubeide/plugins/com.st.stm32cube.ide.mcu.externaltools.gnu-tools-for-stm32.9-2020-q2-update.win32_2.0.0.202105311346/tools/bin/../lib/gcc/arm-none-eabi/9.3.1/../../../../arm-none-eabi/lib/thumb/v7e-m+fp/hard\libc_nano.a
END GROUP
START GROUP
LOAD d:/programs/stm32cubeide/stm32cubeide_1.7.0/stm32cubeide/plugins/com.st.stm32cube.ide.mcu.externaltools.gnu-tools-for-stm32.9-2020-q2-update.win32_2.0.0.202105311346/tools/bin/../lib/gcc/arm-none-eabi/9.3.1/thumb/v7e-m+fp/hard\libgcc.a
LOAD d:/programs/stm32cubeide/stm32cubeide_1.7.0/stm32cubeide/plugins/com.st.stm32cube.ide.mcu.externaltools.gnu-tools-for-stm32.9-2020-q2-update.win32_2.0.0.202105311346/tools/bin/../lib/gcc/arm-none-eabi/9.3.1/../../../../arm-none-eabi/lib/thumb/v7e-m+fp/hard\libc_nano.a
LOAD d:/programs/stm32cubeide/stm32cubeide_1.7.0/stm32cubeide/plugins/com.st.stm32cube.ide.mcu.externaltools.gnu-tools-for-stm32.9-2020-q2-update.win32_2.0.0.202105311346/tools/bin/../lib/gcc/arm-none-eabi/9.3.1/../../../../arm-none-eabi/lib/thumb/v7e-m+fp/hard\libnosys.a
END GROUP
START GROUP
LOAD d:/programs/stm32cubeide/stm32cubeide_1.7.0/stm32cubeide/plugins/com.st.stm32cube.ide.mcu.externaltools.gnu-tools-for-stm32.9-2020-q2-update.win32_2.0.0.202105311346/tools/bin/../lib/gcc/arm-none-eabi/9.3.1/thumb/v7e-m+fp/hard\libgcc.a
LOAD d:/programs/stm32cubeide/stm32cubeide_1.7.0/stm32cubeide/plugins/com.st.stm32cube.ide.mcu.externaltools.gnu-tools-for-stm32.9-2020-q2-update.win32_2.0.0.202105311346/tools/bin/../lib/gcc/arm-none-eabi/9.3.1/../../../../arm-none-eabi/lib/thumb/v7e-m+fp/hard\libc_nano.a
LOAD d:/programs/stm32cubeide/stm32cubeide_1.7.0/stm32cubeide/plugins/com.st.stm32cube.ide.mcu.externaltools.gnu-tools-for-stm32.9-2020-q2-update.win32_2.0.0.202105311346/tools/bin/../lib/gcc/arm-none-eabi/9.3.1/../../../../arm-none-eabi/lib/thumb/v7e-m+fp/hard\libnosys.a
END GROUP
LOAD d:/programs/stm32cubeide/stm32cubeide_1.7.0/stm32cubeide/plugins/com.st.stm32cube.ide.mcu.externaltools.gnu-tools-for-stm32.9-2020-q2-update.win32_2.0.0.202105311346/tools/bin/../lib/gcc/arm-none-eabi/9.3.1/thumb/v7e-m+fp/hard/crtend.o
LOAD d:/programs/stm32cubeide/stm32cubeide_1.7.0/stm32cubeide/plugins/com.st.stm32cube.ide.mcu.externaltools.gnu-tools-for-stm32.9-2020-q2-update.win32_2.0.0.202105311346/tools/bin/../lib/gcc/arm-none-eabi/9.3.1/thumb/v7e-m+fp/hard/crtn.o
                0x0000000020050000                _estack = (ORIGIN (RAM) + LENGTH (RAM))
                0x0000000000000200                _Min_Heap_Size = 0x200
                0x0000000000000400                _Min_Stack_Size = 0x400

.isr_vector     0x0000000008000000      0x1c8
                0x0000000008000000                . = ALIGN (0x4)
 *(.isr_vector)
 .isr_vector    0x0000000008000000      0x1c8 ./Core/Startup/startup_stm32f746nghx.o
                0x0000000008000000                g_pfnVectors
                0x00000000080001c8                . = ALIGN (0x4)

.text           0x00000000080001c8     0x2f00
                0x00000000080001c8                . = ALIGN (0x4)
 *(.text)
 .text          0x00000000080001c8       0x40 d:/programs/stm32cubeide/stm32cubeide_1.7.0/stm32cubeide/plugins/com.st.stm32cube.ide.mcu.externaltools.gnu-tools-for-stm32.9-2020-q2-update.win32_2.0.0.202105311346/tools/bin/../lib/gcc/arm-none-eabi/9.3.1/thumb/v7e-m+fp/hard/crtbegin.o
 .text          0x0000000008000208       0x30 d:/programs/stm32cubeide/stm32cubeide_1.7.0/stm32cubeide/plugins/com.st.stm32cube.ide.mcu.externaltools.gnu-tools-for-stm32.9-2020-q2-update.win32_2.0.0.202105311346/tools/bin/../lib/gcc/arm-none-eabi/9.3.1/thumb/v7e-m+fp/hard\libgcc.a(_aeabi_uldivmod.o)
                0x0000000008000208                __aeabi_uldivmod
 .text          0x0000000008000238      0x2c4 d:/programs/stm32cubeide/stm32cubeide_1.7.0/stm32cubeide/plugins/com.st.stm32cube.ide.mcu.externaltools.gnu-tools-for-stm32.9-2020-q2-update.win32_2.0.0.202105311346/tools/bin/../lib/gcc/arm-none-eabi/9.3.1/thumb/v7e-m+fp/hard\libgcc.a(_udivmoddi4.o)
                0x0000000008000238                __udivmoddi4
 .text          0x00000000080004fc        0x4 d:/programs/stm32cubeide/stm32cubeide_1.7.0/stm32cubeide/plugins/com.st.stm32cube.ide.mcu.externaltools.gnu-tools-for-stm32.9-2020-q2-update.win32_2.0.0.202105311346/tools/bin/../lib/gcc/arm-none-eabi/9.3.1/thumb/v7e-m+fp/hard\libgcc.a(_dvmd_tls.o)
                0x00000000080004fc                __aeabi_idiv0
                0x00000000080004fc                __aeabi_ldiv0
 *(.text*)
 .text.HTS221_HUM_Enable
                0x0000000008000500       0x2e ./Core/Src/hts221.o
                0x0000000008000500                HTS221_HUM_Enable
 .text.HTS221_TEMP_Enable
                0x000000000800052e       0x2e ./Core/Src/hts221.o
                0x000000000800052e                HTS221_TEMP_Enable
 .text.HTS221_SetOutputDataRate
                0x000000000800055c       0x36 ./Core/Src/hts221.o
 .text.HTS221_Init
                0x0000000008000592       0x42 ./Core/Src/hts221.o
                0x0000000008000592                HTS221_Init
 .text.HTS221_HUM_GetHumidity
                0x00000000080005d4       0xb8 ./Core/Src/hts221.o
                0x00000000080005d4                HTS221_HUM_GetHumidity
 .text.ReadRegWrap
                0x000000000800068c       0x1c ./Core/Src/hts221.o
 .text.WriteRegWrap
                0x00000000080006a8       0x1c ./Core/Src/hts221.o
 .text.HTS221_TEMP_GetTemperature
                0x00000000080006c4       0x8a ./Core/Src/hts221.o
                0x00000000080006c4                HTS221_TEMP_GetTemperature
 *fill*         0x000000000800074e        0x2 
 .text.HTS221_RegisterBusIO
                0x0000000008000750       0x3c ./Core/Src/hts221.o
                0x0000000008000750                HTS221_RegisterBusIO
 .text.HTS221_HUM_Get_DRDY_Status
                0x000000000800078c       0x12 ./Core/Src/hts221.o
                0x000000000800078c                HTS221_HUM_Get_DRDY_Status
 .text.HTS221_TEMP_Get_DRDY_Status
                0x000000000800079e       0x12 ./Core/Src/hts221.o
                0x000000000800079e                HTS221_TEMP_Get_DRDY_Status
 .text.hts221_read_reg
                0x00000000080007b0        0xe ./Core/Src/hts221_reg.o
                0x00000000080007b0                hts221_read_reg
 .text.hts221_write_reg
                0x00000000080007be        0xe ./Core/Src/hts221_reg.o
                0x00000000080007be                hts221_write_reg
 .text.hts221_data_rate_set
                0x00000000080007cc       0x2e ./Core/Src/hts221_reg.o
                0x00000000080007cc                hts221_data_rate_set
 .text.hts221_block_data_update_set
                0x00000000080007fa       0x2e ./Core/Src/hts221_reg.o
                0x00000000080007fa                hts221_block_data_update_set
 .text.hts221_temp_data_ready_get
                0x0000000008000828       0x1c ./Core/Src/hts221_reg.o
                0x0000000008000828                hts221_temp_data_ready_get
 .text.hts221_hum_data_ready_get
                0x0000000008000844       0x1c ./Core/Src/hts221_reg.o
                0x0000000008000844                hts221_hum_data_ready_get
 .text.hts221_humidity_raw_get
                0x0000000008000860       0x20 ./Core/Src/hts221_reg.o
                0x0000000008000860                hts221_humidity_raw_get
 .text.hts221_temperature_raw_get
                0x0000000008000880       0x20 ./Core/Src/hts221_reg.o
                0x0000000008000880                hts221_temperature_raw_get
 .text.hts221_power_on_set
                0x00000000080008a0       0x2e ./Core/Src/hts221_reg.o
                0x00000000080008a0                hts221_power_on_set
 .text.hts221_hum_rh_point_0_get
                0x00000000080008ce       0x24 ./Core/Src/hts221_reg.o
                0x00000000080008ce                hts221_hum_rh_point_0_get
 .text.hts221_hum_rh_point_1_get
                0x00000000080008f2       0x24 ./Core/Src/hts221_reg.o
                0x00000000080008f2                hts221_hum_rh_point_1_get
 .text.hts221_temp_deg_point_0_get
                0x0000000008000916       0x40 ./Core/Src/hts221_reg.o
                0x0000000008000916                hts221_temp_deg_point_0_get
 .text.hts221_temp_deg_point_1_get
                0x0000000008000956       0x40 ./Core/Src/hts221_reg.o
                0x0000000008000956                hts221_temp_deg_point_1_get
 .text.hts221_hum_adc_point_0_get
                0x0000000008000996       0x2c ./Core/Src/hts221_reg.o
                0x0000000008000996                hts221_hum_adc_point_0_get
 .text.hts221_hum_adc_point_1_get
                0x00000000080009c2       0x2c ./Core/Src/hts221_reg.o
                0x00000000080009c2                hts221_hum_adc_point_1_get
 .text.hts221_temp_adc_point_0_get
                0x00000000080009ee       0x2c ./Core/Src/hts221_reg.o
                0x00000000080009ee                hts221_temp_adc_point_0_get
 .text.hts221_temp_adc_point_1_get
                0x0000000008000a1a       0x2c ./Core/Src/hts221_reg.o
                0x0000000008000a1a                hts221_temp_adc_point_1_get
 *fill*         0x0000000008000a46        0x2 
 .text.__HTS221_WriteReg
                0x0000000008000a48       0x20 ./Core/Src/lib_hts221.o
 .text.__HTS221_ReadReg
                0x0000000008000a68       0x24 ./Core/Src/lib_hts221.o
 .text.__HTS221_Init
                0x0000000008000a8c        0xc ./Core/Src/lib_hts221.o
 .text.__HTS221_GetTick
                0x0000000008000a98        0x4 ./Core/Src/lib_hts221.o
 .text.LIB_HTS221_Init
                0x0000000008000a9c       0x58 ./Core/Src/lib_hts221.o
                0x0000000008000a9c                LIB_HTS221_Init
 .text.LIB_HTS221_GetTemperature
                0x0000000008000af4       0x2c ./Core/Src/lib_hts221.o
                0x0000000008000af4                LIB_HTS221_GetTemperature
 .text.LIB_HTS221_GetHumidity
                0x0000000008000b20       0x2c ./Core/Src/lib_hts221.o
                0x0000000008000b20                LIB_HTS221_GetHumidity
 .text.LIB_SERIAL_Init
                0x0000000008000b4c       0x34 ./Core/Src/lib_serial.o
                0x0000000008000b4c                LIB_SERIAL_Init
 .text.LIB_SERIAL_Transmit
                0x0000000008000b80       0xc4 ./Core/Src/lib_serial.o
                0x0000000008000b80                LIB_SERIAL_Transmit
 .text.SystemClock_Config
                0x0000000008000c44       0x9c ./Core/Src/main.o
                0x0000000008000c44                SystemClock_Config
 .text.startup.main
                0x0000000008000ce0      0x764 ./Core/Src/main.o
                0x0000000008000ce0                main
 .text.Error_Handler
                0x0000000008001444        0x4 ./Core/Src/main.o
                0x0000000008001444                Error_Handler
 .text.HAL_MspInit
                0x0000000008001448       0x30 ./Core/Src/stm32f7xx_hal_msp.o
                0x0000000008001448                HAL_MspInit
 .text.HAL_I2C_MspInit
                0x0000000008001478       0x8c ./Core/Src/stm32f7xx_hal_msp.o
                0x0000000008001478                HAL_I2C_MspInit
 .text.HAL_UART_MspInit
                0x0000000008001504       0xb4 ./Core/Src/stm32f7xx_hal_msp.o
                0x0000000008001504                HAL_UART_MspInit
 .text.NMI_Handler
                0x00000000080015b8        0x2 ./Core/Src/stm32f7xx_it.o
                0x00000000080015b8                NMI_Handler
 .text.HardFault_Handler
                0x00000000080015ba        0x2 ./Core/Src/stm32f7xx_it.o
                0x00000000080015ba                HardFault_Handler
 .text.MemManage_Handler
                0x00000000080015bc        0x2 ./Core/Src/stm32f7xx_it.o
                0x00000000080015bc                MemManage_Handler
 .text.BusFault_Handler
                0x00000000080015be        0x2 ./Core/Src/stm32f7xx_it.o
                0x00000000080015be                BusFault_Handler
 .text.UsageFault_Handler
                0x00000000080015c0        0x2 ./Core/Src/stm32f7xx_it.o
                0x00000000080015c0                UsageFault_Handler
 .text.SVC_Handler
                0x00000000080015c2        0x2 ./Core/Src/stm32f7xx_it.o
                0x00000000080015c2                SVC_Handler
 .text.DebugMon_Handler
                0x00000000080015c4        0x2 ./Core/Src/stm32f7xx_it.o
                0x00000000080015c4                DebugMon_Handler
 .text.PendSV_Handler
                0x00000000080015c6        0x2 ./Core/Src/stm32f7xx_it.o
                0x00000000080015c6                PendSV_Handler
 .text.SysTick_Handler
                0x00000000080015c8        0x4 ./Core/Src/stm32f7xx_it.o
                0x00000000080015c8                SysTick_Handler
 .text.SystemInit
                0x00000000080015cc       0x14 ./Core/Src/system_stm32f7xx.o
                0x00000000080015cc                SystemInit
 .text.Reset_Handler
                0x00000000080015e0       0x50 ./Core/Startup/startup_stm32f746nghx.o
                0x00000000080015e0                Reset_Handler
 .text.Default_Handler
                0x0000000008001630        0x2 ./Core/Startup/startup_stm32f746nghx.o
                0x0000000008001630                RTC_Alarm_IRQHandler
                0x0000000008001630                EXTI2_IRQHandler
                0x0000000008001630                TIM8_CC_IRQHandler
                0x0000000008001630                UART8_IRQHandler
                0x0000000008001630                SPI4_IRQHandler
                0x0000000008001630                TIM1_CC_IRQHandler
                0x0000000008001630                DMA2_Stream5_IRQHandler
                0x0000000008001630                DMA1_Stream5_IRQHandler
                0x0000000008001630                PVD_IRQHandler
                0x0000000008001630                TAMP_STAMP_IRQHandler
                0x0000000008001630                CAN2_RX1_IRQHandler
                0x0000000008001630                EXTI3_IRQHandler
                0x0000000008001630                TIM8_TRG_COM_TIM14_IRQHandler
                0x0000000008001630                TIM1_UP_TIM10_IRQHandler
                0x0000000008001630                TIM8_UP_TIM13_IRQHandler
                0x0000000008001630                I2C3_ER_IRQHandler
                0x0000000008001630                EXTI0_IRQHandler
                0x0000000008001630                I2C2_EV_IRQHandler
                0x0000000008001630                DMA1_Stream2_IRQHandler
                0x0000000008001630                CAN1_RX0_IRQHandler
                0x0000000008001630                FPU_IRQHandler
                0x0000000008001630                OTG_HS_WKUP_IRQHandler
                0x0000000008001630                LTDC_ER_IRQHandler
                0x0000000008001630                CAN2_SCE_IRQHandler
                0x0000000008001630                DMA2_Stream2_IRQHandler
                0x0000000008001630                SPI1_IRQHandler
                0x0000000008001630                TIM6_DAC_IRQHandler
                0x0000000008001630                TIM1_BRK_TIM9_IRQHandler
                0x0000000008001630                DCMI_IRQHandler
                0x0000000008001630                CAN2_RX0_IRQHandler
                0x0000000008001630                DMA2_Stream3_IRQHandler
                0x0000000008001630                SAI2_IRQHandler
                0x0000000008001630                USART6_IRQHandler
                0x0000000008001630                USART3_IRQHandler
                0x0000000008001630                CAN1_RX1_IRQHandler
                0x0000000008001630                UART5_IRQHandler
                0x0000000008001630                DMA2_Stream0_IRQHandler
                0x0000000008001630                TIM4_IRQHandler
                0x0000000008001630                QUADSPI_IRQHandler
                0x0000000008001630                I2C1_EV_IRQHandler
                0x0000000008001630                DMA1_Stream6_IRQHandler
                0x0000000008001630                DMA1_Stream1_IRQHandler
                0x0000000008001630                UART4_IRQHandler
                0x0000000008001630                TIM3_IRQHandler
                0x0000000008001630                RCC_IRQHandler
                0x0000000008001630                TIM8_BRK_TIM12_IRQHandler
                0x0000000008001630                Default_Handler
                0x0000000008001630                CEC_IRQHandler
                0x0000000008001630                EXTI15_10_IRQHandler
                0x0000000008001630                ADC_IRQHandler
                0x0000000008001630                DMA1_Stream7_IRQHandler
                0x0000000008001630                SPI5_IRQHandler
                0x0000000008001630                TIM7_IRQHandler
                0x0000000008001630                SDMMC1_IRQHandler
                0x0000000008001630                CAN2_TX_IRQHandler
                0x0000000008001630                TIM5_IRQHandler
                0x0000000008001630                DMA2_Stream7_IRQHandler
                0x0000000008001630                I2C3_EV_IRQHandler
                0x0000000008001630                EXTI9_5_IRQHandler
                0x0000000008001630                RTC_WKUP_IRQHandler
                0x0000000008001630                LTDC_IRQHandler
                0x0000000008001630                ETH_WKUP_IRQHandler
                0x0000000008001630                SPDIF_RX_IRQHandler
                0x0000000008001630                SPI2_IRQHandler
                0x0000000008001630                OTG_HS_EP1_IN_IRQHandler
                0x0000000008001630                DMA1_Stream0_IRQHandler
                0x0000000008001630                CAN1_TX_IRQHandler
                0x0000000008001630                EXTI4_IRQHandler
                0x0000000008001630                RNG_IRQHandler
                0x0000000008001630                ETH_IRQHandler
                0x0000000008001630                OTG_HS_EP1_OUT_IRQHandler
                0x0000000008001630                WWDG_IRQHandler
                0x0000000008001630                SPI6_IRQHandler
                0x0000000008001630                I2C4_EV_IRQHandler
                0x0000000008001630                TIM2_IRQHandler
                0x0000000008001630                OTG_FS_WKUP_IRQHandler
                0x0000000008001630                TIM1_TRG_COM_TIM11_IRQHandler
                0x0000000008001630                OTG_HS_IRQHandler
                0x0000000008001630                DMA2D_IRQHandler
                0x0000000008001630                EXTI1_IRQHandler
                0x0000000008001630                UART7_IRQHandler
                0x0000000008001630                USART2_IRQHandler
                0x0000000008001630                I2C2_ER_IRQHandler
                0x0000000008001630                DMA2_Stream1_IRQHandler
                0x0000000008001630                CAN1_SCE_IRQHandler
                0x0000000008001630                FLASH_IRQHandler
                0x0000000008001630                DMA2_Stream4_IRQHandler
                0x0000000008001630                USART1_IRQHandler
                0x0000000008001630                OTG_FS_IRQHandler
                0x0000000008001630                SPI3_IRQHandler
                0x0000000008001630                DMA1_Stream4_IRQHandler
                0x0000000008001630                I2C1_ER_IRQHandler
                0x0000000008001630                FMC_IRQHandler
                0x0000000008001630                LPTIM1_IRQHandler
                0x0000000008001630                I2C4_ER_IRQHandler
                0x0000000008001630                DMA2_Stream6_IRQHandler
                0x0000000008001630                SAI1_IRQHandler
                0x0000000008001630                DMA1_Stream3_IRQHandler
 *fill*         0x0000000008001632        0x2 
 .text.HAL_InitTick
                0x0000000008001634       0x48 ./Drivers/STM32F7xx_HAL_Driver/Src/stm32f7xx_hal.o
                0x0000000008001634                HAL_InitTick
 .text.HAL_Init
                0x000000000800167c       0x16 ./Drivers/STM32F7xx_HAL_Driver/Src/stm32f7xx_hal.o
                0x000000000800167c                HAL_Init
 *fill*         0x0000000008001692        0x2 
 .text.HAL_IncTick
                0x0000000008001694       0x18 ./Drivers/STM32F7xx_HAL_Driver/Src/stm32f7xx_hal.o
                0x0000000008001694                HAL_IncTick
 .text.HAL_GetTick
                0x00000000080016ac        0xc ./Drivers/STM32F7xx_HAL_Driver/Src/stm32f7xx_hal.o
                0x00000000080016ac                HAL_GetTick
 .text.HAL_Delay
                0x00000000080016b8       0x24 ./Drivers/STM32F7xx_HAL_Driver/Src/stm32f7xx_hal.o
                0x00000000080016b8                HAL_Delay
 .text.HAL_NVIC_SetPriorityGrouping
                0x00000000080016dc       0x24 ./Drivers/STM32F7xx_HAL_Driver/Src/stm32f7xx_hal_cortex.o
                0x00000000080016dc                HAL_NVIC_SetPriorityGrouping
 .text.HAL_NVIC_SetPriority
                0x0000000008001700       0x64 ./Drivers/STM32F7xx_HAL_Driver/Src/stm32f7xx_hal_cortex.o
                0x0000000008001700                HAL_NVIC_SetPriority
 .text.HAL_SYSTICK_Config
                0x0000000008001764       0x2c ./Drivers/STM32F7xx_HAL_Driver/Src/stm32f7xx_hal_cortex.o
                0x0000000008001764                HAL_SYSTICK_Config
 .text.HAL_GPIO_Init
                0x0000000008001790      0x1c8 ./Drivers/STM32F7xx_HAL_Driver/Src/stm32f7xx_hal_gpio.o
                0x0000000008001790                HAL_GPIO_Init
 .text.HAL_GPIO_WritePin
                0x0000000008001958        0xa ./Drivers/STM32F7xx_HAL_Driver/Src/stm32f7xx_hal_gpio.o
                0x0000000008001958                HAL_GPIO_WritePin
 .text.I2C_Flush_TXDR
                0x0000000008001962       0x1c ./Drivers/STM32F7xx_HAL_Driver/Src/stm32f7xx_hal_i2c.o
 *fill*         0x000000000800197e        0x2 
 .text.I2C_TransferConfig
                0x0000000008001980       0x2c ./Drivers/STM32F7xx_HAL_Driver/Src/stm32f7xx_hal_i2c.o
 .text.I2C_IsErrorOccurred
                0x00000000080019ac      0x116 ./Drivers/STM32F7xx_HAL_Driver/Src/stm32f7xx_hal_i2c.o
 .text.I2C_WaitOnTXISFlagUntilTimeout
                0x0000000008001ac2       0x4e ./Drivers/STM32F7xx_HAL_Driver/Src/stm32f7xx_hal_i2c.o
 .text.I2C_WaitOnSTOPFlagUntilTimeout
                0x0000000008001b10       0x4a ./Drivers/STM32F7xx_HAL_Driver/Src/stm32f7xx_hal_i2c.o
 .text.I2C_WaitOnFlagUntilTimeout
                0x0000000008001b5a       0x54 ./Drivers/STM32F7xx_HAL_Driver/Src/stm32f7xx_hal_i2c.o
 *fill*         0x0000000008001bae        0x2 
 .text.I2C_RequestMemoryWrite
                0x0000000008001bb0       0x6c ./Drivers/STM32F7xx_HAL_Driver/Src/stm32f7xx_hal_i2c.o
 .text.I2C_RequestMemoryRead
                0x0000000008001c1c       0x6c ./Drivers/STM32F7xx_HAL_Driver/Src/stm32f7xx_hal_i2c.o
 .text.HAL_I2C_Init
                0x0000000008001c88       0xa2 ./Drivers/STM32F7xx_HAL_Driver/Src/stm32f7xx_hal_i2c.o
                0x0000000008001c88                HAL_I2C_Init
 .text.HAL_I2C_Mem_Write
                0x0000000008001d2a      0x16c ./Drivers/STM32F7xx_HAL_Driver/Src/stm32f7xx_hal_i2c.o
                0x0000000008001d2a                HAL_I2C_Mem_Write
 *fill*         0x0000000008001e96        0x2 
 .text.HAL_I2C_Mem_Read
                0x0000000008001e98      0x178 ./Drivers/STM32F7xx_HAL_Driver/Src/stm32f7xx_hal_i2c.o
                0x0000000008001e98                HAL_I2C_Mem_Read
 .text.HAL_I2CEx_ConfigAnalogFilter
                0x0000000008002010       0x4c ./Drivers/STM32F7xx_HAL_Driver/Src/stm32f7xx_hal_i2c_ex.o
                0x0000000008002010                HAL_I2CEx_ConfigAnalogFilter
 .text.HAL_I2CEx_ConfigDigitalFilter
                0x000000000800205c       0x4a ./Drivers/STM32F7xx_HAL_Driver/Src/stm32f7xx_hal_i2c_ex.o
                0x000000000800205c                HAL_I2CEx_ConfigDigitalFilter
 *fill*         0x00000000080020a6        0x2 
 .text.HAL_RCC_OscConfig
                0x00000000080020a8      0x37c ./Drivers/STM32F7xx_HAL_Driver/Src/stm32f7xx_hal_rcc.o
                0x00000000080020a8                HAL_RCC_OscConfig
 .text.HAL_RCC_GetSysClockFreq
                0x0000000008002424       0x5c ./Drivers/STM32F7xx_HAL_Driver/Src/stm32f7xx_hal_rcc.o
                0x0000000008002424                HAL_RCC_GetSysClockFreq
 .text.HAL_RCC_ClockConfig
                0x0000000008002480      0x140 ./Drivers/STM32F7xx_HAL_Driver/Src/stm32f7xx_hal_rcc.o
                0x0000000008002480                HAL_RCC_ClockConfig
 .text.HAL_RCC_GetPCLK1Freq
                0x00000000080025c0       0x20 ./Drivers/STM32F7xx_HAL_Driver/Src/stm32f7xx_hal_rcc.o
                0x00000000080025c0                HAL_RCC_GetPCLK1Freq
 .text.HAL_RCC_GetPCLK2Freq
                0x00000000080025e0       0x20 ./Drivers/STM32F7xx_HAL_Driver/Src/stm32f7xx_hal_rcc.o
                0x00000000080025e0                HAL_RCC_GetPCLK2Freq
 .text.HAL_RCCEx_PeriphCLKConfig
                0x0000000008002600      0x510 ./Drivers/STM32F7xx_HAL_Driver/Src/stm32f7xx_hal_rcc_ex.o
                0x0000000008002600                HAL_RCCEx_PeriphCLKConfig
 .text.UART_SetConfig
                0x0000000008002b10      0x28c ./Drivers/STM32F7xx_HAL_Driver/Src/stm32f7xx_hal_uart.o
                0x0000000008002b10                UART_SetConfig
 .text.UART_AdvFeatureConfig
                0x0000000008002d9c       0xaa ./Drivers/STM32F7xx_HAL_Driver/Src/stm32f7xx_hal_uart.o
                0x0000000008002d9c                UART_AdvFeatureConfig
 .text.UART_WaitOnFlagUntilTimeout
                0x0000000008002e46       0xbc ./Drivers/STM32F7xx_HAL_Driver/Src/stm32f7xx_hal_uart.o
                0x0000000008002e46                UART_WaitOnFlagUntilTimeout
 .text.HAL_UART_Transmit
                0x0000000008002f02       0xb4 ./Drivers/STM32F7xx_HAL_Driver/Src/stm32f7xx_hal_uart.o
                0x0000000008002f02                HAL_UART_Transmit
 .text.UART_CheckIdleState
                0x0000000008002fb6       0x44 ./Drivers/STM32F7xx_HAL_Driver/Src/stm32f7xx_hal_uart.o
                0x0000000008002fb6                UART_CheckIdleState
 .text.HAL_UART_Init
                0x0000000008002ffa       0x5c ./Drivers/STM32F7xx_HAL_Driver/Src/stm32f7xx_hal_uart.o
                0x0000000008002ffa                HAL_UART_Init
 *fill*         0x0000000008003056        0x2 
 .text.__libc_init_array
                0x0000000008003058       0x48 d:/programs/stm32cubeide/stm32cubeide_1.7.0/stm32cubeide/plugins/com.st.stm32cube.ide.mcu.externaltools.gnu-tools-for-stm32.9-2020-q2-update.win32_2.0.0.202105311346/tools/bin/../lib/gcc/arm-none-eabi/9.3.1/../../../../arm-none-eabi/lib/thumb/v7e-m+fp/hard\libc_nano.a(lib_a-init.o)
                0x0000000008003058                __libc_init_array
 .text.memset   0x00000000080030a0       0x10 d:/programs/stm32cubeide/stm32cubeide_1.7.0/stm32cubeide/plugins/com.st.stm32cube.ide.mcu.externaltools.gnu-tools-for-stm32.9-2020-q2-update.win32_2.0.0.202105311346/tools/bin/../lib/gcc/arm-none-eabi/9.3.1/../../../../arm-none-eabi/lib/thumb/v7e-m+fp/hard\libc_nano.a(lib_a-memset.o)
                0x00000000080030a0                memset
 *(.glue_7)
 .glue_7        0x00000000080030b0        0x0 linker stubs
 *(.glue_7t)
 .glue_7t       0x00000000080030b0        0x0 linker stubs
 *(.eh_frame)
 .eh_frame      0x00000000080030b0        0x0 d:/programs/stm32cubeide/stm32cubeide_1.7.0/stm32cubeide/plugins/com.st.stm32cube.ide.mcu.externaltools.gnu-tools-for-stm32.9-2020-q2-update.win32_2.0.0.202105311346/tools/bin/../lib/gcc/arm-none-eabi/9.3.1/thumb/v7e-m+fp/hard/crtbegin.o
 *(.init)
 .init          0x00000000080030b0        0x4 d:/programs/stm32cubeide/stm32cubeide_1.7.0/stm32cubeide/plugins/com.st.stm32cube.ide.mcu.externaltools.gnu-tools-for-stm32.9-2020-q2-update.win32_2.0.0.202105311346/tools/bin/../lib/gcc/arm-none-eabi/9.3.1/thumb/v7e-m+fp/hard/crti.o
                0x00000000080030b0                _init
 .init          0x00000000080030b4        0x8 d:/programs/stm32cubeide/stm32cubeide_1.7.0/stm32cubeide/plugins/com.st.stm32cube.ide.mcu.externaltools.gnu-tools-for-stm32.9-2020-q2-update.win32_2.0.0.202105311346/tools/bin/../lib/gcc/arm-none-eabi/9.3.1/thumb/v7e-m+fp/hard/crtn.o
 *(.fini)
 .fini          0x00000000080030bc        0x4 d:/programs/stm32cubeide/stm32cubeide_1.7.0/stm32cubeide/plugins/com.st.stm32cube.ide.mcu.externaltools.gnu-tools-for-stm32.9-2020-q2-update.win32_2.0.0.202105311346/tools/bin/../lib/gcc/arm-none-eabi/9.3.1/thumb/v7e-m+fp/hard/crti.o
                0x00000000080030bc                _fini
 .fini          0x00000000080030c0        0x8 d:/programs/stm32cubeide/stm32cubeide_1.7.0/stm32cubeide/plugins/com.st.stm32cube.ide.mcu.externaltools.gnu-tools-for-stm32.9-2020-q2-update.win32_2.0.0.202105311346/tools/bin/../lib/gcc/arm-none-eabi/9.3.1/thumb/v7e-m+fp/hard/crtn.o
                0x00000000080030c8                . = ALIGN (0x4)
                0x00000000080030c8                _etext = .

.vfp11_veneer   0x00000000080030c8        0x0
 .vfp11_veneer  0x00000000080030c8        0x0 linker stubs

.v4_bx          0x00000000080030c8        0x0
 .v4_bx         0x00000000080030c8        0x0 linker stubs

.iplt           0x00000000080030c8        0x0
 .iplt          0x00000000080030c8        0x0 d:/programs/stm32cubeide/stm32cubeide_1.7.0/stm32cubeide/plugins/com.st.stm32cube.ide.mcu.externaltools.gnu-tools-for-stm32.9-2020-q2-update.win32_2.0.0.202105311346/tools/bin/../lib/gcc/arm-none-eabi/9.3.1/thumb/v7e-m+fp/hard/crtbegin.o

.rodata         0x00000000080030c8       0x2c
                0x00000000080030c8                . = ALIGN (0x4)
 *(.rodata)
 *(.rodata*)
 .rodata.LIB_SERIAL_Transmit.str1.1
                0x00000000080030c8        0x4 ./Core/Src/lib_serial.o
 .rodata.AHBPrescTable
                0x00000000080030cc       0x10 ./Core/Src/system_stm32f7xx.o
                0x00000000080030cc                AHBPrescTable
 .rodata.APBPrescTable
                0x00000000080030dc        0x8 ./Core/Src/system_stm32f7xx.o
                0x00000000080030dc                APBPrescTable
 .rodata.CSWTCH.53
                0x00000000080030e4        0x3 ./Drivers/STM32F7xx_HAL_Driver/Src/stm32f7xx_hal_uart.o
 .rodata.CSWTCH.54
                0x00000000080030e7        0xd ./Drivers/STM32F7xx_HAL_Driver/Src/stm32f7xx_hal_uart.o
                0x00000000080030f4                . = ALIGN (0x4)

.ARM.extab      0x00000000080030f4        0x0
                0x00000000080030f4                . = ALIGN (0x4)
 *(.ARM.extab* .gnu.linkonce.armextab.*)
                0x00000000080030f4                . = ALIGN (0x4)

.ARM            0x00000000080030f4        0x8
                0x00000000080030f4                . = ALIGN (0x4)
                0x00000000080030f4                __exidx_start = .
 *(.ARM.exidx*)
 .ARM.exidx     0x00000000080030f4        0x8 d:/programs/stm32cubeide/stm32cubeide_1.7.0/stm32cubeide/plugins/com.st.stm32cube.ide.mcu.externaltools.gnu-tools-for-stm32.9-2020-q2-update.win32_2.0.0.202105311346/tools/bin/../lib/gcc/arm-none-eabi/9.3.1/thumb/v7e-m+fp/hard\libgcc.a(_udivmoddi4.o)
                0x00000000080030fc                __exidx_end = .
                0x00000000080030fc                . = ALIGN (0x4)

.rel.dyn        0x00000000080030fc        0x0
 .rel.iplt      0x00000000080030fc        0x0 d:/programs/stm32cubeide/stm32cubeide_1.7.0/stm32cubeide/plugins/com.st.stm32cube.ide.mcu.externaltools.gnu-tools-for-stm32.9-2020-q2-update.win32_2.0.0.202105311346/tools/bin/../lib/gcc/arm-none-eabi/9.3.1/thumb/v7e-m+fp/hard/crtbegin.o

.preinit_array  0x00000000080030fc        0x0
                0x00000000080030fc                . = ALIGN (0x4)
                0x00000000080030fc                PROVIDE (__preinit_array_start = .)
 *(.preinit_array*)
                0x00000000080030fc                PROVIDE (__preinit_array_end = .)
                0x00000000080030fc                . = ALIGN (0x4)

.init_array     0x00000000080030fc        0x4
                0x00000000080030fc                . = ALIGN (0x4)
                0x00000000080030fc                PROVIDE (__init_array_start = .)
 *(SORT_BY_NAME(.init_array.*))
 *(.init_array*)
 .init_array    0x00000000080030fc        0x4 d:/programs/stm32cubeide/stm32cubeide_1.7.0/stm32cubeide/plugins/com.st.stm32cube.ide.mcu.externaltools.gnu-tools-for-stm32.9-2020-q2-update.win32_2.0.0.202105311346/tools/bin/../lib/gcc/arm-none-eabi/9.3.1/thumb/v7e-m+fp/hard/crtbegin.o
                0x0000000008003100                PROVIDE (__init_array_end = .)
                0x0000000008003100                . = ALIGN (0x4)

.fini_array     0x0000000008003100        0x4
                0x0000000008003100                . = ALIGN (0x4)
                [!provide]                        PROVIDE (__fini_array_start = .)
 *(SORT_BY_NAME(.fini_array.*))
 *(.fini_array*)
 .fini_array    0x0000000008003100        0x4 d:/programs/stm32cubeide/stm32cubeide_1.7.0/stm32cubeide/plugins/com.st.stm32cube.ide.mcu.externaltools.gnu-tools-for-stm32.9-2020-q2-update.win32_2.0.0.202105311346/tools/bin/../lib/gcc/arm-none-eabi/9.3.1/thumb/v7e-m+fp/hard/crtbegin.o
                [!provide]                        PROVIDE (__fini_array_end = .)
                0x0000000008003104                . = ALIGN (0x4)
                0x0000000008003104                _sidata = LOADADDR (.data)

.data           0x0000000020000000        0xc load address 0x0000000008003104
                0x0000000020000000                . = ALIGN (0x4)
                0x0000000020000000                _sdata = .
 *(.data)
 *(.data*)
 .data.SystemCoreClock
                0x0000000020000000        0x4 ./Core/Src/system_stm32f7xx.o
                0x0000000020000000                SystemCoreClock
 .data.uwTickFreq
                0x0000000020000004        0x1 ./Drivers/STM32F7xx_HAL_Driver/Src/stm32f7xx_hal.o
                0x0000000020000004                uwTickFreq
 *fill*         0x0000000020000005        0x3 
 .data.uwTickPrio
                0x0000000020000008        0x4 ./Drivers/STM32F7xx_HAL_Driver/Src/stm32f7xx_hal.o
                0x0000000020000008                uwTickPrio
 *(.RamFunc)
 *(.RamFunc*)
                0x000000002000000c                . = ALIGN (0x4)
                0x000000002000000c                _edata = .

.igot.plt       0x000000002000000c        0x0 load address 0x0000000008003110
 .igot.plt      0x000000002000000c        0x0 d:/programs/stm32cubeide/stm32cubeide_1.7.0/stm32cubeide/plugins/com.st.stm32cube.ide.mcu.externaltools.gnu-tools-for-stm32.9-2020-q2-update.win32_2.0.0.202105311346/tools/bin/../lib/gcc/arm-none-eabi/9.3.1/thumb/v7e-m+fp/hard/crtbegin.o
                0x000000002000000c                . = ALIGN (0x4)

.bss            0x000000002000000c      0x124 load address 0x0000000008003110
                0x000000002000000c                _sbss = .
                0x000000002000000c                __bss_start__ = _sbss
 *(.bss)
 .bss           0x000000002000000c       0x1c d:/programs/stm32cubeide/stm32cubeide_1.7.0/stm32cubeide/plugins/com.st.stm32cube.ide.mcu.externaltools.gnu-tools-for-stm32.9-2020-q2-update.win32_2.0.0.202105311346/tools/bin/../lib/gcc/arm-none-eabi/9.3.1/thumb/v7e-m+fp/hard/crtbegin.o
 *(.bss*)
 .bss.hts221    0x0000000020000028       0x2c ./Core/Src/lib_hts221.o
 .bss.hts221    0x0000000020000054        0x8 ./Core/Src/main.o
                0x0000000020000054                hts221
 *(COMMON)
 COMMON         0x000000002000005c       0xd0 ./Core/Src/main.o
                0x000000002000005c                hi2c1
                0x00000000200000a8                huart1
 COMMON         0x000000002000012c        0x4 ./Drivers/STM32F7xx_HAL_Driver/Src/stm32f7xx_hal.o
                0x000000002000012c                uwTick
                0x0000000020000130                . = ALIGN (0x4)
                0x0000000020000130                _ebss = .
                0x0000000020000130                __bss_end__ = _ebss

._user_heap_stack
                0x0000000020000130      0x600 load address 0x0000000008003110
                0x0000000020000130                . = ALIGN (0x8)
                [!provide]                        PROVIDE (end = .)
                0x0000000020000130                PROVIDE (_end = .)
                0x0000000020000330                . = (. + _Min_Heap_Size)
 *fill*         0x0000000020000130      0x200 
                0x0000000020000730                . = (. + _Min_Stack_Size)
 *fill*         0x0000000020000330      0x400 
                0x0000000020000730                . = ALIGN (0x8)

/DISCARD/
 libc.a(*)
 libm.a(*)
 libgcc.a(*)

.ARM.attributes
                0x0000000000000000       0x30
 *(.ARM.attributes)
 .ARM.attributes
                0x0000000000000000       0x1e d:/programs/stm32cubeide/stm32cubeide_1.7.0/stm32cubeide/plugins/com.st.stm32cube.ide.mcu.externaltools.gnu-tools-for-stm32.9-2020-q2-update.win32_2.0.0.202105311346/tools/bin/../lib/gcc/arm-none-eabi/9.3.1/thumb/v7e-m+fp/hard/crti.o
 .ARM.attributes
                0x000000000000001e       0x34 d:/programs/stm32cubeide/stm32cubeide_1.7.0/stm32cubeide/plugins/com.st.stm32cube.ide.mcu.externaltools.gnu-tools-for-stm32.9-2020-q2-update.win32_2.0.0.202105311346/tools/bin/../lib/gcc/arm-none-eabi/9.3.1/thumb/v7e-m+fp/hard/crtbegin.o
 .ARM.attributes
                0x0000000000000052       0x34 ./Core/Src/hts221.o
 .ARM.attributes
                0x0000000000000086       0x34 ./Core/Src/hts221_reg.o
 .ARM.attributes
                0x00000000000000ba       0x34 ./Core/Src/lib_hts221.o
 .ARM.attributes
                0x00000000000000ee       0x34 ./Core/Src/lib_serial.o
 .ARM.attributes
                0x0000000000000122       0x34 ./Core/Src/main.o
 .ARM.attributes
                0x0000000000000156       0x34 ./Core/Src/stm32f7xx_hal_msp.o
 .ARM.attributes
                0x000000000000018a       0x34 ./Core/Src/stm32f7xx_it.o
 .ARM.attributes
                0x00000000000001be       0x34 ./Core/Src/system_stm32f7xx.o
 .ARM.attributes
                0x00000000000001f2       0x21 ./Core/Startup/startup_stm32f746nghx.o
 .ARM.attributes
                0x0000000000000213       0x34 ./Drivers/STM32F7xx_HAL_Driver/Src/stm32f7xx_hal.o
 .ARM.attributes
                0x0000000000000247       0x34 ./Drivers/STM32F7xx_HAL_Driver/Src/stm32f7xx_hal_cortex.o
 .ARM.attributes
                0x000000000000027b       0x34 ./Drivers/STM32F7xx_HAL_Driver/Src/stm32f7xx_hal_gpio.o
 .ARM.attributes
                0x00000000000002af       0x34 ./Drivers/STM32F7xx_HAL_Driver/Src/stm32f7xx_hal_i2c.o
 .ARM.attributes
                0x00000000000002e3       0x34 ./Drivers/STM32F7xx_HAL_Driver/Src/stm32f7xx_hal_i2c_ex.o
 .ARM.attributes
                0x0000000000000317       0x34 ./Drivers/STM32F7xx_HAL_Driver/Src/stm32f7xx_hal_rcc.o
 .ARM.attributes
                0x000000000000034b       0x34 ./Drivers/STM32F7xx_HAL_Driver/Src/stm32f7xx_hal_rcc_ex.o
 .ARM.attributes
                0x000000000000037f       0x34 ./Drivers/STM32F7xx_HAL_Driver/Src/stm32f7xx_hal_uart.o
 .ARM.attributes
                0x00000000000003b3       0x34 d:/programs/stm32cubeide/stm32cubeide_1.7.0/stm32cubeide/plugins/com.st.stm32cube.ide.mcu.externaltools.gnu-tools-for-stm32.9-2020-q2-update.win32_2.0.0.202105311346/tools/bin/../lib/gcc/arm-none-eabi/9.3.1/../../../../arm-none-eabi/lib/thumb/v7e-m+fp/hard\libc_nano.a(lib_a-init.o)
 .ARM.attributes
                0x00000000000003e7       0x34 d:/programs/stm32cubeide/stm32cubeide_1.7.0/stm32cubeide/plugins/com.st.stm32cube.ide.mcu.externaltools.gnu-tools-for-stm32.9-2020-q2-update.win32_2.0.0.202105311346/tools/bin/../lib/gcc/arm-none-eabi/9.3.1/../../../../arm-none-eabi/lib/thumb/v7e-m+fp/hard\libc_nano.a(lib_a-memset.o)
 .ARM.attributes
                0x000000000000041b       0x1e d:/programs/stm32cubeide/stm32cubeide_1.7.0/stm32cubeide/plugins/com.st.stm32cube.ide.mcu.externaltools.gnu-tools-for-stm32.9-2020-q2-update.win32_2.0.0.202105311346/tools/bin/../lib/gcc/arm-none-eabi/9.3.1/thumb/v7e-m+fp/hard\libgcc.a(_aeabi_uldivmod.o)
 .ARM.attributes
                0x0000000000000439       0x34 d:/programs/stm32cubeide/stm32cubeide_1.7.0/stm32cubeide/plugins/com.st.stm32cube.ide.mcu.externaltools.gnu-tools-for-stm32.9-2020-q2-update.win32_2.0.0.202105311346/tools/bin/../lib/gcc/arm-none-eabi/9.3.1/thumb/v7e-m+fp/hard\libgcc.a(_udivmoddi4.o)
 .ARM.attributes
                0x000000000000046d       0x1e d:/programs/stm32cubeide/stm32cubeide_1.7.0/stm32cubeide/plugins/com.st.stm32cube.ide.mcu.externaltools.gnu-tools-for-stm32.9-2020-q2-update.win32_2.0.0.202105311346/tools/bin/../lib/gcc/arm-none-eabi/9.3.1/thumb/v7e-m+fp/hard\libgcc.a(_dvmd_tls.o)
 .ARM.attributes
                0x000000000000048b       0x1e d:/programs/stm32cubeide/stm32cubeide_1.7.0/stm32cubeide/plugins/com.st.stm32cube.ide.mcu.externaltools.gnu-tools-for-stm32.9-2020-q2-update.win32_2.0.0.202105311346/tools/bin/../lib/gcc/arm-none-eabi/9.3.1/thumb/v7e-m+fp/hard/crtn.o
OUTPUT(F746NG_HTS221_TRANSFER.elf elf32-littlearm)
LOAD linker stubs
LOAD d:/programs/stm32cubeide/stm32cubeide_1.7.0/stm32cubeide/plugins/com.st.stm32cube.ide.mcu.externaltools.gnu-tools-for-stm32.9-2020-q2-update.win32_2.0.0.202105311346/tools/bin/../lib/gcc/arm-none-eabi/9.3.1/../../../../arm-none-eabi/lib/thumb/v7e-m+fp/hard\libc.a
LOAD d:/programs/stm32cubeide/stm32cubeide_1.7.0/stm32cubeide/plugins/com.st.stm32cube.ide.mcu.externaltools.gnu-tools-for-stm32.9-2020-q2-update.win32_2.0.0.202105311346/tools/bin/../lib/gcc/arm-none-eabi/9.3.1/../../../../arm-none-eabi/lib/thumb/v7e-m+fp/hard\libm.a
LOAD d:/programs/stm32cubeide/stm32cubeide_1.7.0/stm32cubeide/plugins/com.st.stm32cube.ide.mcu.externaltools.gnu-tools-for-stm32.9-2020-q2-update.win32_2.0.0.202105311346/tools/bin/../lib/gcc/arm-none-eabi/9.3.1/thumb/v7e-m+fp/hard\libgcc.a

.comment        0x0000000000000000       0x53
 .comment       0x0000000000000000       0x53 ./Core/Src/hts221.o
                                         0x54 (size before relaxing)
 .comment       0x0000000000000053       0x54 ./Core/Src/hts221_reg.o
 .comment       0x0000000000000053       0x54 ./Core/Src/lib_hts221.o
 .comment       0x0000000000000053       0x54 ./Core/Src/lib_serial.o
 .comment       0x0000000000000053       0x54 ./Core/Src/main.o
 .comment       0x0000000000000053       0x54 ./Core/Src/stm32f7xx_hal_msp.o
 .comment       0x0000000000000053       0x54 ./Core/Src/stm32f7xx_it.o
 .comment       0x0000000000000053       0x54 ./Core/Src/system_stm32f7xx.o
 .comment       0x0000000000000053       0x54 ./Drivers/STM32F7xx_HAL_Driver/Src/stm32f7xx_hal.o
 .comment       0x0000000000000053       0x54 ./Drivers/STM32F7xx_HAL_Driver/Src/stm32f7xx_hal_cortex.o
 .comment       0x0000000000000053       0x54 ./Drivers/STM32F7xx_HAL_Driver/Src/stm32f7xx_hal_gpio.o
 .comment       0x0000000000000053       0x54 ./Drivers/STM32F7xx_HAL_Driver/Src/stm32f7xx_hal_i2c.o
 .comment       0x0000000000000053       0x54 ./Drivers/STM32F7xx_HAL_Driver/Src/stm32f7xx_hal_i2c_ex.o
 .comment       0x0000000000000053       0x54 ./Drivers/STM32F7xx_HAL_Driver/Src/stm32f7xx_hal_rcc.o
 .comment       0x0000000000000053       0x54 ./Drivers/STM32F7xx_HAL_Driver/Src/stm32f7xx_hal_rcc_ex.o
 .comment       0x0000000000000053       0x54 ./Drivers/STM32F7xx_HAL_Driver/Src/stm32f7xx_hal_uart.o

.debug_frame    0x0000000000000000       0xac
 .debug_frame   0x0000000000000000       0x2c d:/programs/stm32cubeide/stm32cubeide_1.7.0/stm32cubeide/plugins/com.st.stm32cube.ide.mcu.externaltools.gnu-tools-for-stm32.9-2020-q2-update.win32_2.0.0.202105311346/tools/bin/../lib/gcc/arm-none-eabi/9.3.1/../../../../arm-none-eabi/lib/thumb/v7e-m+fp/hard\libc_nano.a(lib_a-init.o)
 .debug_frame   0x000000000000002c       0x20 d:/programs/stm32cubeide/stm32cubeide_1.7.0/stm32cubeide/plugins/com.st.stm32cube.ide.mcu.externaltools.gnu-tools-for-stm32.9-2020-q2-update.win32_2.0.0.202105311346/tools/bin/../lib/gcc/arm-none-eabi/9.3.1/../../../../arm-none-eabi/lib/thumb/v7e-m+fp/hard\libc_nano.a(lib_a-memset.o)
 .debug_frame   0x000000000000004c       0x2c d:/programs/stm32cubeide/stm32cubeide_1.7.0/stm32cubeide/plugins/com.st.stm32cube.ide.mcu.externaltools.gnu-tools-for-stm32.9-2020-q2-update.win32_2.0.0.202105311346/tools/bin/../lib/gcc/arm-none-eabi/9.3.1/thumb/v7e-m+fp/hard\libgcc.a(_aeabi_uldivmod.o)
 .debug_frame   0x0000000000000078       0x34 d:/programs/stm32cubeide/stm32cubeide_1.7.0/stm32cubeide/plugins/com.st.stm32cube.ide.mcu.externaltools.gnu-tools-for-stm32.9-2020-q2-update.win32_2.0.0.202105311346/tools/bin/../lib/gcc/arm-none-eabi/9.3.1/thumb/v7e-m+fp/hard\libgcc.a(_udivmoddi4.o)
